D/MSimSignalClusterView( 1242): wifi: VISIBLE sig=2130837834 act=2130837827
D/MSimSignalClusterView( 1242): 1 sub1Visible = true  sub2Visible = false  mMobileVisible = false  subscription = 1
D/MSimSignalClusterView( 1242): wifi: VISIBLE sig=2130837834 act=2130837827
D/MSimSignalClusterView( 1242): 1 sub1Visible = true  sub2Visible = false  mMobileVisible = false  subscription = 1
D/MSimSignalClusterView( 1242): wifi: VISIBLE sig=2130837834 act=2130837827
D/MSimSignalClusterView( 1242): 1 sub1Visible = true  sub2Visible = false  mMobileVisible = false  subscription = 1
D/MSimSignalClusterView( 1242): wifi: VISIBLE sig=2130837834 act=2130837827
D/MSimSignalClusterView( 1242): 1 sub1Visible = true  sub2Visible = false  mMobileVisible = false  subscription = 1
D/MSimSignalClusterView( 1242): wifi: VISIBLE sig=2130837834 act=2130837827
D/MSimSignalClusterView( 1242): 1 sub1Visible = true  sub2Visible = false  mMobileVisible = false  subscription = 1
D/MSimSignalClusterView( 1242): wifi: VISIBLE sig=2130837834 act=2130837827
D/MSimSignalClusterView( 1242): 1 sub1Visible = true  sub2Visible = false  mMobileVisible = false  subscription = 1
D/MSimSignalClusterView( 1242): wifi: VISIBLE sig=2130837834 act=2130837827
D/MSimSignalClusterView( 1242): 1 sub1Visible = true  sub2Visible = false  mMobileVisible = false  subscription = 1
I/AmSmartShowFuncsImpl( 1143):  shouldUseLocalConfiguration for app ProcessRecord{421e2558 1406:com.baidu.input/u0a90}
I/AmSmartShowFuncsImpl( 1143):  shouldUseLocalConfiguration for app ProcessRecord{421e2558 1406:com.baidu.input/u0a90}
W/SmartShowManagerService( 1143): can not find stack id for pid: 25424
D/StatusBar.MSimNetworkController( 1242): refreshViews subscription =1mMSimDataConnected =false
D/StatusBar.MSimNetworkController( 1242): refreshViews mMSimDataActivity =0
D/StatusBar.MSimNetworkController( 1242): refreshViews: Data not connected!! Set no data type icon / Roaming for subscription: 1
D/StatusBar.MSimNetworkController( 1242): refreshViews connected={ wifi } level=1 mMSimcombinedSignalIconId=0x7f02014a/com.android.systemui:drawable/stat_sys_wifi_signal_4_fully mMSimcombinedActivityIconId=0x7f020142 mAirplaneMode=false mMSimDataActivity=0 mMSimPhoneSignalIconId=0x7f02013b mMSimDataDirectionIconId=0x0 mMSimDataSignalIconId=0x7f02013b mMSimDataTypeIconId=0x0 mNoMSimIconId=0x7f020123 mWifiIconId=0x7f02014a mBluetoothTetherIconId=0x1080664
D/MSimSignalClusterView( 1242): wifi: VISIBLE sig=2130837834 act=2130837826
D/MSimSignalClusterView( 1242): 1 sub1Visible = true  sub2Visible = false  mMobileVisible = false  subscription = 1
D/MSimSignalClusterView( 1242): wifi: VISIBLE sig=2130837834 act=2130837826
D/MSimSignalClusterView( 1242): 1 sub1Visible = true  sub2Visible = false  mMobileVisible = false  subscription = 1
D/MSimSignalClusterView( 1242): wifi: VISIBLE sig=2130837834 act=2130837826
D/MSimSignalClusterView( 1242): 1 sub1Visible = true  sub2Visible = false  mMobileVisible = false  subscription = 1
D/MSimSignalClusterView( 1242): wifi: VISIBLE sig=2130837834 act=2130837826
D/MSimSignalClusterView( 1242): 1 sub1Visible = true  sub2Visible = false  mMobileVisible = false  subscription = 1
D/MSimSignalClusterView( 1242): wifi: VISIBLE sig=2130837834 act=2130837826
D/MSimSignalClusterView( 1242): 1 sub1Visible = true  sub2Visible = false  mMobileVisible = false  subscription = 1
D/MSimSignalClusterView( 1242): wifi: VISIBLE sig=2130837834 act=2130837826
D/MSimSignalClusterView( 1242): 1 sub1Visible = true  sub2Visible = false  mMobileVisible = false  subscription = 1
D/MSimSignalClusterView( 1242): wifi: VISIBLE sig=2130837834 act=2130837826
D/MSimSignalClusterView( 1242): 1 sub1Visible = true  sub2Visible = false  mMobileVisible = false  subscription = 1
D/MSimSignalClusterView( 1242): wifi: VISIBLE sig=2130837834 act=2130837826
D/MSimSignalClusterView( 1242): 1 sub1Visible = true  sub2Visible = false  mMobileVisible = false  subscription = 1
V/BreathinglightService( 1143): batteryConnectionReceiver plugged: 2 level:48
I/StatusBar.BatteryController( 1242): level=48 present=true plugType=2 health=2 status=2
I/StatusBar.BatteryController( 1242): level=48 present=true plugType=2 health=2 status=2
V/BreathinglightService( 1143): batteryConnectionReceiver plugged: 2 level:48
E/NBBattery( 1242): doBatteryRunnable isPluggedIn()true
I/StatusBar.BatteryController( 1242): level=48 present=true plugType=2 health=2 status=2
I/StatusBar.BatteryController( 1242): level=48 present=true plugType=2 health=2 status=2
E/NBBattery( 1242): doBatteryRunnable isPluggedIn()true
I/AmSmartShowFuncsImpl( 1143):  shouldUseLocalConfiguration for app ProcessRecord{421e2558 1406:com.baidu.input/u0a90}
I/AmSmartShowFuncsImpl( 1143):  shouldUseLocalConfiguration for app ProcessRecord{421e2558 1406:com.baidu.input/u0a90}
W/SmartShowManagerService( 1143): can not find stack id for pid: 25424
D/wpa_supplicant(25900): RX ctrl_iface - hexdump(len=11): 53 49 47 4e 41 4c 5f 50 4f 4c 4c
D/wpa_supplicant(25900): wlan0: Control interface command 'SIGNAL_POLL'
D/wpa_supplicant(25900): nl80211: survey data missing!
D/StatusBar.MSimNetworkController( 1242): refreshViews subscription =1mMSimDataConnected =false
D/StatusBar.MSimNetworkController( 1242): refreshViews mMSimDataActivity =0
D/StatusBar.MSimNetworkController( 1242): refreshViews: Data not connected!! Set no data type icon / Roaming for subscription: 1
D/StatusBar.MSimNetworkController( 1242): refreshViews connected={ wifi } level=1 mMSimcombinedSignalIconId=0x7f02014a/com.android.systemui:drawable/stat_sys_wifi_signal_4_fully mMSimcombinedActivityIconId=0x7f020143 mAirplaneMode=false mMSimDataActivity=0 mMSimPhoneSignalIconId=0x7f02013b mMSimDataDirectionIconId=0x0 mMSimDataSignalIconId=0x7f02013b mMSimDataTypeIconId=0x0 mNoMSimIconId=0x7f020123 mWifiIconId=0x7f02014a mBluetoothTetherIconId=0x1080664
D/MSimSignalClusterView( 1242): wifi: VISIBLE sig=2130837834 act=2130837827
D/MSimSignalClusterView( 1242): 1 sub1Visible = true  sub2Visible = false  mMobileVisible = false  subscription = 1
D/MSimSignalClusterView( 1242): wifi: VISIBLE sig=2130837834 act=2130837827
D/MSimSignalClusterView( 1242): 1 sub1Visible = true  sub2Visible = false  mMobileVisible = false  subscription = 1
D/MSimSignalClusterView( 1242): wifi: VISIBLE sig=2130837834 act=2130837827
D/MSimSignalClusterView( 1242): 1 sub1Visible = true  sub2Visible = false  mMobileVisible = false  subscription = 1
D/MSimSignalClusterView( 1242): wifi: VISIBLE sig=2130837834 act=2130837827
D/MSimSignalClusterView( 1242): 1 sub1Visible = true  sub2Visible = false  mMobileVisible = false  subscription = 1
D/MSimSignalClusterView( 1242): wifi: VISIBLE sig=2130837834 act=2130837827
D/MSimSignalClusterView( 1242): 1 sub1Visible = true  sub2Visible = false  mMobileVisible = false  subscription = 1
D/MSimSignalClusterView( 1242): wifi: VISIBLE sig=2130837834 act=2130837827
D/MSimSignalClusterView( 1242): 1 sub1Visible = true  sub2Visible = false  mMobileVisible = false  subscription = 1
D/MSimSignalClusterView( 1242): wifi: VISIBLE sig=2130837834 act=2130837827
D/MSimSignalClusterView( 1242): 1 sub1Visible = true  sub2Visible = false  mMobileVisible = false  subscription = 1
D/MSimSignalClusterView( 1242): wifi: VISIBLE sig=2130837834 act=2130837827
D/MSimSignalClusterView( 1242): 1 sub1Visible = true  sub2Visible = false  mMobileVisible = false  subscription = 1
I/AmSmartShowFuncsImpl( 1143):  shouldUseLocalConfiguration for app ProcessRecord{421e2558 1406:com.baidu.input/u0a90}
I/AmSmartShowFuncsImpl( 1143):  shouldUseLocalConfiguration for app ProcessRecord{421e2558 1406:com.baidu.input/u0a90}
W/SmartShowManagerService( 1143): can not find stack id for pid: 25424
D/StatusBar.MSimNetworkController( 1242): refreshViews subscription =1mMSimDataConnected =false
D/StatusBar.MSimNetworkController( 1242): refreshViews mMSimDataActivity =0
D/StatusBar.MSimNetworkController( 1242): refreshViews: Data not connected!! Set no data type icon / Roaming for subscription: 1
D/StatusBar.MSimNetworkController( 1242): refreshViews connected={ wifi } level=1 mMSimcombinedSignalIconId=0x7f02014a/com.android.systemui:drawable/stat_sys_wifi_signal_4_fully mMSimcombinedActivityIconId=0x7f020142 mAirplaneMode=false mMSimDataActivity=0 mMSimPhoneSignalIconId=0x7f02013b mMSimDataDirectionIconId=0x0 mMSimDataSignalIconId=0x7f02013b mMSimDataTypeIconId=0x0 mNoMSimIconId=0x7f020123 mWifiIconId=0x7f02014a mBluetoothTetherIconId=0x1080664
D/MSimSignalClusterView( 1242): wifi: VISIBLE sig=2130837834 act=2130837826
D/MSimSignalClusterView( 1242): 1 sub1Visible = true  sub2Visible = false  mMobileVisible = false  subscription = 1
D/MSimSignalClusterView( 1242): wifi: VISIBLE sig=2130837834 act=2130837826
D/MSimSignalClusterView( 1242): 1 sub1Visible = true  sub2Visible = false  mMobileVisible = false  subscription = 1
D/MSimSignalClusterView( 1242): wifi: VISIBLE sig=2130837834 act=2130837826
D/MSimSignalClusterView( 1242): 1 sub1Visible = true  sub2Visible = false  mMobileVisible = false  subscription = 1
D/MSimSignalClusterView( 1242): wifi: VISIBLE sig=2130837834 act=2130837826
D/MSimSignalClusterView( 1242): 1 sub1Visible = true  sub2Visible = false  mMobileVisible = false  subscription = 1
D/MSimSignalClusterView( 1242): wifi: VISIBLE sig=2130837834 act=2130837826
D/MSimSignalClusterView( 1242): 1 sub1Visible = true  sub2Visible = false  mMobileVisible = false  subscription = 1
D/MSimSignalClusterView( 1242): wifi: VISIBLE sig=2130837834 act=2130837826
D/MSimSignalClusterView( 1242): 1 sub1Visible = true  sub2Visible = false  mMobileVisible = false  subscription = 1
D/MSimSignalClusterView( 1242): wifi: VISIBLE sig=2130837834 act=2130837826
D/MSimSignalClusterView( 1242): 1 sub1Visible = true  sub2Visible = false  mMobileVisible = false  subscription = 1
D/MSimSignalClusterView( 1242): wifi: VISIBLE sig=2130837834 act=2130837826
D/MSimSignalClusterView( 1242): 1 sub1Visible = true  sub2Visible = false  mMobileVisible = false  subscription = 1
D/wpa_supplicant(25900): RX ctrl_iface - hexdump(len=11): 53 49 47 4e 41 4c 5f 50 4f 4c 4c
D/wpa_supplicant(25900): wlan0: Control interface command 'SIGNAL_POLL'
D/wpa_supplicant(25900): nl80211: survey data missing!
I/PowerManager(15274):  acquire wake lock at time 2015-07-23 11:35:46 wakeLock  :flags = 1 tag= com.tencent.portfolio.service.stockservice count = 0 refcounted= false mHeld= true
I/AlarmManager( 1143): [timer]  remove: 
I/AlarmManager( 1143): [timer]   --operation = PendingIntent{41f25630: PendingIntentRecord{424e32d8 com.tencent.portfolio broadcastIntent}}
I/AlarmManager( 1143): [timer]   --target package = com.tencent.portfolio
V/AlarmManager( 1143): remove(operation) changed bounds; rebatching
V/AlarmManager( 1143): Adding Alarm{430942b8 type 0 fm.qingting.qtradio} to Batch{43094080 num=2 start=78714255 end=78736755}
V/AlarmManager( 1143):     => now Batch{43094080 num=2 start=78714255 end=78736755}
V/AlarmManager( 1143): Adding Alarm{439b57c0 type 0 com.Qunar} to Batch{43094080 num=3 start=78714255 end=78736755}
V/AlarmManager( 1143):     => now Batch{43094080 num=3 start=78720356 end=78729518}
V/AlarmManager( 1143): Adding Alarm{439b6028 type 0 com.Qunar} to Batch{43094080 num=4 start=78720356 end=78729518}
V/AlarmManager( 1143):     => now Batch{43094080 num=4 start=78722357 end=78729518}
V/AlarmManager( 1143): Adding Alarm{439b6890 type 0 com.tencent.mobileqq} to Batch{43094230 num=2 start=78746237 end=80621237}
V/AlarmManager( 1143):     => now Batch{43094230 num=2 start=78764932 end=78764932}
V/AlarmManager( 1143): Adding Alarm{4306ae20 type 0 com.baidu.BaiduMap} to Batch{4306ade0 num=2 start=78778277 end=78778277}
V/AlarmManager( 1143):     => now Batch{4306ade0 num=2 start=78778277 end=78778277}
V/AlarmManager( 1143): Adding Alarm{4306b7c0 type 0 com.tencent.qqpimsecure} to Batch{4306b738 num=2 start=78814389 end=78894076}
V/AlarmManager( 1143):     => now Batch{4306b738 num=2 start=78839168 end=78839168}
V/AlarmManager( 1143): Adding Alarm{4306c198 type 2 com.sina.weibo} to Batch{4306c110 num=2 start=78840000 end=78975000}
V/AlarmManager( 1143):     => now Batch{4306c110 num=2 start=78878942 end=78878942}
V/AlarmManager( 1143): Adding Alarm{438d7968 type 0 com.shuame.mobile} to Batch{4306c110 num=3 start=78878942 end=78878942}
V/AlarmManager( 1143):     => now Batch{4306c110 num=3 start=78878942 end=78878942}
V/AlarmManager( 1143): Adding Alarm{438d8510 type 2 com.tencent.pb} to Batch{438d8488 num=2 start=78953050 end=79178050}
V/AlarmManager( 1143):     => now Batch{438d8488 num=2 start=78953291 end=78953291}
V/AlarmManager( 1143): Adding Alarm{438d8db0 type 1 com.tencent.pb} to Batch{438d8488 num=3 start=78953291 end=78953291}
V/AlarmManager( 1143):     => now Batch{438d8488 num=3 start=78953291 end=78953291}
V/AlarmManager( 1143): Adding Alarm{42c7ec50 type 3 com.tencent.android.qqdownloader} to Batch{42c7ebc8 num=2 start=79224404 end=81609404}
V/AlarmManager( 1143):     => now Batch{42c7ebc8 num=2 start=79224442 end=79224442}
V/AlarmManager( 1143): Adding Alarm{42c7f698 type 0 com.tencent.mm} to Batch{42c7f610 num=2 start=79226227 end=80576227}
V/AlarmManager( 1143):     => now Batch{42c7f610 num=2 start=79253042 end=79928042}
V/AlarmManager( 1143): Adding Alarm{42c7ff38 type 0 com.android.providers.calendar} to Batch{42c7f610 num=3 start=79253042 end=79928042}
V/AlarmManager( 1143):     => now Batch{42c7f610 num=3 start=79406832 end=79406832}
V/AlarmManager( 1143): Adding Alarm{4476e410 type 0 com.tencent.android.qqdownloader} to Batch{4476e388 num=2 start=79877787 end=79877787}
V/AlarmManager( 1143):     => now Batch{4476e388 num=2 start=79877787 end=79877787}
V/AlarmManager( 1143): Adding Alarm{4476ed80 type 0 com.tencent.android.qqdownloader} to Batch{4476e388 num=3 start=79877787 end=79877787}
V/AlarmManager( 1143):     => now Batch{4476e388 num=3 start=79877787 end=79877787}
V/AlarmManager( 1143): Adding Alarm{4476f8a0 type 2 android} to Batch{4476f818 num=2 start=80207225 end=81557225}
V/AlarmManager( 1143):     => now Batch{4476f818 num=2 start=81159930 end=81159930}
V/AlarmManager( 1143): Adding Alarm{446a3020 type 0 cn.nubia.encryptassistant} to Batch{4476f818 num=3 start=81159930 end=81159930}
V/AlarmManager( 1143):     => now Batch{4476f818 num=3 start=81159930 end=81159930}
V/AlarmManager( 1143): Adding Alarm{446a3940 type 1 com.wandoujia.phoenix2} to Batch{4476f818 num=4 start=81159930 end=81159930}
V/AlarmManager( 1143):     => now Batch{4476f818 num=4 start=81159930 end=81159930}
V/AlarmManager( 1143): Adding Alarm{446a43e8 type 0 com.tencent.android.qqdownloader} to Batch{446a4360 num=2 start=82257787 end=82257787}
V/AlarmManager( 1143):     => now Batch{446a4360 num=2 start=82257787 end=82257787}
V/AlarmManager( 1143): Adding Alarm{44741c80 type 0 com.tencent.android.qqdownloader} to Batch{446a4360 num=3 start=82257787 end=82257787}
V/AlarmManager( 1143):     => now Batch{446a4360 num=3 start=82257787 end=82257787}
V/AlarmManager( 1143): Adding Alarm{44742a28 type 0 com.qualcomm.services.location} to Batch{447429a0 num=2 start=86431339 end=108031339}
V/AlarmManager( 1143):     => now Batch{447429a0 num=2 start=86467114 end=92286345}
V/AlarmManager( 1143): Adding Alarm{44743380 type 0 fm.qingting.qtradio} to Batch{447429a0 num=3 start=86467114 end=92286345}
V/AlarmManager( 1143):     => now Batch{447429a0 num=3 start=86522138 end=92286345}
V/AlarmManager( 1143): Adding Alarm{446f9fe8 type 0 com.tencent.mobileqq} to Batch{447429a0 num=4 start=86522138 end=92286345}
V/AlarmManager( 1143):     => now Batch{447429a0 num=4 start=87361787 end=87361787}
V/AlarmManager( 1143): Adding Alarm{446fadd8 type 1 com.wandoujia.phoenix2} to Batch{446fad50 num=2 start=105361786 end=125352021}
V/AlarmManager( 1143):     => now Batch{446fad50 num=2 start=109281108 end=109281108}
V/AlarmManager( 1143): Adding Alarm{4559ca50 type 1 com.tencent.qqpimsecure} to Batch{4559c9c8 num=2 start=134782704 end=199582704}
V/AlarmManager( 1143):     => now Batch{4559c9c8 num=2 start=155897617 end=155897617}
V/AlarmManager( 1143): Adding Alarm{4559d3f0 type 0 com.tencent.android.qqdownloader} to Batch{4559d368 num=2 start=160986897 end=222695965}
V/AlarmManager( 1143):     => now Batch{4559d368 num=2 start=162245787 end=162245787}
V/AlarmManager( 1143): Adding Alarm{4559dd60 type 0 com.tencent.android.qqdownloader} to Batch{4559d368 num=3 start=162245787 end=162245787}
V/AlarmManager( 1143):     => now Batch{4559d368 num=3 start=162245787 end=162245787}
V/AlarmManager( 1143): Adding Alarm{4395b2a0 type 0 com.wandoujia.phoenix2} to Batch{4395b218 num=2 start=185749311 end=250549311}
V/AlarmManager( 1143):     => now Batch{4395b218 num=2 start=194111360 end=194111360}
V/AlarmManager( 1143): Adding Alarm{4395bd48 type 1 com.tencent.qqpimsecure} to Batch{4395bcc0 num=2 start=934844959 end=1576947574}
V/AlarmManager( 1143):     => now Batch{4395bcc0 num=2 start=1373974182 end=1576947574}
I/AlarmManager( 1143): [timer]  setRepeating: 
I/AlarmManager( 1143): [timer]   !!!take care!!!, it is a wakeup timer(type=0/2).
I/AlarmManager( 1143): [timer]   --type = 0
I/AlarmManager( 1143): [timer]   --current time = 2015-07-23 11:35:46
I/AlarmManager( 1143): [timer]   --trigger time = 2015-07-23 11:40:16
I/AlarmManager( 1143): [timer]   --trigger after 269999ms from now.
I/AlarmManager( 1143): [timer]   --interval = 270000
I/AlarmManager( 1143): [timer]   --operation = PendingIntent{41f1f7d0: PendingIntentRecord{424e32d8 com.tencent.portfolio broadcastIntent}}
I/AlarmManager( 1143): [timer]   --target package = com.tencent.portfolio
V/AlarmManager( 1143): set(PendingIntent{41f1f7d0: PendingIntentRecord{424e32d8 com.tencent.portfolio broadcastIntent}}) : type=0 triggerAtTime=1437622816381 win=-1 tElapsed=78978168 maxElapsed=79180668 interval=270000 standalone=false
I/PowerManager(15274):  release wake lock at time 2015-07-23 11:35:46 wakeLock  :flags = 1 tag= com.tencent.portfolio.service.stockservice count = 0 refcounted= false mHeld= false
I/AmSmartShowFuncsImpl( 1143):  shouldUseLocalConfiguration for app ProcessRecord{421e2558 1406:com.baidu.input/u0a90}
I/AmSmartShowFuncsImpl( 1143):  shouldUseLocalConfiguration for app ProcessRecord{421e2558 1406:com.baidu.input/u0a90}
W/SmartShowManagerService( 1143): can not find stack id for pid: 25424
I/AmSmartShowFuncsImpl( 1143):  shouldUseLocalConfiguration for app ProcessRecord{421e2558 1406:com.baidu.input/u0a90}
I/AmSmartShowFuncsImpl( 1143):  shouldUseLocalConfiguration for app ProcessRecord{421e2558 1406:com.baidu.input/u0a90}
W/SmartShowManagerService( 1143): can not find stack id for pid: 25424
D/wpa_supplicant(25900): RX ctrl_iface - hexdump(len=11): 53 49 47 4e 41 4c 5f 50 4f 4c 4c
D/wpa_supplicant(25900): wlan0: Control interface command 'SIGNAL_POLL'
D/wpa_supplicant(25900): nl80211: survey data missing!
I/AmSmartShowFuncsImpl( 1143):  shouldUseLocalConfiguration for app ProcessRecord{421e2558 1406:com.baidu.input/u0a90}
I/AmSmartShowFuncsImpl( 1143):  shouldUseLocalConfiguration for app ProcessRecord{421e2558 1406:com.baidu.input/u0a90}
W/SmartShowManagerService( 1143): can not find stack id for pid: 25424
D/wpa_supplicant(25900): RX ctrl_iface - hexdump(len=11): 53 49 47 4e 41 4c 5f 50 4f 4c 4c
D/wpa_supplicant(25900): wlan0: Control interface command 'SIGNAL_POLL'
D/wpa_supplicant(25900): nl80211: survey data missing!
D/MSF.C.NetConnTag( 3155): [E]netRecv ssoSeq:-1684012675 uin:*7650 cmd:-316037937 -1684012356
D/Q.msg.TroopMsgProxy( 5330): [E]insertToList MessageRecord=friendUin:9371senderuin:3331,istroop:1,msgType:-1000,time:1437622551,shmsgseq:241720
D/StatusBar.MSimNetworkController( 1242): refreshViews subscription =1mMSimDataConnected =false
D/StatusBar.MSimNetworkController( 1242): refreshViews mMSimDataActivity =0
D/StatusBar.MSimNetworkController( 1242): refreshViews: Data not connected!! Set no data type icon / Roaming for subscription: 1
D/StatusBar.MSimNetworkController( 1242): refreshViews connected={ wifi } level=1 mMSimcombinedSignalIconId=0x7f02014a/com.android.systemui:drawable/stat_sys_wifi_signal_4_fully mMSimcombinedActivityIconId=0x7f020143 mAirplaneMode=false mMSimDataActivity=0 mMSimPhoneSignalIconId=0x7f02013b mMSimDataDirectionIconId=0x0 mMSimDataSignalIconId=0x7f02013b mMSimDataTypeIconId=0x0 mNoMSimIconId=0x7f020123 mWifiIconId=0x7f02014a mBluetoothTetherIconId=0x1080664
D/MSimSignalClusterView( 1242): wifi: VISIBLE sig=2130837834 act=2130837827
D/MSimSignalClusterView( 1242): 1 sub1Visible = true  sub2Visible = false  mMobileVisible = false  subscription = 1
D/MSimSignalClusterView( 1242): wifi: VISIBLE sig=2130837834 act=2130837827
D/MSimSignalClusterView( 1242): 1 sub1Visible = true  sub2Visible = false  mMobileVisible = false  subscription = 1
D/MSimSignalClusterView( 1242): wifi: VISIBLE sig=2130837834 act=2130837827
D/MSimSignalClusterView( 1242): 1 sub1Visible = true  sub2Visible = false  mMobileVisible = false  subscription = 1
D/MSimSignalClusterView( 1242): wifi: VISIBLE sig=2130837834 act=2130837827
D/MSimSignalClusterView( 1242): 1 sub1Visible = true  sub2Visible = false  mMobileVisible = false  subscription = 1
D/MSimSignalClusterView( 1242): wifi: VISIBLE sig=2130837834 act=2130837827
D/MSimSignalClusterView( 1242): 1 sub1Visible = true  sub2Visible = false  mMobileVisible = false  subscription = 1
D/MSimSignalClusterView( 1242): wifi: VISIBLE sig=2130837834 act=2130837827
D/MSimSignalClusterView( 1242): 1 sub1Visible = true  sub2Visible = false  mMobileVisible = false  subscription = 1
D/MSimSignalClusterView( 1242): wifi: VISIBLE sig=2130837834 act=2130837827
D/MSimSignalClusterView( 1242): 1 sub1Visible = true  sub2Visible = false  mMobileVisible = false  subscription = 1
D/MSimSignalClusterView( 1242): wifi: VISIBLE sig=2130837834 act=2130837827
D/MSimSignalClusterView( 1242): 1 sub1Visible = true  sub2Visible = false  mMobileVisible = false  subscription = 1
I/AmSmartShowFuncsImpl( 1143):  shouldUseLocalConfiguration for app ProcessRecord{421e2558 1406:com.baidu.input/u0a90}
I/AmSmartShowFuncsImpl( 1143):  shouldUseLocalConfiguration for app ProcessRecord{421e2558 1406:com.baidu.input/u0a90}
W/SmartShowManagerService( 1143): can not find stack id for pid: 25424
D/StatusBar.MSimNetworkController( 1242): refreshViews subscription =1mMSimDataConnected =false
D/StatusBar.MSimNetworkController( 1242): refreshViews mMSimDataActivity =0
D/StatusBar.MSimNetworkController( 1242): refreshViews: Data not connected!! Set no data type icon / Roaming for subscription: 1
D/StatusBar.MSimNetworkController( 1242): refreshViews connected={ wifi } level=1 mMSimcombinedSignalIconId=0x7f02014a/com.android.systemui:drawable/stat_sys_wifi_signal_4_fully mMSimcombinedActivityIconId=0x7f020142 mAirplaneMode=false mMSimDataActivity=0 mMSimPhoneSignalIconId=0x7f02013b mMSimDataDirectionIconId=0x0 mMSimDataSignalIconId=0x7f02013b mMSimDataTypeIconId=0x0 mNoMSimIconId=0x7f020123 mWifiIconId=0x7f02014a mBluetoothTetherIconId=0x1080664
D/MSimSignalClusterView( 1242): wifi: VISIBLE sig=2130837834 act=2130837826
D/MSimSignalClusterView( 1242): 1 sub1Visible = true  sub2Visible = false  mMobileVisible = false  subscription = 1
D/MSimSignalClusterView( 1242): wifi: VISIBLE sig=2130837834 act=2130837826
D/MSimSignalClusterView( 1242): 1 sub1Visible = true  sub2Visible = false  mMobileVisible = false  subscription = 1
D/MSimSignalClusterView( 1242): wifi: VISIBLE sig=2130837834 act=2130837826
D/MSimSignalClusterView( 1242): 1 sub1Visible = true  sub2Visible = false  mMobileVisible = false  subscription = 1
D/MSimSignalClusterView( 1242): wifi: VISIBLE sig=2130837834 act=2130837826
D/MSimSignalClusterView( 1242): 1 sub1Visible = true  sub2Visible = false  mMobileVisible = false  subscription = 1
D/MSimSignalClusterView( 1242): wifi: VISIBLE sig=2130837834 act=2130837826
D/MSimSignalClusterView( 1242): 1 sub1Visible = true  sub2Visible = false  mMobileVisible = false  subscription = 1
D/MSimSignalClusterView( 1242): wifi: VISIBLE sig=2130837834 act=2130837826
D/MSimSignalClusterView( 1242): 1 sub1Visible = true  sub2Visible = false  mMobileVisible = false  subscription = 1
D/MSimSignalClusterView( 1242): wifi: VISIBLE sig=2130837834 act=2130837826
D/MSimSignalClusterView( 1242): 1 sub1Visible = true  sub2Visible = false  mMobileVisible = false  subscription = 1
D/MSimSignalClusterView( 1242): wifi: VISIBLE sig=2130837834 act=2130837826
D/MSimSignalClusterView( 1242): 1 sub1Visible = true  sub2Visible = false  mMobileVisible = false  subscription = 1
D/MSF.C.NetConnTag( 3155): [E]netRecv ssoSeq:-1684000953 uin:*7650 cmd:-316037937 -1684000578
D/Q.msg.TroopMsgProxy( 5330): [E]insertToList MessageRecord=friendUin:8272senderuin:4758,istroop:1,msgType:-1000,time:1437622554,shmsgseq:221165
I/AmSmartShowFuncsImpl( 1143):  shouldUseLocalConfiguration for app ProcessRecord{421e2558 1406:com.baidu.input/u0a90}
I/AmSmartShowFuncsImpl( 1143):  shouldUseLocalConfiguration for app ProcessRecord{421e2558 1406:com.baidu.input/u0a90}
W/SmartShowManagerService( 1143): can not find stack id for pid: 25424
D/wpa_supplicant(25900): RX ctrl_iface - hexdump(len=11): 53 49 47 4e 41 4c 5f 50 4f 4c 4c
D/wpa_supplicant(25900): wlan0: Control interface command 'SIGNAL_POLL'
D/wpa_supplicant(25900): nl80211: survey data missing!
D/StatusBar.MSimNetworkController( 1242): refreshViews subscription =1mMSimDataConnected =false
D/StatusBar.MSimNetworkController( 1242): refreshViews mMSimDataActivity =0
D/StatusBar.MSimNetworkController( 1242): refreshViews: Data not connected!! Set no data type icon / Roaming for subscription: 1
D/StatusBar.MSimNetworkController( 1242): refreshViews connected={ wifi } level=1 mMSimcombinedSignalIconId=0x7f02014a/com.android.systemui:drawable/stat_sys_wifi_signal_4_fully mMSimcombinedActivityIconId=0x7f020143 mAirplaneMode=false mMSimDataActivity=0 mMSimPhoneSignalIconId=0x7f02013b mMSimDataDirectionIconId=0x0 mMSimDataSignalIconId=0x7f02013b mMSimDataTypeIconId=0x0 mNoMSimIconId=0x7f020123 mWifiIconId=0x7f02014a mBluetoothTetherIconId=0x1080664
D/MSimSignalClusterView( 1242): wifi: VISIBLE sig=2130837834 act=2130837827
D/MSimSignalClusterView( 1242): 1 sub1Visible = true  sub2Visible = false  mMobileVisible = false  subscription = 1
D/MSimSignalClusterView( 1242): wifi: VISIBLE sig=2130837834 act=2130837827
D/MSimSignalClusterView( 1242): 1 sub1Visible = true  sub2Visible = false  mMobileVisible = false  subscription = 1
D/MSimSignalClusterView( 1242): wifi: VISIBLE sig=2130837834 act=2130837827
D/MSimSignalClusterView( 1242): 1 sub1Visible = true  sub2Visible = false  mMobileVisible = false  subscription = 1
D/MSimSignalClusterView( 1242): wifi: VISIBLE sig=2130837834 act=2130837827
D/MSimSignalClusterView( 1242): 1 sub1Visible = true  sub2Visible = false  mMobileVisible = false  subscription = 1
D/MSimSignalClusterView( 1242): wifi: VISIBLE sig=2130837834 act=2130837827
D/MSimSignalClusterView( 1242): 1 sub1Visible = true  sub2Visible = false  mMobileVisible = false  subscription = 1
D/MSimSignalClusterView( 1242): wifi: VISIBLE sig=2130837834 act=2130837827
D/MSimSignalClusterView( 1242): 1 sub1Visible = true  sub2Visible = false  mMobileVisible = false  subscription = 1
D/MSimSignalClusterView( 1242): wifi: VISIBLE sig=2130837834 act=2130837827
D/MSimSignalClusterView( 1242): 1 sub1Visible = true  sub2Visible = false  mMobileVisible = false  subscription = 1
D/MSimSignalClusterView( 1242): wifi: VISIBLE sig=2130837834 act=2130837827
D/MSimSignalClusterView( 1242): 1 sub1Visible = true  sub2Visible = false  mMobileVisible = false  subscription = 1
I/AmSmartShowFuncsImpl( 1143):  shouldUseLocalConfiguration for app ProcessRecord{421e2558 1406:com.baidu.input/u0a90}
I/AmSmartShowFuncsImpl( 1143):  shouldUseLocalConfiguration for app ProcessRecord{421e2558 1406:com.baidu.input/u0a90}
W/SmartShowManagerService( 1143): can not find stack id for pid: 25424
D/wpa_supplicant(25900): RX ctrl_iface - hexdump(len=11): 53 49 47 4e 41 4c 5f 50 4f 4c 4c
D/wpa_supplicant(25900): wlan0: Control interface command 'SIGNAL_POLL'
D/wpa_supplicant(25900): nl80211: survey data missing!
I/AlarmManager( 1143): [timer]  setRepeating: 
I/AlarmManager( 1143): [timer]   !!!take care!!!, it is a wakeup timer(type=0/2).
I/AlarmManager( 1143): [timer]   --type = 0
I/AlarmManager( 1143): [timer]   --current time = 2015-07-23 11:35:58
I/AlarmManager( 1143): [timer]   --trigger time = 2015-07-23 11:36:54
I/AlarmManager( 1143): [timer]   --trigger after 55531ms from now.
I/AlarmManager( 1143): [timer]   --interval = 0
I/AlarmManager( 1143): [timer]   --operation = PendingIntent{41e57a30: PendingIntentRecord{42fee5c8 com.Qunar broadcastIntent}}
I/AlarmManager( 1143): [timer]   --target package = com.Qunar
V/AlarmManager( 1143): set(PendingIntent{41e57a30: PendingIntentRecord{42fee5c8 com.Qunar broadcastIntent}}) : type=0 triggerAtTime=1437622614131 win=-1 tElapsed=78775917 maxElapsed=78817560 interval=0 standalone=false
V/AlarmManager( 1143): remove(operation) changed bounds; rebatching
V/AlarmManager( 1143): Adding Alarm{45a52180 type 0 fm.qingting.qtradio} to Batch{45a520f8 num=2 start=78714255 end=78736755}
V/AlarmManager( 1143):     => now Batch{45a520f8 num=2 start=78714255 end=78736755}
V/AlarmManager( 1143): Adding Alarm{45a52a50 type 0 com.Qunar} to Batch{45a520f8 num=3 start=78714255 end=78736755}
V/AlarmManager( 1143):     => now Batch{45a520f8 num=3 start=78722357 end=78722357}
V/AlarmManager( 1143): Adding Alarm{4319e230 type 0 com.tencent.mobileqq} to Batch{4319e1a8 num=2 start=78746237 end=80621237}
V/AlarmManager( 1143):     => now Batch{4319e1a8 num=2 start=78764932 end=78764932}
V/AlarmManager( 1143): Adding Alarm{4319ebe8 type 0 com.baidu.BaiduMap} to Batch{4319eb60 num=2 start=78778277 end=78778277}
V/AlarmManager( 1143):     => now Batch{4319eb60 num=2 start=78778277 end=78778277}
V/AlarmManager( 1143): Adding Alarm{4319f588 type 0 com.tencent.qqpimsecure} to Batch{4319f500 num=2 start=78814388 end=78884883}
V/AlarmManager( 1143):     => now Batch{4319f500 num=2 start=78839167 end=78839167}
V/AlarmManager( 1143): Adding Alarm{431c9cc0 type 2 com.sina.weibo} to Batch{431c9c38 num=2 start=78840000 end=78975000}
V/AlarmManager( 1143):     => now Batch{431c9c38 num=2 start=78878942 end=78878942}
V/AlarmManager( 1143): Adding Alarm{431ca560 type 0 com.shuame.mobile} to Batch{431c9c38 num=3 start=78878942 end=78878942}
V/AlarmManager( 1143):     => now Batch{431c9c38 num=3 start=78878942 end=78878942}
V/AlarmManager( 1143): Adding Alarm{431cb180 type 2 com.tencent.pb} to Batch{431cb0f8 num=2 start=78953050 end=79178050}
V/AlarmManager( 1143):     => now Batch{431cb0f8 num=2 start=78953291 end=78953291}
V/AlarmManager( 1143): Adding Alarm{44fe95c8 type 1 com.tencent.pb} to Batch{431cb0f8 num=3 start=78953291 end=78953291}
V/AlarmManager( 1143):     => now Batch{431cb0f8 num=3 start=78953291 end=78953291}
V/AlarmManager( 1143): Adding Alarm{44fea018 type 3 com.tencent.android.qqdownloader} to Batch{44fe9f90 num=2 start=79224404 end=81609404}
V/AlarmManager( 1143):     => now Batch{44fe9f90 num=2 start=79224442 end=79224442}
V/AlarmManager( 1143): Adding Alarm{44feaa60 type 0 com.tencent.mm} to Batch{44fea9d8 num=2 start=79226227 end=80576227}
V/AlarmManager( 1143):     => now Batch{44fea9d8 num=2 start=79253043 end=79928043}
I/PowerManager(32423):  acquire wake lock at time 2015-07-23 11:35:58 wakeLock  :flags = 1 tag= com.igexin.a.a.d.g@41c11c80 count = 0 refcounted= false mHeld= true
V/AlarmManager( 1143): Adding Alarm{44feb300 type 0 com.android.providers.calendar} to Batch{44fea9d8 num=3 start=79253043 end=79928043}
V/AlarmManager( 1143):     => now Batch{44fea9d8 num=3 start=79406832 end=79406832}
V/AlarmManager( 1143): Adding Alarm{43e516b0 type 0 com.tencent.android.qqdownloader} to Batch{43e51628 num=2 start=79877787 end=79877787}
V/AlarmManager( 1143):     => now Batch{43e51628 num=2 start=79877787 end=79877787}
V/AlarmManager( 1143): Adding Alarm{43e52020 type 0 com.tencent.android.qqdownloader} to Batch{43e51628 num=3 start=79877787 end=79877787}
V/AlarmManager( 1143):     => now Batch{43e51628 num=3 start=79877787 end=79877787}
V/AlarmManager( 1143): Adding Alarm{43e52b40 type 2 android} to Batch{43e52ab8 num=2 start=80207225 end=81557225}
V/AlarmManager( 1143):     => now Batch{43e52ab8 num=2 start=81159930 end=81159930}
V/AlarmManager( 1143): Adding Alarm{42c4b8e0 type 0 cn.nubia.encryptassistant} to Batch{43e52ab8 num=3 start=81159930 end=81159930}
V/AlarmManager( 1143):     => now Batch{43e52ab8 num=3 start=81159930 end=81159930}
V/AlarmManager( 1143): Adding Alarm{42c4c200 type 1 com.wandoujia.phoenix2} to Batch{43e52ab8 num=4 start=81159930 end=81159930}
V/AlarmManager( 1143):     => now Batch{43e52ab8 num=4 start=81159930 end=81159930}
V/AlarmManager( 1143): Adding Alarm{42c4cca8 type 0 com.tencent.android.qqdownloader} to Batch{42c4cc20 num=2 start=82257787 end=82257787}
V/AlarmManager( 1143):     => now Batch{42c4cc20 num=2 start=82257787 end=82257787}
V/AlarmManager( 1143): Adding Alarm{448fbf40 type 0 com.tencent.android.qqdownloader} to Batch{42c4cc20 num=3 start=82257787 end=82257787}
V/AlarmManager( 1143):     => now Batch{42c4cc20 num=3 start=82257787 end=82257787}
V/AlarmManager( 1143): Adding Alarm{448fcce8 type 0 com.qualcomm.services.location} to Batch{448fcc60 num=2 start=86431339 end=108031339}
V/AlarmManager( 1143):     => now Batch{448fcc60 num=2 start=86467114 end=92277154}
V/AlarmManager( 1143): Adding Alarm{448fd640 type 0 fm.qingting.qtradio} to Batch{448fcc60 num=3 start=86467114 end=92277154}
V/AlarmManager( 1143):     => now Batch{448fcc60 num=3 start=86522136 end=92277154}
V/AlarmManager( 1143): Adding Alarm{44f9a630 type 0 com.tencent.mobileqq} to Batch{448fcc60 num=4 start=86522136 end=92277154}
V/AlarmManager( 1143):     => now Batch{448fcc60 num=4 start=87361787 end=87361787}
V/AlarmManager( 1143): Adding Alarm{44f9b420 type 1 com.wandoujia.phoenix2} to Batch{44f9b398 num=2 start=105361787 end=125342831}
V/AlarmManager( 1143):     => now Batch{44f9b398 num=2 start=109281108 end=109281108}
V/AlarmManager( 1143): Adding Alarm{44f9c228 type 1 com.tencent.qqpimsecure} to Batch{44f9c1a0 num=2 start=134782704 end=199582704}
V/AlarmManager( 1143):     => now Batch{44f9c1a0 num=2 start=155897618 end=155897618}
V/AlarmManager( 1143): Adding Alarm{44ee26b0 type 0 com.tencent.android.qqdownloader} to Batch{44ee2628 num=2 start=160986897 end=222686774}
I/PowerManager(32423):  release wake lock at time 2015-07-23 11:35:58 wakeLock  :flags = 1 tag= com.igexin.a.a.d.g@41c11c80 count = 0 refcounted= false mHeld= false
V/AlarmManager( 1143):     => now Batch{44ee2628 num=2 start=162245787 end=162245787}
V/AlarmManager( 1143): Adding Alarm{44ee30d8 type 0 com.tencent.android.qqdownloader} to Batch{44ee2628 num=3 start=162245787 end=162245787}
V/AlarmManager( 1143):     => now Batch{44ee2628 num=3 start=162245787 end=162245787}
V/AlarmManager( 1143): Adding Alarm{44ee3c28 type 0 com.wandoujia.phoenix2} to Batch{44ee3ba0 num=2 start=185749312 end=250549312}
V/AlarmManager( 1143):     => now Batch{44ee3ba0 num=2 start=194111359 end=194111359}
V/AlarmManager( 1143): Adding Alarm{4484a6a0 type 1 com.tencent.qqpimsecure} to Batch{4484a618 num=2 start=934844959 end=1576938382}
V/AlarmManager( 1143):     => now Batch{4484a618 num=2 start=1373974182 end=1576938382}
I/PowerManager(32423):  acquire wake lock at time 2015-07-23 11:35:58 wakeLock  :flags = 1 tag= com.igexin.a.a.d.g@41c11c80 count = 0 refcounted= false mHeld= true
V/AlarmManager( 1143): Adding Alarm{45a51e60 type 0 com.Qunar} to Batch{4319eb60 num=3 start=78778277 end=78778277}
V/AlarmManager( 1143):     => now Batch{4319eb60 num=3 start=78778277 end=78778277}
V/AlarmManager( 1143): Checking for alarms... rtc=1437622558629, elapsed=78720415
I/AlarmManager( 1143): [timer]  setRepeating: 
I/AlarmManager( 1143): [timer]   !!!take care!!!, it is a wakeup timer(type=0/2).
I/AlarmManager( 1143): [timer]   --type = 0
I/AlarmManager( 1143): [timer]   --current time = 2015-07-23 11:35:58
I/AlarmManager( 1143): [timer]   --trigger time = 2015-07-23 11:36:56
I/AlarmManager( 1143): [timer]   --trigger after 57501ms from now.
I/AlarmManager( 1143): [timer]   --interval = 0
I/AlarmManager( 1143): [timer]   --operation = PendingIntent{44ee4008: PendingIntentRecord{42fc8c48 com.Qunar broadcastIntent}}
I/AlarmManager( 1143): [timer]   --target package = com.Qunar
V/AlarmManager( 1143): set(PendingIntent{44ee4008: PendingIntentRecord{42fc8c48 com.Qunar broadcastIntent}}) : type=0 triggerAtTime=1437622616131 win=-1 tElapsed=78777918 maxElapsed=78821043 interval=0 standalone=false
V/AlarmManager( 1143): remove(operation) changed bounds; rebatching
V/AlarmManager( 1143): Adding Alarm{42c5a1d8 type 0 fm.qingting.qtradio} to Batch{42c5a168 num=2 start=78714255 end=78736755}
I/PowerManager(32423):  release wake lock at time 2015-07-23 11:35:58 wakeLock  :flags = 1 tag= com.igexin.a.a.d.g@41c11c80 count = 0 refcounted= false mHeld= false
V/AlarmManager( 1143):     => now Batch{42c5a168 num=2 start=78714255 end=78736755}
V/AlarmManager( 1143): Adding Alarm{42c5ac68 type 0 com.tencent.mobileqq} to Batch{42c5abe0 num=2 start=78746237 end=80621237}
V/AlarmManager( 1143):     => now Batch{42c5abe0 num=2 start=78764932 end=78764932}
V/AlarmManager( 1143): Adding Alarm{42c5b620 type 0 com.baidu.BaiduMap} to Batch{42c5b598 num=2 start=78778277 end=78778277}
V/AlarmManager( 1143):     => now Batch{42c5b598 num=2 start=78778277 end=78778277}
V/AlarmManager( 1143): Adding Alarm{42c5bee8 type 0 com.Qunar} to Batch{42c5b598 num=3 start=78778277 end=78778277}
V/AlarmManager( 1143):     => now Batch{42c5b598 num=3 start=78778277 end=78778277}
V/AlarmManager( 1143): Adding Alarm{446b2d20 type 0 com.tencent.qqpimsecure} to Batch{446b2c98 num=2 start=78814389 end=78884866}
V/AlarmManager( 1143):     => now Batch{446b2c98 num=2 start=78839168 end=78839168}
V/AlarmManager( 1143): Adding Alarm{446b36f8 type 2 com.sina.weibo} to Batch{446b3670 num=2 start=78840000 end=78975000}
V/AlarmManager( 1143):     => now Batch{446b3670 num=2 start=78878942 end=78878942}
V/AlarmManager( 1143): Adding Alarm{446b3f98 type 0 com.shuame.mobile} to Batch{446b3670 num=3 start=78878942 end=78878942}
I/PowerManager(32423):  acquire wake lock at time 2015-07-23 11:35:58 wakeLock  :flags = 1 tag= com.igexin.a.a.d.g@41c11c80 count = 0 refcounted= false mHeld= true
V/AlarmManager( 1143):     => now Batch{446b3670 num=3 start=78878942 end=78878942}
V/AlarmManager( 1143): Adding Alarm{42c71020 type 2 com.tencent.pb} to Batch{42c70f98 num=2 start=78953050 end=79178050}
V/AlarmManager( 1143):     => now Batch{42c70f98 num=2 start=78953291 end=78953291}
V/AlarmManager( 1143): Adding Alarm{42c718c0 type 1 com.tencent.pb} to Batch{42c70f98 num=3 start=78953291 end=78953291}
V/AlarmManager( 1143):     => now Batch{42c70f98 num=3 start=78953291 end=78953291}
V/AlarmManager( 1143): Adding Alarm{42c72310 type 3 com.tencent.android.qqdownloader} to Batch{42c72288 num=2 start=79224404 end=81609404}
V/AlarmManager( 1143):     => now Batch{42c72288 num=2 start=79224442 end=79224442}
V/AlarmManager( 1143): Adding Alarm{42cb9288 type 0 com.tencent.mm} to Batch{42cb9200 num=2 start=79226227 end=80576227}
I/PowerManager(32423):  release wake lock at time 2015-07-23 11:35:58 wakeLock  :flags = 1 tag= com.igexin.a.a.d.g@41c11c80 count = 0 refcounted= false mHeld= false
V/AlarmManager( 1143):     => now Batch{42cb9200 num=2 start=79253043 end=79928043}
V/AlarmManager( 1143): Adding Alarm{42cb9b28 type 0 com.android.providers.calendar} to Batch{42cb9200 num=3 start=79253043 end=79928043}
V/AlarmManager( 1143):     => now Batch{42cb9200 num=3 start=79406832 end=79406832}
V/AlarmManager( 1143): Adding Alarm{42cba870 type 0 com.tencent.android.qqdownloader} to Batch{42cba7c8 num=2 start=79877787 end=79877787}
V/AlarmManager( 1143):     => now Batch{42cba7c8 num=2 start=79877787 end=79877787}
V/AlarmManager( 1143): Adding Alarm{42cbb238 type 0 com.tencent.android.qqdownloader} to Batch{42cba7c8 num=3 start=79877787 end=79877787}
V/AlarmManager( 1143):     => now Batch{42cba7c8 num=3 start=79877787 end=79877787}
V/AlarmManager( 1143): Adding Alarm{438e92c0 type 2 android} to Batch{438e9238 num=2 start=80207225 end=81557225}
V/AlarmManager( 1143):     => now Batch{438e9238 num=2 start=81159930 end=81159930}
V/AlarmManager( 1143): Adding Alarm{438e9b08 type 0 cn.nubia.encryptassistant} to Batch{438e9238 num=3 start=81159930 end=81159930}
V/AlarmManager( 1143):     => now Batch{438e9238 num=3 start=81159930 end=81159930}
V/AlarmManager( 1143): Adding Alarm{438ea428 type 1 com.wandoujia.phoenix2} to Batch{438e9238 num=4 start=81159930 end=81159930}
V/AlarmManager( 1143):     => now Batch{438e9238 num=4 start=81159930 end=81159930}
V/AlarmManager( 1143): Adding Alarm{43918fa8 type 0 com.tencent.android.qqdownloader} to Batch{43918f20 num=2 start=82257787 end=82257787}
V/AlarmManager( 1143):     => now Batch{43918f20 num=2 start=82257787 end=82257787}
V/AlarmManager( 1143): Adding Alarm{43919918 type 0 com.tencent.android.qqdownloader} to Batch{43918f20 num=3 start=82257787 end=82257787}
V/AlarmManager( 1143):     => now Batch{43918f20 num=3 start=82257787 end=82257787}
V/AlarmManager( 1143): Adding Alarm{4391a6c0 type 0 com.qualcomm.services.location} to Batch{4391a638 num=2 start=86431339 end=108031339}
V/AlarmManager( 1143):     => now Batch{4391a638 num=2 start=86467113 end=92277133}
V/AlarmManager( 1143): Adding Alarm{43893058 type 0 fm.qingting.qtradio} to Batch{4391a638 num=3 start=86467113 end=92277133}
I/PowerManager(32423):  acquire wake lock at time 2015-07-23 11:35:58 wakeLock  :flags = 1 tag= com.igexin.a.a.d.g@41c11c80 count = 0 refcounted= false mHeld= true
V/AlarmManager( 1143):     => now Batch{4391a638 num=3 start=86522137 end=92277133}
V/AlarmManager( 1143): Adding Alarm{43893928 type 0 com.tencent.mobileqq} to Batch{4391a638 num=4 start=86522137 end=92277133}
I/PowerManager(32423):  release wake lock at time 2015-07-23 11:35:58 wakeLock  :flags = 1 tag= com.igexin.a.a.d.g@41c11c80 count = 0 refcounted= false mHeld= false
V/AlarmManager( 1143):     => now Batch{4391a638 num=4 start=87361787 end=87361787}
I/AlarmManager( 1143): [timer]  setRepeating: 
I/AlarmManager( 1143): [timer]   !!!take care!!!, it is a wakeup timer(type=0/2).
I/AlarmManager( 1143): [timer]   --type = 0
V/AlarmManager( 1143): Adding Alarm{43894c28 type 1 com.wandoujia.phoenix2} to Batch{43894b88 num=2 start=105361787 end=125342813}
V/AlarmManager( 1143):     => now Batch{43894b88 num=2 start=109281108 end=109281108}
I/AlarmManager( 1143): [timer]   --current time = 2015-07-23 11:35:58
I/LocationService(26922): onStartCommand
I/AlarmManager( 1143): [timer]   --trigger time = 2015-07-23 11:36:15
I/AlarmManager( 1143): [timer]   --trigger after 16998ms from now.
I/AlarmManager( 1143): [timer]   --interval = 0
I/AlarmManager( 1143): [timer]   --operation = PendingIntent{41e040f0: PendingIntentRecord{42de17f8 com.Qunar broadcastIntent}}
I/AlarmManager( 1143): [timer]   --target package = com.Qunar
V/AlarmManager( 1143): Adding Alarm{4327d340 type 1 com.tencent.qqpimsecure} to Batch{446b94f0 num=2 start=134782703 end=199582703}
V/AlarmManager( 1143):     => now Batch{446b94f0 num=2 start=155897618 end=155897618}
V/AlarmManager( 1143): Adding Alarm{4327de70 type 0 com.tencent.android.qqdownloader} to Batch{4327dde8 num=2 start=160986897 end=222686755}
V/AlarmManager( 1143):     => now Batch{4327dde8 num=2 start=162245787 end=162245787}
V/AlarmManager( 1143): Adding Alarm{4327e7e0 type 0 com.tencent.android.qqdownloader} to Batch{4327dde8 num=3 start=162245787 end=162245787}
V/AlarmManager( 1143):     => now Batch{4327dde8 num=3 start=162245787 end=162245787}
V/AlarmManager( 1143): Adding Alarm{4327f300 type 0 com.wandoujia.phoenix2} to Batch{4327f278 num=2 start=185749312 end=250549312}
V/AlarmManager( 1143):     => now Batch{4327f278 num=2 start=194111360 end=194111360}
V/AlarmManager( 1143): Adding Alarm{44745fb8 type 1 com.tencent.qqpimsecure} to Batch{44745f30 num=2 start=934844959 end=1576938364}
V/AlarmManager( 1143):     => now Batch{44745f30 num=2 start=1373974182 end=1576938364}
V/AlarmManager( 1143): Adding Alarm{44f63398 type 0 com.Qunar} to Batch{42c5b598 num=4 start=78778277 end=78778277}
V/AlarmManager( 1143):     => now Batch{42c5b598 num=4 start=78778277 end=78778277}
V/AlarmManager( 1143): Checking for alarms... rtc=1437622558660, elapsed=78720447
V/AlarmManager( 1143): Adding Alarm{44747370 type 2 com.broadlink.auxair} to Batch{42c5abe0 num=3 start=78764932 end=78764932}
V/AlarmManager( 1143):     => now Batch{42c5abe0 num=3 start=78764932 end=78764932}
V/AlarmManager( 1143): Adding Alarm{42d27880 type 0 fm.qingting.qtradio} to Batch{42c721b0 num=2 start=78978168 end=79180668}
V/AlarmManager( 1143):     => now Batch{42c721b0 num=2 start=79012122 end=79180668}
V/AlarmManager( 1143): sending alarm Alarm{42c5a118 type 2 com.broadlink.auxair}
I/PowerManager( 1143):  acquire wake lock at time 2015-07-23 11:35:58 wakeLock  :flags = 1 tag= AlarmManager count = 1 refcounted= true mHeld= true
V/AlarmManager( 1143): sending alarm Alarm{42c5a1d8 type 0 fm.qingting.qtradio}
V/AlarmManager( 1143): set(PendingIntent{41e040f0: PendingIntentRecord{42de17f8 com.Qunar broadcastIntent}}) : type=0 triggerAtTime=1437622575651 win=-1 tElapsed=78737438 maxElapsed=78750185 interval=0 standalone=false
I/AlarmManager( 1143): [timer]  remove: 
I/AlarmManager( 1143): [timer]   --operation = PendingIntent{4199e108: PendingIntentRecord{42de17f8 com.Qunar broadcastIntent}}
I/AlarmManager( 1143): [timer]   --target package = com.Qunar
I/PowerManager( 1143):  release wake lock at time 2015-07-23 11:35:58 wakeLock  :flags = 1 tag= AlarmManager count = 0 refcounted= true mHeld= false
V/AlarmManager( 1143): remove(operation) changed bounds; rebatching
V/AlarmManager( 1143): Adding Alarm{448133b8 type 2 com.taobao.taobao} to Batch{44813330 num=2 start=78744255 end=78766755}
V/AlarmManager( 1143):     => now Batch{44813330 num=2 start=78746237 end=78766755}
V/AlarmManager( 1143): Adding Alarm{44813c78 type 0 com.tencent.mobileqq} to Batch{44813330 num=3 start=78746237 end=78766755}
V/AlarmManager( 1143):     => now Batch{44813330 num=3 start=78764932 end=78764932}
V/AlarmManager( 1143): Adding Alarm{4393c6b8 type 0 com.baidu.BaiduMap} to Batch{4393c630 num=2 start=78778277 end=78778277}
D/dalvikvm( 1143): GC_FOR_ALLOC freed 8288K, 29% free 57096K/80244K, paused 97ms, total 97ms
V/AlarmManager( 1143):     => now Batch{4393c630 num=2 start=78778277 end=78778277}
V/AlarmManager( 1143): Adding Alarm{45eb68b8 type 0 com.Qunar} to Batch{4393c630 num=3 start=78778277 end=78778277}
V/AlarmManager( 1143):     => now Batch{4393c630 num=3 start=78778277 end=78778277}
V/AlarmManager( 1143): Adding Alarm{45ad1160 type 0 com.Qunar} to Batch{4393c630 num=4 start=78778277 end=78778277}
V/AlarmManager( 1143):     => now Batch{4393c630 num=4 start=78778277 end=78778277}
V/AlarmManager( 1143): Adding Alarm{45a2c6c8 type 0 com.tencent.qqpimsecure} to Batch{44f84ec0 num=2 start=78814389 end=78884826}
V/AlarmManager( 1143):     => now Batch{44f84ec0 num=2 start=78839168 end=78839168}
V/AlarmManager( 1143): Adding Alarm{45a29de8 type 2 com.sina.weibo} to Batch{44f35708 num=2 start=78840000 end=78975000}
V/AlarmManager( 1143):     => now Batch{44f35708 num=2 start=78878942 end=78878942}
V/AlarmManager( 1143): Adding Alarm{45a28e88 type 0 com.shuame.mobile} to Batch{44f35708 num=3 start=78878942 end=78878942}
V/AlarmManager( 1143):     => now Batch{44f35708 num=3 start=78878942 end=78878942}
V/AlarmManager( 1143): Adding Alarm{45a07b70 type 2 com.tencent.pb} to Batch{447d6db8 num=2 start=78953050 end=79178050}
V/AlarmManager( 1143):     => now Batch{447d6db8 num=2 start=78953291 end=78953291}
V/AlarmManager( 1143): Adding Alarm{459fd3c0 type 1 com.tencent.pb} to Batch{447d6db8 num=3 start=78953291 end=78953291}
V/AlarmManager( 1143):     => now Batch{447d6db8 num=3 start=78953291 end=78953291}
V/AlarmManager( 1143): Adding Alarm{459acdb8 type 0 fm.qingting.qtradio} to Batch{43f2da20 num=2 start=78978168 end=79180668}
V/AlarmManager( 1143):     => now Batch{43f2da20 num=2 start=79012122 end=79180668}
V/AlarmManager( 1143): Adding Alarm{4599d2f8 type 3 com.tencent.android.qqdownloader} to Batch{43b8c710 num=2 start=79224404 end=81609404}
V/AlarmManager( 1143):     => now Batch{43b8c710 num=2 start=79224442 end=79224442}
V/AlarmManager( 1143): Adding Alarm{455b17e0 type 0 com.tencent.mm} to Batch{439a7e48 num=2 start=79226227 end=80576227}
V/AlarmManager( 1143):     => now Batch{439a7e48 num=2 start=79253043 end=79928043}
V/AlarmManager( 1143): Adding Alarm{455ac210 type 0 com.android.providers.calendar} to Batch{439a7e48 num=3 start=79253043 end=79928043}
V/AlarmManager( 1143):     => now Batch{439a7e48 num=3 start=79406831 end=79406831}
V/AlarmManager( 1143): Adding Alarm{44fdaf00 type 0 com.tencent.android.qqdownloader} to Batch{438ab130 num=2 start=79877787 end=79877787}
V/AlarmManager( 1143):     => now Batch{438ab130 num=2 start=79877787 end=79877787}
V/AlarmManager( 1143): Adding Alarm{44fcf908 type 0 com.tencent.android.qqdownloader} to Batch{438ab130 num=3 start=79877787 end=79877787}
V/AlarmManager( 1143):     => now Batch{438ab130 num=3 start=79877787 end=79877787}
V/AlarmManager( 1143): Adding Alarm{44f98288 type 2 android} to Batch{4386beb8 num=2 start=80207225 end=81557225}
V/AlarmManager( 1143):     => now Batch{4386beb8 num=2 start=81159930 end=81159930}
