--------- beginning of /dev/log/main
D/wpa_supplicant(25900): RX ctrl_iface - hexdump(len=11): 53 49 47 4e 41 4c 5f 50 4f 4c 4c
D/wpa_supplicant(25900): wlan0: Control interface command 'SIGNAL_POLL'
D/wpa_supplicant(25900): nl80211: survey data missing!
D/wpa_supplicant(25900): p2p0: BSS: Remove id 1111 BSSID d4:ee:07:1f:8b:ca SSID '' due to wpa_bss_flush_by_age
D/wpa_supplicant(25900): CTRL_IFACE monitor send - hexdump(len=40): 2f 64 61 74 61 2f 6d 69 73 63 2f 77 69 66 69 2f 73 6f 63 6b 65 74 73 2f 77 70 61 5f 63 74 72 6c ...
D/wpa_supplicant(25900): p2p0: BSS: Remove id 1092 BSSID 00:36:76:6e:89:5a SSID 'TEST' due to wpa_bss_flush_by_age
D/wpa_supplicant(25900): CTRL_IFACE monitor send - hexdump(len=40): 2f 64 61 74 61 2f 6d 69 73 63 2f 77 69 66 69 2f 73 6f 63 6b 65 74 73 2f 77 70 61 5f 63 74 72 6c ...
D/wpa_supplicant(25900): p2p0: BSS: Remove id 1098 BSSID 24:05:0f:51:1d:83 SSID 'Hooo' due to wpa_bss_flush_by_age
D/wpa_supplicant(25900): CTRL_IFACE monitor send - hexdump(len=40): 2f 64 61 74 61 2f 6d 69 73 63 2f 77 69 66 69 2f 73 6f 63 6b 65 74 73 2f 77 70 61 5f 63 74 72 6c ...
D/wpa_supplicant(25900): p2p0: BSS: Remove id 1091 BSSID d4:ee:07:1f:8b:ca SSID 'MAILTEST' due to wpa_bss_flush_by_age
D/wpa_supplicant(25900): CTRL_IFACE monitor send - hexdump(len=40): 2f 64 61 74 61 2f 6d 69 73 63 2f 77 69 66 69 2f 73 6f 63 6b 65 74 73 2f 77 70 61 5f 63 74 72 6c ...
D/wpa_supplicant(25900): wlan0: BSS: Remove id 1027 BSSID 00:36:76:6e:89:5a SSID 'TEST' due to wpa_bss_flush_by_age
D/wpa_supplicant(25900): CTRL_IFACE monitor send - hexdump(len=40): 2f 64 61 74 61 2f 6d 69 73 63 2f 77 69 66 69 2f 73 6f 63 6b 65 74 73 2f 77 70 61 5f 63 74 72 6c ...
D/wpa_supplicant(25900): wlan0: BSS: Remove id 1033 BSSID 24:05:0f:51:1d:83 SSID 'Hooo' due to wpa_bss_flush_by_age
D/wpa_supplicant(25900): CTRL_IFACE monitor send - hexdump(len=40): 2f 64 61 74 61 2f 6d 69 73 63 2f 77 69 66 69 2f 73 6f 63 6b 65 74 73 2f 77 70 61 5f 63 74 72 6c ...
D/MSF.C.NetConnTag( 3155): [E]netRecv ssoSeq:-1685737056 uin:*7650 cmd:-316037937 -1685736737
D/Q.msg.TroopMsgProxy( 5330): [E]insertToList MessageRecord=friendUin:9205senderuin:6672,istroop:1,msgType:-1000,time:1437622200,shmsgseq:69212
D/wpa_supplicant(25900): RX ctrl_iface - hexdump(len=11): 53 49 47 4e 41 4c 5f 50 4f 4c 4c
D/wpa_supplicant(25900): wlan0: Control interface command 'SIGNAL_POLL'
D/wpa_supplicant(25900): nl80211: survey data missing!
D/MSF.C.NetConnTag( 3155): [E]netRecv ssoSeq:-1685715393 uin:*7650 cmd:-316037937 -1685715090
D/Q.msg.TroopMsgProxy( 5330): [E]insertToList MessageRecord=friendUin:9205senderuin:6672,istroop:1,msgType:-1000,time:1437622204,shmsgseq:69213
D/wpa_supplicant(25900): RX ctrl_iface - hexdump(len=11): 53 49 47 4e 41 4c 5f 50 4f 4c 4c
D/wpa_supplicant(25900): wlan0: Control interface command 'SIGNAL_POLL'
D/wpa_supplicant(25900): nl80211: survey data missing!
D/AndroidRuntime(27857): 
D/AndroidRuntime(27857): >>>>>> AndroidRuntime START com.android.internal.os.RuntimeInit <<<<<<
D/AndroidRuntime(27857): CheckJNI is OFF
I/dalvikvm(27857): DexOpt: mismatch dep name: '/data/dalvik-cache/system@framework@com.powermo.smartshow.jar@classes.dex' vs. '/system/framework/com.powermo.smartshow.odex'
E/dalvikvm(27857): /system/framework/safe_daemon.jar odex has stale dependencies
I/dalvikvm(27857): DexOpt: mismatch dep name: '/data/dalvik-cache/system@framework@com.powermo.smartshow.jar@classes.dex' vs. '/system/framework/com.powermo.smartshow.odex'
E/dalvikvm(27857): /system/framework/nproot.jar odex has stale dependencies
I/dalvikvm(27857): DexOpt: mismatch dep name: '/data/dalvik-cache/system@framework@com.powermo.smartshow.jar@classes.dex' vs. '/system/framework/com.powermo.smartshow.odex'
E/dalvikvm(27857): /system/framework/gesture.jar odex has stale dependencies
I/dalvikvm(27857): DexOpt: mismatch dep name: '/data/dalvik-cache/system@framework@com.powermo.smartshow.jar@classes.dex' vs. '/system/framework/com.powermo.smartshow.odex'
E/dalvikvm(27857): /system/framework/nubia-common.jar odex has stale dependencies
I/dalvikvm(27857): DexOpt: mismatch dep name: '/data/dalvik-cache/system@framework@com.powermo.smartshow.jar@classes.dex' vs. '/system/framework/com.powermo.smartshow.odex'
E/dalvikvm(27857): /system/framework/nubia-vibrate.jar odex has stale dependencies
I/dalvikvm(27857): DexOpt: mismatch dep name: '/data/dalvik-cache/system@framework@com.powermo.smartshow.jar@classes.dex' vs. '/system/framework/com.powermo.smartshow.odex'
E/dalvikvm(27857): /system/framework/nubia.jar odex has stale dependencies
I/dalvikvm(27857): DexOpt: mismatch dep name: '/data/dalvik-cache/system@framework@com.powermo.smartshow.jar@classes.dex' vs. '/system/framework/com.powermo.smartshow.odex'
E/dalvikvm(27857): /system/framework/nubiatel-common.jar odex has stale dependencies
I/dalvikvm(27857): DexOpt: mismatch dep name: '/data/dalvik-cache/system@framework@com.powermo.smartshow.jar@classes.dex' vs. '/system/framework/com.powermo.smartshow.odex'
E/dalvikvm(27857): /system/framework/telephony-config.jar odex has stale dependencies
D/dalvikvm(27857): Trying to load lib libjavacore.so 0x0
D/dalvikvm(27857): Added shared lib libjavacore.so 0x0
D/dalvikvm(27857): Trying to load lib libnativehelper.so 0x0
D/dalvikvm(27857): Added shared lib libnativehelper.so 0x0
D/dalvikvm(27857): No JNI_OnLoad found in libnativehelper.so 0x0, skipping init
I/dalvikvm(27857): DexOpt: mismatch dep name: '/data/dalvik-cache/system@framework@com.powermo.smartshow.jar@classes.dex' vs. '/system/framework/com.powermo.smartshow.odex'
E/dalvikvm(27857): /system/framework/am.jar odex has stale dependencies
D/dalvikvm(27857): Note: class Landroid/app/ActivityManagerNative; has 179 unimplemented (abstract) methods
D/AndroidRuntime(27857): Calling main entry com.android.commands.am.Am
D/AndroidRuntime(27857): Shutting down VM
D/jdwp    (27857): Got wake-up signal, bailing out of select
D/dalvikvm(27857): Debugger has detached; object registry had 1 entries
D/MSF.C.NetConnTag( 3155): [E]netRecv ssoSeq:-1685711034 uin:*7650 cmd:-316037937 -1685710771
D/Q.msg.TroopMsgProxy( 5330): [E]insertToList MessageRecord=friendUin:9371senderuin:7032,istroop:1,msgType:-1000,time:1437622205,shmsgseq:241709
D/wpa_supplicant(25900): RX ctrl_iface - hexdump(len=11): 53 49 47 4e 41 4c 5f 50 4f 4c 4c
D/wpa_supplicant(25900): wlan0: Control interface command 'SIGNAL_POLL'
D/wpa_supplicant(25900): nl80211: survey data missing!
D/wpa_supplicant(25900): RX ctrl_iface - hexdump(len=11): 53 49 47 4e 41 4c 5f 50 4f 4c 4c
D/wpa_supplicant(25900): wlan0: Control interface command 'SIGNAL_POLL'
D/wpa_supplicant(25900): nl80211: survey data missing!
D/wpa_supplicant(25900): RX ctrl_iface - hexdump(len=11): 53 49 47 4e 41 4c 5f 50 4f 4c 4c
D/wpa_supplicant(25900): wlan0: Control interface command 'SIGNAL_POLL'
D/wpa_supplicant(25900): nl80211: survey data missing!
D/MSF.C.NetConnTag( 3155): [E]netRecv ssoSeq:-1685663475 uin:*7650 cmd:-316037937 -1685663164
D/Q.msg.TroopMsgProxy( 5330): [E]insertToList MessageRecord=friendUin:9371senderuin:6778,istroop:1,msgType:-1000,time:1437622215,shmsgseq:241710
D/wpa_supplicant(25900): RX ctrl_iface - hexdump(len=11): 53 49 47 4e 41 4c 5f 50 4f 4c 4c
D/wpa_supplicant(25900): wlan0: Control interface command 'SIGNAL_POLL'
D/wpa_supplicant(25900): nl80211: survey data missing!
D/MSF.C.NetConnTag( 3155): [E]netRecv ssoSeq:95595673 uin:*7650 cmd:1563966628 95595896
D/MSF.C.NetConnTag( 3155): [E]netRecv ssoSeq:95595674 uin:*7650 cmd:1459256120 95595913
D/MSF.C.NetConnTag( 3155): [E]netRecv ssoSeq:95625109 uin:*7650 cmd:1563966628 95625332
D/MSF.C.NetConnTag( 3155): [E]netRecv ssoSeq:95625110 uin:*7650 cmd:1459256120 95625349
D/MSF.C.NetConnTag( 3155): [E]netRecv ssoSeq:95661663 uin:*7650 cmd:1563966628 95661886
D/MSF.C.NetConnTag( 3155): [E]netRecv ssoSeq:95661664 uin:*7650 cmd:1459256120 95661903
D/MSF.C.NetConnTag( 3155): [E]pa ok: 55664
D/MSF.C.NetConnTag( 3155): [E]netSend ssoSeq:55664 uin:*7650 cmd:1926734418 55787
D/MSF.C.NetConnTag( 3155): [E]netRecv ssoSeq:55664 uin:*7650 cmd:1926734418 55823
D/MSF.C.NetConnTag( 3155): [E]pa ok: 55665
D/MSF.C.NetConnTag( 3155): [E]netSend ssoSeq:55665 uin:*7650 cmd:1926734418 55788
D/MSF.C.NetConnTag( 3155): [E]netRecv ssoSeq:55665 uin:*7650 cmd:1926734418 55824
D/wpa_supplicant(25900): RX ctrl_iface - hexdump(len=11): 53 49 47 4e 41 4c 5f 50 4f 4c 4c
D/wpa_supplicant(25900): wlan0: Control interface command 'SIGNAL_POLL'
D/wpa_supplicant(25900): nl80211: survey data missing!
I/LocationService(26922): onStartCommand
W/IdleConnectionHandler(29507): Removing a connection that never existed!
W/IdleConnectionHandler(29507): Removing a connection that never existed!
W/IdleConnectionHandler(29507): Removing a connection that never existed!
D/nubiatel:nubia.tel.extra( 1184): queryIpv6WhenOnlyIpv4Addr pid = 29507 uid = 10095 name = com.tencent.portfolio
D/wpa_supplicant(25900): RX ctrl_iface - hexdump(len=11): 53 49 47 4e 41 4c 5f 50 4f 4c 4c
D/wpa_supplicant(25900): wlan0: Control interface command 'SIGNAL_POLL'
D/wpa_supplicant(25900): nl80211: survey data missing!
D/MSF.C.NetConnTag( 3155): [E]netRecv ssoSeq:-1685618777 uin:*7650 cmd:-316037937 -1685618506
D/Q.msg.TroopMsgProxy( 5330): [E]insertToList MessageRecord=friendUin:9371senderuin:9290,istroop:1,msgType:-1000,time:1437622224,shmsgseq:241711
D/nubiatel:nubia.tel.extra( 1184): queryIpv6WhenOnlyIpv4Addr pid = 29507 uid = 10095 name = com.tencent.portfolio
D/nubiatel:nubia.tel.extra( 1184): queryIpv6WhenOnlyIpv4Addr pid = 29507 uid = 10095 name = com.tencent.portfolio
D/dalvikvm( 1312): GC_FOR_ALLOC freed 536K, 67% free 3863K/11576K, paused 16ms, total 16ms
D/dalvikvm( 3722): GC_FOR_ALLOC freed 514K, 72% free 3324K/11576K, paused 24ms, total 24ms
D/wpa_supplicant(25900): RX ctrl_iface - hexdump(len=11): 53 49 47 4e 41 4c 5f 50 4f 4c 4c
D/wpa_supplicant(25900): wlan0: Control interface command 'SIGNAL_POLL'
D/wpa_supplicant(25900): nl80211: survey data missing!
D/wpa_supplicant(25900): RX ctrl_iface - hexdump(len=11): 53 49 47 4e 41 4c 5f 50 4f 4c 4c
D/wpa_supplicant(25900): wlan0: Control interface command 'SIGNAL_POLL'
D/wpa_supplicant(25900): nl80211: survey data missing!
D/wpa_supplicant(25900): RX ctrl_iface - hexdump(len=11): 53 49 47 4e 41 4c 5f 50 4f 4c 4c
D/wpa_supplicant(25900): wlan0: Control interface command 'SIGNAL_POLL'
D/wpa_supplicant(25900): nl80211: survey data missing!
D/MSF.C.NetConnTag( 3155): [E]netRecv ssoSeq:-1685579247 uin:*7650 cmd:-316037937 -1685578952
D/Q.msg.TroopMsgProxy( 5330): [E]insertToList MessageRecord=friendUin:9371senderuin:3331,istroop:1,msgType:-1000,time:1437622232,shmsgseq:241712
D/wpa_supplicant(25900): RX ctrl_iface - hexdump(len=11): 53 49 47 4e 41 4c 5f 50 4f 4c 4c
D/wpa_supplicant(25900): wlan0: Control interface command 'SIGNAL_POLL'
D/wpa_supplicant(25900): nl80211: survey data missing!
D/MSF.C.NetConnTag( 3155): [E]netRecv ssoSeq:-1685552203 uin:*7650 cmd:-316037937 -1685551340
D/Q.msg.TroopMsgProxy( 5330): [E]insertToList MessageRecord=friendUin:2771senderuin:9361,istroop:1,msgType:-1035,time:1437622237,shmsgseq:2411
D/ProxyIpManagerImpl( 5330): [E]Load local proxy ip failed, uin:*7650 type: 3 reason: not mobile network!
D/ProxyIpManagerImpl( 5330): [E]Load local proxy ip failed, uin:*7650 type: 3 reason: not mobile network!
D/MSF.C.NetConnTag( 3155): [E]add quick send timeout check 55668
D/MSF.C.NetConnTag( 3155): [E]pa ok: 55668
D/MSF.C.NetConnTag( 3155): [E]netSend ssoSeq:55668 uin:*7650 cmd:-607473955 55815
D/MSF.C.NetConnTag( 3155): [E]add quick send timeout check 55670
D/MSF.C.NetConnTag( 3155): [E]pa ok: 55670
D/MSF.C.NetConnTag( 3155): [E]netSend ssoSeq:55670 uin:*7650 cmd:-607473955 55817
D/MSF.C.NetConnTag( 3155): [E]netRecv ssoSeq:55668 uin:*7650 cmd:-607473955 55979
D/QuickSendManager( 3155): [E]onRecvNormalResp, cmd: ImgStore.GroupPicDown ssoSeq: 55668
D/QuickSendManager( 3155): [E]remove timoutchecker for msg
D/MSF.C.NetConnTag( 3155): [E]netRecv ssoSeq:55670 uin:*7650 cmd:-607473955 55981
D/QuickSendManager( 3155): [E]onRecvNormalResp, cmd: ImgStore.GroupPicDown ssoSeq: 55670
D/QuickSendManager( 3155): [E]remove timoutchecker for msg
D/wpa_supplicant(25900): RX ctrl_iface - hexdump(len=11): 53 49 47 4e 41 4c 5f 50 4f 4c 4c
D/wpa_supplicant(25900): wlan0: Control interface command 'SIGNAL_POLL'
D/wpa_supplicant(25900): nl80211: survey data missing!
D/MSF.C.NetConnTag( 3155): [E]netRecv ssoSeq:-1685543424 uin:*7650 cmd:-316037937 -1685543113
D/Q.msg.TroopMsgProxy( 5330): [E]insertToList MessageRecord=friendUin:9205senderuin:6302,istroop:1,msgType:-1000,time:1437622239,shmsgseq:69214
D/FlowPro ( 5330): [E]recvData:10099 ep.getTotalLen:10099 rep.totalBlockLen:10099 netResp.mWrittenBlockLen:0
D/FlowPro ( 5330): [E]recvData:2379 ep.getTotalLen:2379 rep.totalBlockLen:2379 netResp.mWrittenBlockLen:0
D/wpa_supplicant(25900): RX ctrl_iface - hexdump(len=11): 53 49 47 4e 41 4c 5f 50 4f 4c 4c
D/wpa_supplicant(25900): wlan0: Control interface command 'SIGNAL_POLL'
D/wpa_supplicant(25900): nl80211: survey data missing!
D/MSF.C.NetConnTag( 3155): [E]netRecv ssoSeq:-1685534230 uin:*7650 cmd:-316037937 -1685533903
D/dalvikvm( 5330): GC_FOR_ALLOC freed 8133K, 29% free 28140K/39088K, paused 73ms, total 73ms
D/Q.msg.TroopMsgProxy( 5330): [E]insertToList MessageRecord=friendUin:9205senderuin:6672,istroop:1,msgType:-1000,time:1437622241,shmsgseq:69215
D/wpa_supplicant(25900): RX ctrl_iface - hexdump(len=11): 53 49 47 4e 41 4c 5f 50 4f 4c 4c
D/wpa_supplicant(25900): wlan0: Control interface command 'SIGNAL_POLL'
D/wpa_supplicant(25900): nl80211: survey data missing!
W/Settings( 3155): Setting airplane_mode_on has moved from android.provider.Settings.System to android.provider.Settings.Global, returning read-only value.
W/beacon  ( 3155): onUserAction return false, because eventName:[actGroupPicDownloadV1] is not allowed in server strategy!
W/Settings( 3155): Setting airplane_mode_on has moved from android.provider.Settings.System to android.provider.Settings.Global, returning read-only value.
D/wpa_supplicant(25900): RX ctrl_iface - hexdump(len=11): 53 49 47 4e 41 4c 5f 50 4f 4c 4c
D/wpa_supplicant(25900): wlan0: Control interface command 'SIGNAL_POLL'
D/wpa_supplicant(25900): nl80211: survey data missing!
D/wpa_supplicant(25900): RX ctrl_iface - hexdump(len=11): 53 49 47 4e 41 4c 5f 50 4f 4c 4c
D/wpa_supplicant(25900): wlan0: Control interface command 'SIGNAL_POLL'
D/wpa_supplicant(25900): nl80211: survey data missing!
D/AccessSchedulerTrigger( 5330): onAccessSchedulerTriggered by timer, curTime:78413210
I/AccessSchedulerImpl( 5330): onAccessSchedulerTriggered... try to addTask
I/AccessSchedulerImpl( 5330): addTask...
D/AccessSchedulerImpl( 5330): before add, queue size:0
D/AccessSchedulerImpl( 5330): addTask ret:true
D/AccessSchedulerImpl( 5330): after add, queue size:1
D/AccessSchedulerImpl( 5330): task taked, try scheduler...
I/AccessSchedulerImpl( 5330): scheduler...begin
I/DataAccessDBImpl( 5330): updateApnUseTime... for apn:ssid_"MAILTEST"d4:ee:07:1f:8b:ca,updateRet:3
I/AccessSchedulerStorageManager( 5330): updateApnUseTime... apnName:ssid_"MAILTEST"d4:ee:07:1f:8b:ca
I/AccessSchedulerStorageManager( 5330): isNeedScheduler... 
D/AccessSchedulerStorageManager( 5330): try updateCacheInfo...currentApn:ssid_"MAILTEST"d4:ee:07:1f:8b:ca
I/AccessSchedulerStorageManager( 5330): same apn. no need update.
I/AccessSchedulerStorageManager( 5330): domainInfo for domain:dispatcher.3g.qq.com is null or expired. need schedule...
D/AccessSchedulerImpl( 5330): request info:0M3006CS7U0ZC2K3,5.7.2,260,1.1.8.428,864476022241795_d0:5b:a8:10:86:fc,[dispatcher.3g.qq.com, lbs.map.qq.com, lbssp.map.qq.com],null,1,0
I/aw      ( 5330): updateApn
I/WupTaskController( 5330): doSendData try send task:6,sk:Socket[address=/14.17.41.159,port=0,localPort=0]
D/WupTaskController( 5330): doSendData: sent data len:259
I/WupTaskController( 5330): readerLock waked... task size:1
I/WupTaskController( 5330): doReadData: try read data...sk:Socket[address=/14.17.41.159,port=0,localPort=0]
D/WupTaskController( 5330): try read packet size: 4 bytes
D/WupTaskController( 5330): doReadData fail, now task num:1
W/WupTaskController( 5330): try reConnect...
D/AccessSchedulerStorageManager( 5330): try updateCacheInfo...currentApn:ssid_"MAILTEST"d4:ee:07:1f:8b:ca
I/AccessSchedulerStorageManager( 5330): same apn. no need update.
D/SocketConnectorImpl( 5330): doConnect...
D/ParallelThreadHandler( 5330): getParallelThreadHandler ...
D/ParallelThreadHandler( 5330): getParallelThreadHandler found index:0
D/ParallelThreadHandler( 5330): getParallelThreadHandler ...
D/ParallelThreadHandler( 5330): getParallelThreadHandler found index:1
W/ConnectIpRunnable( 5330): Thread:index:0 isDaemon:true
D/ConnectIpRunnable( 5330): ConnectIpRunnable run start. ip:14.17.41.159,port:14000
W/ConnectIpRunnable( 5330): Thread:index:1 isDaemon:true
D/ConnectIpRunnable( 5330): ConnectIpRunnable run start. ip:123.151.10.177,port:14000
D/ConnectIpRunnable( 5330): ConnectIpRunnable run end. ip:123.151.10.177,port:14000,_sk:Socket[address=/123.151.10.177,port=0,localPort=0],cost:50
D/ConnectIpRunnable( 5330): ConnectIpRunnable run end. ip:14.17.41.159,port:14000,_sk:Socket[address=/14.17.41.159,port=0,localPort=0],cost:53
D/ParallelResolver( 5330): getFastSocket end. socket:Socket[address=/14.17.41.159,port=0,localPort=0]
D/SocketConnectorImpl( 5330): use IpList, dnsTime: 0 ,connectTime：103
W/WupTaskController( 5330): reConnect ok. sk:Socket[address=/14.17.41.159,port=0,localPort=0],accessIP:14.17.41.159:14000
I/WupTaskController( 5330): reConnect socket succ. sk:Socket[address=/14.17.41.159,port=0,localPort=0]
I/WupTaskController( 5330): doSendData try send task:6,sk:Socket[address=/14.17.41.159,port=0,localPort=0]
D/WupTaskController( 5330): doSendData: sent data len:259
I/WupTaskController( 5330): doReadData: try read data...sk:Socket[address=/14.17.41.159,port=0,localPort=0]
D/WupTaskController( 5330): try read packet size: 4 bytes
D/WupTaskController( 5330): try read:836
D/WupTaskController( 5330): read ret:836
I/WupTaskController( 5330): doSendReceive: read finish,readLen=840
D/WupTaskController( 5330): doReadData ok, now task num:0
I/WupTaskController( 5330): wait for readerLock... task size:0
I/AccessSchedulerImpl( 5330): scheduler...response:accessInfo:c.t.m.g.s@41c78818, sdkCfgInfo:connectTimeout:20000,readTimeout:2000,apnCachedNum:8,parallelNum:2,expireTime:120, sdkAccessInfo:c.t.m.g.c@42241138
I/AccessSchedulerStorageManager( 5330): try updateAccessInfo...
I/DataAccessDBImpl( 5330): update record...ret:1,apnName:ssid_"MAILTEST"d4:ee:07:1f:8b:ca,domain:dispatcher.3g.qq.com,ip:14.17.41.159:14000,123.151.10.177:14000
I/DataAccessDBImpl( 5330): update record...ret:1,apnName:ssid_"MAILTEST"d4:ee:07:1f:8b:ca,domain:lbs.map.qq.com,ip:101.226.89.31:80,101.226.89.156:80,101.226.89.157:80,101.226.89.41:80,123.151.38.32:80,123.151.38.36:80,123.151.38.35:80,123.151.38.33:80
I/DataAccessDBImpl( 5330): update record...ret:1,apnName:ssid_"MAILTEST"d4:ee:07:1f:8b:ca,domain:lbssp.map.qq.com,ip:101.226.89.156:80,101.226.89.41:80,101.226.89.157:80,101.226.89.31:80,14.17.18.32:80,14.17.18.35:80,14.17.18.34:80,14.17.18.33:80
I/AccessSchedulerConfiguration( 5330): updateSdkCfInfo...SdkCfgInfo:connectTimeout:20000,readTimeout:2000,apnCachedNum:8,parallelNum:2,expireTime:120
I/AccessSchedulerImpl( 5330): scheduler...end. apn:null, retCode:0,failInfo:null
I/AccessSchedulerStatistics( 5330): AccessSchedulerStatistics...onAccessSchedulerFinished, do sdk report...
I/AccessSchedulerStatistics( 5330): AccessSchedulerFinished：ReportStruct [appId=0M3006CS7U0ZC2K3, appVerName=5.7.2, appVerCode=260, sdkVersion=1.1.8.428, uuid=864476022241795_d0:5b:a8:10:86:fc, apn=null, ssid=ssid_"MAILTEST"d4:ee:07:1f:8b:ca, netType=1, opType=0, domain=dispatcher.3g.qq.com|lbs.map.qq.com|lbssp.map.qq.com, accessIp=14.17.41.159:14000, isNetConnected=1, retCode=0, failInfo=null, exceptionInfo=null, dnsTime=0, connectTime=103, waitTime=54, readTime=0, dataLength=0, totalTime=189, retryTime=0, uniqueRequestKey=C7CE57917731027CEB1E8636F69A04E2, url=null, isUseSchedulerIp=0, probability=null, rule=null]
D/AccessSchedulerImpl( 5330): try take a task...
D/wpa_supplicant(25900): RX ctrl_iface - hexdump(len=11): 53 49 47 4e 41 4c 5f 50 4f 4c 4c
D/wpa_supplicant(25900): wlan0: Control interface command 'SIGNAL_POLL'
D/wpa_supplicant(25900): nl80211: survey data missing!
I/LocationService(26922): onStartCommand
D/MSF.C.NetConnTag( 3155): [E]netRecv ssoSeq:-1685472296 uin:*7650 cmd:-316037937 -1685471993
D/Q.msg.TroopMsgProxy( 5330): [E]insertToList MessageRecord=friendUin:9371senderuin:6778,istroop:1,msgType:-1000,time:1437622253,shmsgseq:241713
D/MSF.C.NetConnTag( 3155): [E]netRecv ssoSeq:-1685470487 uin:*7650 cmd:-316037937 -1685470152
D/Q.msg.TroopMsgProxy( 5330): [E]insertToList MessageRecord=friendUin:9371senderuin:9196,istroop:1,msgType:-1000,time:1437622254,shmsgseq:241714
D/wpa_supplicant(25900): RX ctrl_iface - hexdump(len=11): 53 49 47 4e 41 4c 5f 50 4f 4c 4c
D/wpa_supplicant(25900): wlan0: Control interface command 'SIGNAL_POLL'
D/wpa_supplicant(25900): nl80211: survey data missing!
D/MSAP-NATIVE( 1486): about to call msapb_search
W/LOWI-SERVER(  409): [LOWIController] Error in getting response from cache
W/LOWI-SERVER(  409): [LOWIScanResultReceiver] No result, due to terminate or no memory
D/wpa_supplicant(25900): nl80211: Event message available
D/wpa_supplicant(25900): nl80211: Drv Event 33 (NL80211_CMD_TRIGGER_SCAN) received for wlan0
D/wpa_supplicant(25900): wlan0: nl80211: Scan trigger
D/wpa_supplicant(25900): wlan0: Event SCAN_STARTED (57) received
D/wpa_supplicant(25900): wlan0: External program started a scan
I/wpa_supplicant(25900): wlan0: CTRL-EVENT-SCAN-STARTED 
D/wpa_supplicant(25900): CTRL_IFACE monitor send - hexdump(len=40): 2f 64 61 74 61 2f 6d 69 73 63 2f 77 69 66 69 2f 73 6f 63 6b 65 74 73 2f 77 70 61 5f 63 74 72 6c ...
W/LOWI-Scan(  409): Failed to get Valid messages on Netlink. Err -11
D/wpa_supplicant(25900): nl80211: Event message available
D/wpa_supplicant(25900): nl80211: Drv Event 34 (NL80211_CMD_NEW_SCAN_RESULTS) received for wlan0
D/wpa_supplicant(25900): wlan0: nl80211: New scan results available
D/wpa_supplicant(25900): wlan0: Event SCAN_RESULTS (3) received
D/wpa_supplicant(25900): nl80211: Associated on 2462 MHz
D/wpa_supplicant(25900): nl80211: Associated with d4:ee:07:1f:8b:ca
D/wpa_supplicant(25900): nl80211: Received scan results (16 BSSes)
D/wpa_supplicant(25900): nl80211: Survey data missing
D/wpa_supplicant(25900): nl80211: Scan results indicate BSS status with d4:ee:07:1f:8b:ca as associated
D/wpa_supplicant(25900): Sorted scan results
D/wpa_supplicant(25900): d4:ee:07:1f:8b:ca freq=2462 qual=0 noise=0 level=-34 flags=0x2b age=242130
D/wpa_supplicant(25900): IEs - hexdump(len=217): 00 08 4d 41 49 4c 54 45 53 54 01 08 82 84 8b 96 12 24 48 6c 03 01 0b 2a 01 04 32 04 0c 18 30 60 ...
D/wpa_supplicant(25900): 00:36:76:6e:77:55 freq=2437 qual=0 noise=0 level=-41 flags=0xb age=0
D/wpa_supplicant(25900): IEs - hexdump(len=246): 00 0b 33 36 30 2d 35 35 2d 6a 69 6e 70 01 08 82 84 8b 96 12 24 48 6c 03 01 06 2a 01 04 32 04 0c ...
D/wpa_supplicant(25900): d8:5d:4c:4f:89:10 freq=2412 qual=0 noise=0 level=-51 flags=0xb age=0
D/wpa_supplicant(25900): IEs - hexdump(len=106): 00 08 69 4c 6f 76 65 79 6f 75 01 08 82 84 8b 96 0c 18 30 48 03 01 01 2a 01 00 32 04 12 24 60 6c ...
D/wpa_supplicant(25900): 14:2d:27:3a:71:15 freq=2447 qual=0 noise=0 level=-52 flags=0xb age=0
D/wpa_supplicant(25900): IEs - hexdump(len=150): 00 04 72 65 61 6c 01 08 82 84 8b 96 8c 12 98 24 03 01 08 30 14 01 00 00 0f ac 04 01 00 00 0f ac ...
D/wpa_supplicant(25900): b8:55:10:9f:45:90 freq=2462 qual=0 noise=0 level=-54 flags=0xb age=0
D/wpa_supplicant(25900): IEs - hexdump(len=244): 00 0f 54 4f 54 4f 4c 49 4e 4b 5f 39 46 34 35 39 30 01 08 82 84 8b 96 0c 12 18 24 03 01 0b 2a 01 ...
D/wpa_supplicant(25900): 5c:63:bf:f5:75:b4 freq=2452 qual=0 noise=0 level=-57 flags=0xb age=0
D/wpa_supplicant(25900): IEs - hexdump(len=226): 00 02 54 48 01 08 82 84 8b 96 0c 12 18 24 03 01 09 2a 01 02 30 14 01 00 00 0f ac 04 01 00 00 0f ...
D/wpa_supplicant(25900): 00:87:36:2a:b1:45 freq=2412 qual=0 noise=0 level=-61 flags=0xb age=0
D/wpa_supplicant(25900): IEs - hexdump(len=243): 00 08 57 69 46 69 2d 34 31 33 01 08 82 84 8b 96 12 24 48 6c 03 01 01 2a 01 04 32 04 0c 18 30 60 ...
D/wpa_supplicant(25900): 00:36:76:6e:89:5a freq=2412 qual=0 noise=0 level=-63 flags=0xb age=0
D/wpa_supplicant(25900): IEs - hexdump(len=238): 00 00 01 08 82 84 8b 96 12 24 48 6c 03 01 01 32 04 0c 18 30 60 dd 18 00 50 f2 01 01 00 00 50 f2 ...
D/wpa_supplicant(25900): ec:26:ca:c2:91:da freq=2447 qual=0 noise=0 level=-60 flags=0xb age=0
D/wpa_supplicant(25900): IEs - hexdump(len=121): 00 00 01 04 82 84 8b 96 03 01 08 05 04 00 01 00 00 07 06 43 4e 20 01 0d 20 30 14 01 00 00 0f ac ...
D/wpa_supplicant(25900): 00:87:32:79:0f:c4 freq=2412 qual=0 noise=0 level=-66 flags=0xb age=0
D/wpa_supplicant(25900): IEs - hexdump(len=245): 00 0a 6b 65 62 69 62 75 6b 75 61 62 01 08 82 84 8b 96 12 24 48 6c 03 01 01 2a 01 04 32 04 0c 18 ...
D/wpa_supplicant(25900): 44:33:4c:e8:02:c4 freq=2412 qual=0 noise=0 level=-68 flags=0xb age=0
D/wpa_supplicant(25900): IEs - hexdump(len=218): 00 09 33 30 73 68 65 6e 67 61 6e 01 08 82 84 8b 96 12 24 48 6c 03 01 01 2a 01 04 32 04 0c 18 30 ...
D/wpa_supplicant(25900): ea:b1:fc:c9:19:68 freq=2462 qual=0 noise=0 level=-70 flags=0xb age=0
D/wpa_supplicant(25900): IEs - hexdump(len=151): 00 01 31 01 08 8c 12 98 24 b0 48 60 6c 03 01 0b 05 04 01 03 00 00 2a 01 00 2d 1a 64 08 17 ff ff ...
D/wpa_supplicant(25900): 50:bd:5f:5f:21:bd freq=2437 qual=0 noise=0 level=-82 flags=0xb age=0
D/wpa_supplicant(25900): IEs - hexdump(len=188): 00 00 01 08 82 84 8b 96 0c 12 18 24 03 01 06 05 04 00 01 00 00 2a 01 00 32 04 30 48 60 6c 2d 1a ...
D/wpa_supplicant(25900): 8c:34:fd:a2:04:dc freq=2462 qual=0 noise=0 level=-86 flags=0xb age=0
D/wpa_supplicant(25900): IEs - hexdump(len=173): 00 07 45 53 5f 36 36 35 38 01 08 82 84 8b 96 24 30 48 6c 03 01 0b 07 06 43 4e 20 01 0d 14 20 01 ...
D/wpa_supplicant(25900): f8:0b:d0:09:cf:23 freq=2447 qual=0 noise=0 level=-89 flags=0xb age=0
D/wpa_supplicant(25900): IEs - hexdump(len=344): 00 0c 33 36 30 77 65 74 64 72 65 61 6d 73 01 08 82 84 8b 96 0c 12 18 24 03 01 08 07 06 43 4e 20 ...
D/wpa_supplicant(25900): 14:cf:92:84:50:8a freq=2437 qual=0 noise=0 level=-74 flags=0xb age=0
D/wpa_supplicant(25900): IEs - hexdump(len=192): 00 0e 54 50 2d 4c 49 4e 4b 5f 38 34 35 30 38 41 01 08 82 84 8b 96 0c 12 18 24 03 01 06 2a 01 00 ...
D/wpa_supplicant(25900): wlan0: BSS: Start scan result update 626
E/LOWI-SERVER(  409): [LOWISsid] ssid invalid!
E/LOWI-SERVER(  409): [LOWISsid] getSSID failed -4
E/LOWI-SERVER(  409): [LOWISsid] ssid invalid!
E/LOWI-SERVER(  409): [LOWISsid] getSSID failed -4
E/LOWI-SERVER(  409): [LOWISsid] ssid invalid!
E/LOWI-SERVER(  409): [LOWISsid] getSSID failed -4
D/wpa_supplicant(25900): wlan0: BSS: Add new id 1050 BSSID 00:36:76:6e:89:5a SSID ''
D/wpa_supplicant(25900): CTRL_IFACE monitor send - hexdump(len=40): 2f 64 61 74 61 2f 6d 69 73 63 2f 77 69 66 69 2f 73 6f 63 6b 65 74 73 2f 77 70 61 5f 63 74 72 6c ...
D/wpa_supplicant(25900): wlan0: BSS: Add new id 1051 BSSID 50:bd:5f:5f:21:bd SSID ''
D/wpa_supplicant(25900): CTRL_IFACE monitor send - hexdump(len=40): 2f 64 61 74 61 2f 6d 69 73 63 2f 77 69 66 69 2f 73 6f 63 6b 65 74 73 2f 77 70 61 5f 63 74 72 6c ...
D/wpa_supplicant(25900): BSS: last_scan_res_used=16/32 last_scan_full=0
D/wpa_supplicant(25900): wlan0: New scan results available (own=0 ext=1)
D/wpa_supplicant(25900): CTRL_IFACE monitor send - hexdump(len=40): 2f 64 61 74 61 2f 6d 69 73 63 2f 77 69 66 69 2f 73 6f 63 6b 65 74 73 2f 77 70 61 5f 63 74 72 6c ...
D/wpa_supplicant(25900): wlan0: Do not use results from externally requested scan operation for network selection
D/wpa_supplicant(25900): wlan0: Checking for other virtual interfaces sharing same radio (phy2) in event_scan_results
D/wpa_supplicant(25900): p2p0: Updating scan results from sibling
D/wpa_supplicant(25900): nl80211: Received scan results (16 BSSes)
I/QCALOG  ( 1486): [LOWIUtils] inPostcardToResponse - FROM: LOWI-SERVER, TO:   1074274644-LOWIClient, RESP:  LOWI_DISCOVERY_SCAN
D/wpa_supplicant(25900): nl80211: Survey data missing
D/wpa_supplicant(25900): Sorted scan results
D/wpa_supplicant(25900): d4:ee:07:1f:8b:ca freq=2462 qual=0 noise=0 level=-34 flags=0xb age=242140
D/wpa_supplicant(25900): IEs - hexdump(len=217): 00 08 4d 41 49 4c 54 45 53 54 01 08 82 84 8b 96 12 24 48 6c 03 01 0b 2a 01 04 32 04 0c 18 30 60 ...
D/wpa_supplicant(25900): 00:36:76:6e:77:55 freq=2437 qual=0 noise=0 level=-41 flags=0xb age=10
D/wpa_supplicant(25900): IEs - hexdump(len=246): 00 0b 33 36 30 2d 35 35 2d 6a 69 6e 70 01 08 82 84 8b 96 12 24 48 6c 03 01 06 2a 01 04 32 04 0c ...
D/wpa_supplicant(25900): d8:5d:4c:4f:89:10 freq=2412 qual=0 noise=0 level=-51 flags=0xb age=10
D/wpa_supplicant(25900): IEs - hexdump(len=106): 00 08 69 4c 6f 76 65 79 6f 75 01 08 82 84 8b 96 0c 18 30 48 03 01 01 2a 01 00 32 04 12 24 60 6c ...
D/wpa_supplicant(25900): 14:2d:27:3a:71:15 freq=2447 qual=0 noise=0 level=-52 flags=0xb age=10
I/QCALOG  ( 1486): [LOWIWrapper] responseReceived Request Id = 199
D/wpa_supplicant(25900): IEs - hexdump(len=150): 00 04 72 65 61 6c 01 08 82 84 8b 96 8c 12 98 24 03 01 08 30 14 01 00 00 0f ac 04 01 00 00 0f ac ...
D/wpa_supplicant(25900): b8:55:10:9f:45:90 freq=2462 qual=0 noise=0 level=-54 flags=0xb age=10
E/QCALOG  ( 1486): [LOWISsid] ssid invalid!
E/QCALOG  ( 1486): [LOWISsid] getSSID failed -4
E/QCALOG  ( 1486): [LOWISsid] ssid invalid!
E/QCALOG  ( 1486): [LOWISsid] getSSID failed -4
D/wpa_supplicant(25900): IEs - hexdump(len=244): 00 0f 54 4f 54 4f 4c 49 4e 4b 5f 39 46 34 35 39 30 01 08 82 84 8b 96 0c 12 18 24 03 01 0b 2a 01 ...
E/QCALOG  ( 1486): [LOWISsid] ssid invalid!
E/QCALOG  ( 1486): [LOWISsid] getSSID failed -4
D/wpa_supplicant(25900): 5c:63:bf:f5:75:b4 freq=2452 qual=0 noise=0 level=-57 flags=0xb age=10
D/wpa_supplicant(25900): IEs - hexdump(len=226): 00 02 54 48 01 08 82 84 8b 96 0c 12 18 24 03 01 09 2a 01 02 30 14 01 00 00 0f ac 04 01 00 00 0f ...
D/wpa_supplicant(25900): 00:87:36:2a:b1:45 freq=2412 qual=0 noise=0 level=-61 flags=0xb age=10
D/wpa_supplicant(25900): IEs - hexdump(len=243): 00 08 57 69 46 69 2d 34 31 33 01 08 82 84 8b 96 12 24 48 6c 03 01 01 2a 01 04 32 04 0c 18 30 60 ...
D/MSAP-NATIVE( 1486): msapb_search. RSSI initialized to = -128
D/MSAP-NATIVE( 1486): Look for msap in all ap's. AP index = 0
D/MSAP-NATIVE( 1486): Look for msap in all ap's. AP = d4:ee:7:1f:8b:ca
D/MSAP-NATIVE( 1486): Look for msap in all ap's. AP index = 1
D/MSAP-NATIVE( 1486): Look for msap in all ap's. AP = 0:36:76:6e:77:55
D/wpa_supplicant(25900): 00:36:76:6e:89:5a freq=2412 qual=0 noise=0 level=-63 flags=0xb age=10
D/MSAP-NATIVE( 1486): Look for msap in all ap's. AP index = 2
D/MSAP-NATIVE( 1486): Look for msap in all ap's. AP = 14:2d:27:3a:71:15
D/MSAP-NATIVE( 1486): Look for msap in all ap's. AP index = 3
D/MSAP-NATIVE( 1486): Look for msap in all ap's. AP = b8:55:10:9f:45:90
D/MSAP-NATIVE( 1486): Look for msap in all ap's. AP index = 4
D/MSAP-NATIVE( 1486): Look for msap in all ap's. AP = d8:5d:4c:4f:89:10
D/MSAP-NATIVE( 1486): Look for msap in all ap's. AP index = 5
D/MSAP-NATIVE( 1486): Look for msap in all ap's. AP = 5c:63:bf:f5:75:b4
D/MSAP-NATIVE( 1486): Look for msap in all ap's. AP index = 6
D/MSAP-NATIVE( 1486): Look for msap in all ap's. AP = ec:26:ca:c2:91:da
D/MSAP-NATIVE( 1486): Look for msap in all ap's. AP index = 7
D/MSAP-NATIVE( 1486): Look for msap in all ap's. AP = 0:36:76:6e:89:5a
D/wpa_supplicant(25900): IEs - hexdump(len=238): 00 00 01 08 82 84 8b 96 12 24 48 6c 03 01 01 32 04 0c 18 30 60 dd 18 00 50 f2 01 01 00 00 50 f2 ...
D/MSAP-NATIVE( 1486): Look for msap in all ap's. AP index = 8
D/MSAP-NATIVE( 1486): Look for msap in all ap's. AP = 0:87:36:2a:b1:45
D/MSAP-NATIVE( 1486): Look for msap in all ap's. AP index = 9
D/MSAP-NATIVE( 1486): Look for msap in all ap's. AP = 44:33:4c:e8:2:c4
D/MSAP-NATIVE( 1486): Look for msap in all ap's. AP index = 10
D/MSAP-NATIVE( 1486): Look for msap in all ap's. AP = 0:87:32:79:f:c4
D/MSAP-NATIVE( 1486): Look for msap in all ap's. AP index = 11
D/wpa_supplicant(25900): ec:26:ca:c2:91:da freq=2447 qual=0 noise=0 level=-60 flags=0xb age=10
D/MSAP-NATIVE( 1486): Look for msap in all ap's. AP = ea:b1:fc:c9:19:68
D/MSAP-NATIVE( 1486): Look for msap in all ap's. AP index = 12
D/wpa_supplicant(25900): IEs - hexdump(len=121): 00 00 01 04 82 84 8b 96 03 01 08 05 04 00 01 00 00 07 06 43 4e 20 01 0d 20 30 14 01 00 00 0f ac ...
D/wpa_supplicant(25900): 00:87:32:79:0f:c4 freq=2412 qual=0 noise=0 level=-66 flags=0xb age=10
D/wpa_supplicant(25900): IEs - hexdump(len=245): 00 0a 6b 65 62 69 62 75 6b 75 61 62 01 08 82 84 8b 96 12 24 48 6c 03 01 01 2a 01 04 32 04 0c 18 ...
D/wpa_supplicant(25900): 44:33:4c:e8:02:c4 freq=2412 qual=0 noise=0 level=-68 flags=0xb age=10
D/wpa_supplicant(25900): IEs - hexdump(len=218): 00 09 33 30 73 68 65 6e 67 61 6e 01 08 82 84 8b 96 12 24 48 6c 03 01 01 2a 01 04 32 04 0c 18 30 ...
D/wpa_supplicant(25900): ea:b1:fc:c9:19:68 freq=2462 qual=0 noise=0 level=-70 flags=0xb age=10
D/wpa_supplicant(25900): IEs - hexdump(len=151): 00 01 31 01 08 8c 12 98 24 b0 48 60 6c 03 01 0b 05 04 01 03 00 00 2a 01 00 2d 1a 64 08 17 ff ff ...
D/wpa_supplicant(25900): 50:bd:5f:5f:21:bd freq=2437 qual=0 noise=0 level=-82 flags=0xb age=10
D/MSAP-NATIVE( 1486): Look for msap in all ap's. AP = 14:cf:92:84:50:8a
D/MSAP-NATIVE( 1486): Look for msap in all ap's. AP index = 13
D/MSAP-NATIVE( 1486): Look for msap in all ap's. AP = 50:bd:5f:5f:21:bd
D/MSAP-NATIVE( 1486): Look for msap in all ap's. AP index = 14
D/MSAP-NATIVE( 1486): Look for msap in all ap's. AP = f8:b:d0:9:cf:23
D/MSAP-NATIVE( 1486): Look for msap in all ap's. AP index = 15
D/wpa_supplicant(25900): IEs - hexdump(len=188): 00 00 01 08 82 84 8b 96 0c 12 18 24 03 01 06 05 04 00 01 00 00 2a 01 00 32 04 30 48 60 6c 2d 1a ...
D/MSAP-NATIVE( 1486): Look for msap in all ap's. AP = 8c:34:fd:a2:4:dc
I/MSAP-NATIVE( 1486): msapb_search returned with 0 beacons
D/wpa_supplicant(25900): 8c:34:fd:a2:04:dc freq=2462 qual=0 noise=0 level=-86 flags=0xb age=10
D/wpa_supplicant(25900): IEs - hexdump(len=173): 00 07 45 53 5f 36 36 35 38 01 08 82 84 8b 96 24 30 48 6c 03 01 0b 07 06 43 4e 20 01 0d 14 20 01 ...
D/wpa_supplicant(25900): f8:0b:d0:09:cf:23 freq=2447 qual=0 noise=0 level=-89 flags=0xb age=10
D/wpa_supplicant(25900): IEs - hexdump(len=344): 00 0c 33 36 30 77 65 74 64 72 65 61 6d 73 01 08 82 84 8b 96 0c 12 18 24 03 01 08 07 06 43 4e 20 ...
D/wpa_supplicant(25900): 14:cf:92:84:50:8a freq=2437 qual=0 noise=0 level=-74 flags=0xb age=10
D/wpa_supplicant(25900): IEs - hexdump(len=192): 00 0e 54 50 2d 4c 49 4e 4b 5f 38 34 35 30 38 41 01 08 82 84 8b 96 0c 12 18 24 03 01 06 2a 01 00 ...
D/wpa_supplicant(25900): p2p0: BSS: Start scan result update 441
I/MSAPBM  ( 1486): Loop - MSAP Version = 2.0.4
D/wpa_supplicant(25900): p2p0: BSS: Add new id 1116 BSSID d4:ee:07:1f:8b:ca SSID 'MAILTEST'
D/wpa_supplicant(25900): CTRL_IFACE monitor send - hexdump(len=40): 2f 64 61 74 61 2f 6d 69 73 63 2f 77 69 66 69 2f 73 6f 63 6b 65 74 73 2f 77 70 61 5f 63 74 72 6c ...
D/wpa_supplicant(25900): p2p0: BSS: Add new id 1117 BSSID 00:36:76:6e:89:5a SSID ''
D/wpa_supplicant(25900): CTRL_IFACE monitor send - hexdump(len=40): 2f 64 61 74 61 2f 6d 69 73 63 2f 77 69 66 69 2f 73 6f 63 6b 65 74 73 2f 77 70 61 5f 63 74 72 6c ...
D/wpa_supplicant(25900): p2p0: BSS: Add new id 1118 BSSID 50:bd:5f:5f:21:bd SSID ''
D/wpa_supplicant(25900): CTRL_IFACE monitor send - hexdump(len=40): 2f 64 61 74 61 2f 6d 69 73 63 2f 77 69 66 69 2f 73 6f 63 6b 65 74 73 2f 77 70 61 5f 63 74 72 6c ...
D/wpa_supplicant(25900): BSS: last_scan_res_used=16/32 last_scan_full=0
D/wpa_supplicant(25900): p2p0: New scan results available (own=0 ext=0)
D/wpa_supplicant(25900): CTRL_IFACE monitor send - hexdump(len=40): 2f 64 61 74 61 2f 6d 69 73 63 2f 77 69 66 69 2f 73 6f 63 6b 65 74 73 2f 77 70 61 5f 63 74 72 6c ...
D/wpa_supplicant(25900): WPS: attr type=0x104a len=1
D/wpa_supplicant(25900): WPS: attr type=0x1044 len=1
D/wpa_supplicant(25900): WPS: attr type=0x103b len=1
D/wpa_supplicant(25900): WPS: attr type=0x1047 len=16
D/wpa_supplicant(25900): WPS: attr type=0x1021 len=7
D/wpa_supplicant(25900): WPS: attr type=0x1023 len=19
D/wpa_supplicant(25900): WPS: attr type=0x1024 len=4
D/wpa_supplicant(25900): WPS: attr type=0x1042 len=4
D/wpa_supplicant(25900): WPS: attr type=0x1054 len=8
D/wpa_supplicant(25900): WPS: attr type=0x1011 len=10
D/wpa_supplicant(25900): WPS: attr type=0x1008 len=2
D/wpa_supplicant(25900): WPS: attr type=0x1049 len=6
D/wpa_supplicant(25900): WPS: WFA subelement id=0 len=1
D/wpa_supplicant(25900): WPS: attr type=0x104a len=1
D/wpa_supplicant(25900): WPS: attr type=0x1044 len=1
D/wpa_supplicant(25900): WPS: attr type=0x103b len=1
D/wpa_supplicant(25900): WPS: attr type=0x1047 len=16
D/wpa_supplicant(25900): WPS: attr type=0x1021 len=7
D/wpa_supplicant(25900): WPS: attr type=0x1023 len=19
D/wpa_supplicant(25900): WPS: attr type=0x1024 len=4
D/wpa_supplicant(25900): WPS: attr type=0x1042 len=4
D/wpa_supplicant(25900): WPS: attr type=0x1054 len=8
D/wpa_supplicant(25900): WPS: attr type=0x1011 len=10
D/wpa_supplicant(25900): WPS: attr type=0x1008 len=2
D/wpa_supplicant(25900): WPS: attr type=0x1049 len=6
D/wpa_supplicant(25900): WPS: WFA subelement id=0 len=1
D/wpa_supplicant(25900): WPS: attr type=0x104a len=1
D/wpa_supplicant(25900): WPS: attr type=0x1044 len=1
D/wpa_supplicant(25900): WPS: attr type=0x103b len=1
D/wpa_supplicant(25900): WPS: attr type=0x1047 len=16
D/wpa_supplicant(25900): WPS: attr type=0x1021 len=7
D/wpa_supplicant(25900): WPS: attr type=0x1023 len=19
D/wpa_supplicant(25900): WPS: attr type=0x1024 len=4
D/wpa_supplicant(25900): WPS: attr type=0x1042 len=4
D/wpa_supplicant(25900): WPS: attr type=0x1054 len=8
D/wpa_supplicant(25900): WPS: attr type=0x1011 len=10
D/wpa_supplicant(25900): WPS: attr type=0x1008 len=2
D/wpa_supplicant(25900): WPS: attr type=0x1049 len=6
D/wpa_supplicant(25900): WPS: WFA subelement id=0 len=1
D/wpa_supplicant(25900): CTRL_IFACE monitor send - hexdump(len=40): 2f 64 61 74 61 2f 6d 69 73 63 2f 77 69 66 69 2f 73 6f 63 6b 65 74 73 2f 77 70 61 5f 63 74 72 6c ...
D/wpa_supplicant(25900): WPS: attr type=0x104a len=1
D/wpa_supplicant(25900): WPS: attr type=0x1044 len=1
D/wpa_supplicant(25900): WPS: attr type=0x103b len=1
D/wpa_supplicant(25900): WPS: attr type=0x1047 len=16
D/wpa_supplicant(25900): WPS: attr type=0x1021 len=7
D/wpa_supplicant(25900): WPS: attr type=0x1023 len=19
D/wpa_supplicant(25900): WPS: attr type=0x1024 len=4
D/wpa_supplicant(25900): WPS: attr type=0x1042 len=4
D/wpa_supplicant(25900): WPS: attr type=0x1054 len=8
D/wpa_supplicant(25900): WPS: attr type=0x1011 len=10
D/wpa_supplicant(25900): WPS: attr type=0x1008 len=2
D/wpa_supplicant(25900): WPS: attr type=0x1049 len=6
D/wpa_supplicant(25900): WPS: WFA subelement id=0 len=1
D/wpa_supplicant(25900): WPS: AP[0] f8:0b:d0:09:cf:23 type=0 tries=0 last_attempt=-1 sec ago blacklist=0
D/wpa_supplicant(25900): p2p0: Selecting BSS from priority group 0
D/wpa_supplicant(25900): p2p0: 0: d4:ee:07:1f:8b:ca ssid='MAILTEST' wpa_ie_len=22 rsn_ie_len=20 caps=0x411 level=-34
D/wpa_supplicant(25900): 0: d4:ee:07:1f:8b:ca ssid='MAILTEST' wpa_ie_len=22 rsn_ie_len=20 wapi_ie_len=0 caps=0x411
D/wpa_supplicant(25900): p2p0:    skip - disabled
D/wpa_supplicant(25900): p2p0: 1: 00:36:76:6e:77:55 ssid='360-55-jinp' wpa_ie_len=24 rsn_ie_len=20 caps=0x431 level=-41
D/wpa_supplicant(25900): 1: 00:36:76:6e:77:55 ssid='360-55-jinp' wpa_ie_len=24 rsn_ie_len=20 wapi_ie_len=0 caps=0x431
D/wpa_supplicant(25900): p2p0:    skip - disabled
D/wpa_supplicant(25900): p2p0: 2: d8:5d:4c:4f:89:10 ssid='iLoveyou' wpa_ie_len=0 rsn_ie_len=20 caps=0x431 level=-51
D/wpa_supplicant(25900): 2: d8:5d:4c:4f:89:10 ssid='iLoveyou' wpa_ie_len=0 rsn_ie_len=20 wapi_ie_len=0 caps=0x431
D/wpa_supplicant(25900): p2p0:    skip - disabled
D/wpa_supplicant(25900): p2p0: 3: 14:2d:27:3a:71:15 ssid='real' wpa_ie_len=0 rsn_ie_len=20 caps=0x431 level=-52
D/wpa_supplicant(25900): 3: 14:2d:27:3a:71:15 ssid='real' wpa_ie_len=0 rsn_ie_len=20 wapi_ie_len=0 caps=0x431
D/wpa_supplicant(25900): p2p0:    skip - disabled
D/wpa_supplicant(25900): p2p0: 4: b8:55:10:9f:45:90 ssid='TOTOLINK_9F4590' wpa_ie_len=22 rsn_ie_len=20 caps=0x411 level=-54
D/wpa_supplicant(25900): 4: b8:55:10:9f:45:90 ssid='TOTOLINK_9F4590' wpa_ie_len=22 rsn_ie_len=20 wapi_ie_len=0 caps=0x411
D/wpa_supplicant(25900): p2p0:    skip - disabled
D/wpa_supplicant(25900): p2p0: 5: 5c:63:bf:f5:75:b4 ssid='TH' wpa_ie_len=22 rsn_ie_len=20 caps=0x431 level=-57
D/wpa_supplicant(25900): 5: 5c:63:bf:f5:75:b4 ssid='TH' wpa_ie_len=22 rsn_ie_len=20 wapi_ie_len=0 caps=0x431
D/wpa_supplicant(25900): p2p0:    skip - disabled
D/wpa_supplicant(25900): p2p0: 6: 00:87:36:2a:b1:45 ssid='WiFi-413' wpa_ie_len=24 rsn_ie_len=20 caps=0x431 level=-61
D/wpa_supplicant(25900): 6: 00:87:36:2a:b1:45 ssid='WiFi-413' wpa_ie_len=24 rsn_ie_len=20 wapi_ie_len=0 caps=0x431
D/wpa_supplicant(25900): p2p0:    skip - disabled
D/wpa_supplicant(25900): p2p0: 7: 00:36:76:6e:89:5a ssid='' wpa_ie_len=24 rsn_ie_len=20 caps=0x431 level=-63
D/wpa_supplicant(25900): 7: 00:36:76:6e:89:5a ssid='' wpa_ie_len=24 rsn_ie_len=20 wapi_ie_len=0 caps=0x431
D/wpa_supplicant(25900): p2p0:    skip - SSID not known
D/wpa_supplicant(25900): p2p0: 8: ec:26:ca:c2:91:da ssid='' wpa_ie_len=22 rsn_ie_len=20 caps=0x31 level=-60
D/wpa_supplicant(25900): 8: ec:26:ca:c2:91:da ssid='' wpa_ie_len=22 rsn_ie_len=20 wapi_ie_len=0 caps=0x31
D/wpa_supplicant(25900): p2p0:    skip - SSID not known
D/wpa_supplicant(25900): p2p0: 9: 00:87:32:79:0f:c4 ssid='kebibukuab' wpa_ie_len=24 rsn_ie_len=20 caps=0x431 level=-66
D/wpa_supplicant(25900): 9: 00:87:32:79:0f:c4 ssid='kebibukuab' wpa_ie_len=24 rsn_ie_len=20 wapi_ie_len=0 caps=0x431
D/wpa_supplicant(25900): p2p0:    skip - disabled
D/wpa_supplicant(25900): p2p0: 10: 44:33:4c:e8:02:c4 ssid='30shengan' wpa_ie_len=0 rsn_ie_len=20 caps=0x431 level=-68
D/wpa_supplicant(25900): 10: 44:33:4c:e8:02:c4 ssid='30shengan' wpa_ie_len=0 rsn_ie_len=20 wapi_ie_len=0 caps=0x431
D/wpa_supplicant(25900): p2p0:    skip - disabled
D/wpa_supplicant(25900): p2p0: 11: ea:b1:fc:c9:19:68 ssid='1' wpa_ie_len=0 rsn_ie_len=20 caps=0x8531 level=-70
D/wpa_supplicant(25900): 11: ea:b1:fc:c9:19:68 ssid='1' wpa_ie_len=0 rsn_ie_len=20 wapi_ie_len=0 caps=0x8531
D/wpa_supplicant(25900): p2p0:    skip - disabled
D/wpa_supplicant(25900): p2p0: 12: 50:bd:5f:5f:21:bd ssid='' wpa_ie_len=22 rsn_ie_len=20 caps=0x431 level=-82
D/wpa_supplicant(25900): 12: 50:bd:5f:5f:21:bd ssid='' wpa_ie_len=22 rsn_ie_len=20 wapi_ie_len=0 caps=0x431
D/wpa_supplicant(25900): p2p0:    skip - SSID not known
D/wpa_supplicant(25900): p2p0: 13: 8c:34:fd:a2:04:dc ssid='ES_6658' wpa_ie_len=0 rsn_ie_len=20 caps=0x511 level=-86
D/wpa_supplicant(25900): 13: 8c:34:fd:a2:04:dc ssid='ES_6658' wpa_ie_len=0 rsn_ie_len=20 wapi_ie_len=0 caps=0x511
D/wpa_supplicant(25900): p2p0:    skip - disabled
D/wpa_supplicant(25900): p2p0: 14: f8:0b:d0:09:cf:23 ssid='360wetdreams' wpa_ie_len=26 rsn_ie_len=24 caps=0x431 level=-89 wps
D/wpa_supplicant(25900): 14: f8:0b:d0:09:cf:23 ssid='360wetdreams' wpa_ie_len=26 rsn_ie_len=24 wapi_ie_len=0 caps=0x431
D/wpa_supplicant(25900): p2p0:    skip - disabled
D/wpa_supplicant(25900): p2p0: 15: 14:cf:92:84:50:8a ssid='TP-LINK_84508A' wpa_ie_len=0 rsn_ie_len=0 caps=0x421 level=-74
D/wpa_supplicant(25900): 15: 14:cf:92:84:50:8a ssid='TP-LINK_84508A' wpa_ie_len=0 rsn_ie_len=0 wapi_ie_len=0 caps=0x421
D/wpa_supplicant(25900): p2p0:    skip - disabled
D/wpa_supplicant(25900): p2p0: No suitable network found
D/wpa_supplicant(25900): p2p0: No enabled networks (1 disabled networks)
D/wpa_supplicant(25900): p2p0: Short-circuit new scan request since there are no enabled networks
D/wpa_supplicant(25900): p2p0: State: INACTIVE -> INACTIVE
D/wpa_supplicant(25900): wlan0: P2P: Station mode scan operation not pending anymore (sta_scan_pending=0 p2p_cb_on_scan_complete=0)
D/wpa_supplicant(25900): nl80211: Drv Event 32 (NL80211_CMD_GET_SCAN) received for wlan0
D/wpa_supplicant(25900): wlan0: nl80211: Ignored unknown event (cmd=32)
D/wpa_supplicant(25900): RX ctrl_iface - hexdump(len=25): 42 53 53 20 52 41 4e 47 45 3d 30 2d 20 4d 41 53 4b 3d 30 78 32 31 39 38 37
D/wpa_supplicant(25900): wlan0: Control interface command 'BSS RANGE=0- MASK=0x21987'
D/wpa_supplicant(25900): WPS: attr type=0x104a len=1
D/wpa_supplicant(25900): WPS: attr type=0x1044 len=1
D/wpa_supplicant(25900): WPS: attr type=0x103b len=1
D/wpa_supplicant(25900): WPS: attr type=0x1047 len=16
D/wpa_supplicant(25900): WPS: attr type=0x1021 len=7
D/wpa_supplicant(25900): WPS: attr type=0x1023 len=19
D/wpa_supplicant(25900): WPS: attr type=0x1024 len=4
D/wpa_supplicant(25900): WPS: attr type=0x1042 len=4
D/wpa_supplicant(25900): WPS: attr type=0x1054 len=8
D/wpa_supplicant(25900): WPS: attr type=0x1011 len=10
D/wpa_supplicant(25900): WPS: attr type=0x1008 len=2
D/wpa_supplicant(25900): WPS: attr type=0x1049 len=6
D/wpa_supplicant(25900): WPS: WFA subelement id=0 len=1
D/wpa_supplicant(25900): WPS: attr type=0x104a len=1
D/wpa_supplicant(25900): WPS: attr type=0x1044 len=1
D/wpa_supplicant(25900): WPS: attr type=0x103b len=1
D/wpa_supplicant(25900): WPS: attr type=0x1047 len=16
D/wpa_supplicant(25900): WPS: attr type=0x1021 len=7
D/wpa_supplicant(25900): WPS: attr type=0x1023 len=19
D/wpa_supplicant(25900): WPS: attr type=0x1024 len=4
D/wpa_supplicant(25900): WPS: attr type=0x1042 len=4
D/wpa_supplicant(25900): WPS: attr type=0x1054 len=8
D/wpa_supplicant(25900): WPS: attr type=0x1011 len=10
D/wpa_supplicant(25900): WPS: attr type=0x1008 len=2
D/wpa_supplicant(25900): WPS: attr type=0x1049 len=6
D/wpa_supplicant(25900): WPS: WFA subelement id=0 len=1
D/wpa_supplicant(25900): WPS: attr type=0x104a len=1
D/wpa_supplicant(25900): WPS: attr type=0x1044 len=1
D/wpa_supplicant(25900): WPS: attr type=0x103b len=1
D/wpa_supplicant(25900): WPS: attr type=0x1047 len=16
D/wpa_supplicant(25900): WPS: attr type=0x1021 len=7
D/wpa_supplicant(25900): WPS: attr type=0x1023 len=19
D/wpa_supplicant(25900): WPS: attr type=0x1024 len=4
D/wpa_supplicant(25900): WPS: attr type=0x1042 len=4
D/wpa_supplicant(25900): WPS: attr type=0x1054 len=8
D/wpa_supplicant(25900): WPS: attr type=0x1011 len=10
D/wpa_supplicant(25900): WPS: attr type=0x1008 len=2
D/wpa_supplicant(25900): WPS: attr type=0x1049 len=6
D/wpa_supplicant(25900): WPS: WFA subelement id=0 len=1
D/wifi_gbk2utf( 1143): parseScanResults, line=id=897
D/wifi_gbk2utf( 1143):  
D/wifi_gbk2utf( 1143): parseScanResults, line=bssid=d8:5d:4c:4f:89:10
D/wifi_gbk2utf( 1143):  
D/wifi_gbk2utf( 1143): parseScanResults, line=freq=2412
D/wifi_gbk2utf( 1143):  
D/wifi_gbk2utf( 1143): parseScanResults, line=level=-51
D/wifi_gbk2utf( 1143):  
D/wifi_gbk2utf( 1143): parseScanResults, line=tsf=0000078420181559
D/wifi_gbk2utf( 1143):  
D/wifi_gbk2utf( 1143): parseScanResults, line=flags=[WPA2-PSK-CCMP-preauth][ESS]
D/wifi_gbk2utf( 1143):  
D/wifi_gbk2utf( 1143): parseScanResults, line=ssid=iLoveyou
D/wifi_gbk2utf( 1143):  
D/wifi_gbk2utf( 1143): parseScanResults, ssid = iLoveyou, buf = iLoveyou,isUTF8= 0, isCh = 0
D/wifi_gbk2utf( 1143): parseScanResults, line=====
D/wifi_gbk2utf( 1143):  
D/wifi_gbk2utf( 1143): After sscanf,ssid:iLoveyou, isCh:0
D/wifi_gbk2utf( 1143): parseScanResults, line=id=925
D/wifi_gbk2utf( 1143):  
D/wifi_gbk2utf( 1143): parseScanResults, line=bssid=b8:55:10:9f:45:90
D/wifi_gbk2utf( 1143):  
D/wifi_gbk2utf( 1143): parseScanResults, line=freq=2462
D/wifi_gbk2utf( 1143):  
D/wifi_gbk2utf( 1143): parseScanResults, line=level=-54
D/wifi_gbk2utf( 1143):  
D/wifi_gbk2utf( 1143): parseScanResults, line=tsf=0000078420181538
D/wifi_gbk2utf( 1143):  
D/wifi_gbk2utf( 1143): parseScanResults, line=flags=[WPA-PSK-CCMP][WPA2-PSK-CCMP][ESS]
D/wifi_gbk2utf( 1143):  
D/wifi_gbk2utf( 1143): parseScanResults, line=ssid=TOTOLINK_9F4590
D/wifi_gbk2utf( 1143):  
D/wifi_gbk2utf( 1143): parseScanResults, ssid = TOTOLINK_9F4590, buf = TOTOLINK_9F4590,isUTF8= 0, isCh = 0
D/wifi_gbk2utf( 1143): parseScanResults, line=====
D/wifi_gbk2utf( 1143):  
D/wifi_gbk2utf( 1143): After sscanf,ssid:TOTOLINK_9F4590, isCh:0
D/wifi_gbk2utf( 1143): parseScanResults, line=id=928
D/wifi_gbk2utf( 1143):  
D/wifi_gbk2utf( 1143): parseScanResults, line=bssid=d4:ee:07:1f:8b:ca
D/wifi_gbk2utf( 1143):  
D/wifi_gbk2utf( 1143): parseScanResults, line=freq=2462
D/wifi_gbk2utf( 1143):  
D/wifi_gbk2utf( 1143): parseScanResults, line=level=-34
D/wifi_gbk2utf( 1143):  
D/wifi_gbk2utf( 1143): parseScanResults, line=tsf=0000078178051689
D/wifi_gbk2utf( 1143):  
D/wifi_gbk2utf( 1143): parseScanResults, line=flags=[WPA-PSK-CCMP][WPA2-PSK-CCMP][ESS]
D/wifi_gbk2utf( 1143):  
D/wifi_gbk2utf( 1143): parseScanResults, line=ssid=MAILTEST
D/wifi_gbk2utf( 1143):  
D/wifi_gbk2utf( 1143): parseScanResults, ssid = MAILTEST, buf = MAILTEST,isUTF8= 0, isCh = 0
D/wifi_gbk2utf( 1143): parseScanResults, line=====
D/wifi_gbk2utf( 1143):  
D/wifi_gbk2utf( 1143): After sscanf,ssid:MAILTEST, isCh:0
D/wifi_gbk2utf( 1143): parseScanResults, line=id=929
D/wifi_gbk2utf( 1143):  
D/wifi_gbk2utf( 1143): parseScanResults, line=bssid=00:36:76:6e:77:55
D/wifi_gbk2utf( 1143):  
D/wifi_gbk2utf( 1143): parseScanResults, line=freq=2437
D/wifi_gbk2utf( 1143):  
D/wifi_gbk2utf( 1143): parseScanResults, line=level=-41
