D/MSimSignalClusterView( 1242): 1 sub1Visible = true  sub2Visible = false  mMobileVisible = false  subscription = 1
D/MSimSignalClusterView( 1242): wifi: VISIBLE sig=2130837834 act=2130837827
D/MSimSignalClusterView( 1242): 1 sub1Visible = true  sub2Visible = false  mMobileVisible = false  subscription = 1
D/MSimSignalClusterView( 1242): wifi: VISIBLE sig=2130837834 act=2130837827
D/MSimSignalClusterView( 1242): 1 sub1Visible = true  sub2Visible = false  mMobileVisible = false  subscription = 1
D/MSimSignalClusterView( 1242): wifi: VISIBLE sig=2130837834 act=2130837827
D/MSimSignalClusterView( 1242): 1 sub1Visible = true  sub2Visible = false  mMobileVisible = false  subscription = 1
D/MSimSignalClusterView( 1242): wifi: VISIBLE sig=2130837834 act=2130837827
D/MSimSignalClusterView( 1242): 1 sub1Visible = true  sub2Visible = false  mMobileVisible = false  subscription = 1
D/MSimSignalClusterView( 1242): wifi: VISIBLE sig=2130837834 act=2130837827
D/MSimSignalClusterView( 1242): 1 sub1Visible = true  sub2Visible = false  mMobileVisible = false  subscription = 1
D/MSimSignalClusterView( 1242): wifi: VISIBLE sig=2130837834 act=2130837827
D/MSimSignalClusterView( 1242): 1 sub1Visible = true  sub2Visible = false  mMobileVisible = false  subscription = 1
I/AmSmartShowFuncsImpl( 1143):  shouldUseLocalConfiguration for app ProcessRecord{421e2558 1406:com.baidu.input/u0a90}
I/AmSmartShowFuncsImpl( 1143):  shouldUseLocalConfiguration for app ProcessRecord{421e2558 1406:com.baidu.input/u0a90}
W/SmartShowManagerService( 1143): can not find stack id for pid: 25424
D/StatusBar.MSimNetworkController( 1242): refreshViews subscription =1mMSimDataConnected =false
D/StatusBar.MSimNetworkController( 1242): refreshViews mMSimDataActivity =0
D/StatusBar.MSimNetworkController( 1242): refreshViews: Data not connected!! Set no data type icon / Roaming for subscription: 1
D/StatusBar.MSimNetworkController( 1242): refreshViews connected={ wifi } level=1 mMSimcombinedSignalIconId=0x7f02014a/com.android.systemui:drawable/stat_sys_wifi_signal_4_fully mMSimcombinedActivityIconId=0x7f020142 mAirplaneMode=false mMSimDataActivity=0 mMSimPhoneSignalIconId=0x7f02013b mMSimDataDirectionIconId=0x0 mMSimDataSignalIconId=0x7f02013b mMSimDataTypeIconId=0x0 mNoMSimIconId=0x7f020123 mWifiIconId=0x7f02014a mBluetoothTetherIconId=0x1080664
D/MSimSignalClusterView( 1242): wifi: VISIBLE sig=2130837834 act=2130837826
D/MSimSignalClusterView( 1242): 1 sub1Visible = true  sub2Visible = false  mMobileVisible = false  subscription = 1
D/MSimSignalClusterView( 1242): wifi: VISIBLE sig=2130837834 act=2130837826
D/MSimSignalClusterView( 1242): 1 sub1Visible = true  sub2Visible = false  mMobileVisible = false  subscription = 1
D/MSimSignalClusterView( 1242): wifi: VISIBLE sig=2130837834 act=2130837826
D/MSimSignalClusterView( 1242): 1 sub1Visible = true  sub2Visible = false  mMobileVisible = false  subscription = 1
D/MSimSignalClusterView( 1242): wifi: VISIBLE sig=2130837834 act=2130837826
D/MSimSignalClusterView( 1242): 1 sub1Visible = true  sub2Visible = false  mMobileVisible = false  subscription = 1
D/MSimSignalClusterView( 1242): wifi: VISIBLE sig=2130837834 act=2130837826
D/MSimSignalClusterView( 1242): 1 sub1Visible = true  sub2Visible = false  mMobileVisible = false  subscription = 1
D/MSimSignalClusterView( 1242): wifi: VISIBLE sig=2130837834 act=2130837826
D/MSimSignalClusterView( 1242): 1 sub1Visible = true  sub2Visible = false  mMobileVisible = false  subscription = 1
D/MSimSignalClusterView( 1242): wifi: VISIBLE sig=2130837834 act=2130837826
D/MSimSignalClusterView( 1242): 1 sub1Visible = true  sub2Visible = false  mMobileVisible = false  subscription = 1
D/MSimSignalClusterView( 1242): wifi: VISIBLE sig=2130837834 act=2130837826
D/MSimSignalClusterView( 1242): 1 sub1Visible = true  sub2Visible = false  mMobileVisible = false  subscription = 1
I/AmSmartShowFuncsImpl( 1143):  shouldUseLocalConfiguration for app ProcessRecord{421e2558 1406:com.baidu.input/u0a90}
I/AmSmartShowFuncsImpl( 1143):  shouldUseLocalConfiguration for app ProcessRecord{421e2558 1406:com.baidu.input/u0a90}
W/SmartShowManagerService( 1143): can not find stack id for pid: 25424
D/wpa_supplicant(25900): RX ctrl_iface - hexdump(len=11): 53 49 47 4e 41 4c 5f 50 4f 4c 4c
D/wpa_supplicant(25900): wlan0: Control interface command 'SIGNAL_POLL'
D/wpa_supplicant(25900): nl80211: survey data missing!
D/StatusBar.MSimNetworkController( 1242): refreshViews subscription =1mMSimDataConnected =false
D/StatusBar.MSimNetworkController( 1242): refreshViews mMSimDataActivity =0
D/StatusBar.MSimNetworkController( 1242): refreshViews: Data not connected!! Set no data type icon / Roaming for subscription: 1
D/StatusBar.MSimNetworkController( 1242): refreshViews connected={ wifi } level=1 mMSimcombinedSignalIconId=0x7f02014a/com.android.systemui:drawable/stat_sys_wifi_signal_4_fully mMSimcombinedActivityIconId=0x7f020143 mAirplaneMode=false mMSimDataActivity=0 mMSimPhoneSignalIconId=0x7f02013b mMSimDataDirectionIconId=0x0 mMSimDataSignalIconId=0x7f02013b mMSimDataTypeIconId=0x0 mNoMSimIconId=0x7f020123 mWifiIconId=0x7f02014a mBluetoothTetherIconId=0x1080664
D/MSimSignalClusterView( 1242): wifi: VISIBLE sig=2130837834 act=2130837827
D/MSimSignalClusterView( 1242): 1 sub1Visible = true  sub2Visible = false  mMobileVisible = false  subscription = 1
D/MSimSignalClusterView( 1242): wifi: VISIBLE sig=2130837834 act=2130837827
D/MSimSignalClusterView( 1242): 1 sub1Visible = true  sub2Visible = false  mMobileVisible = false  subscription = 1
D/MSimSignalClusterView( 1242): wifi: VISIBLE sig=2130837834 act=2130837827
D/MSimSignalClusterView( 1242): 1 sub1Visible = true  sub2Visible = false  mMobileVisible = false  subscription = 1
D/MSimSignalClusterView( 1242): wifi: VISIBLE sig=2130837834 act=2130837827
D/MSimSignalClusterView( 1242): 1 sub1Visible = true  sub2Visible = false  mMobileVisible = false  subscription = 1
D/MSimSignalClusterView( 1242): wifi: VISIBLE sig=2130837834 act=2130837827
D/MSimSignalClusterView( 1242): 1 sub1Visible = true  sub2Visible = false  mMobileVisible = false  subscription = 1
D/MSimSignalClusterView( 1242): wifi: VISIBLE sig=2130837834 act=2130837827
D/MSimSignalClusterView( 1242): 1 sub1Visible = true  sub2Visible = false  mMobileVisible = false  subscription = 1
D/MSimSignalClusterView( 1242): wifi: VISIBLE sig=2130837834 act=2130837827
D/MSimSignalClusterView( 1242): 1 sub1Visible = true  sub2Visible = false  mMobileVisible = false  subscription = 1
D/MSimSignalClusterView( 1242): wifi: VISIBLE sig=2130837834 act=2130837827
D/MSimSignalClusterView( 1242): 1 sub1Visible = true  sub2Visible = false  mMobileVisible = false  subscription = 1
I/AmSmartShowFuncsImpl( 1143):  shouldUseLocalConfiguration for app ProcessRecord{421e2558 1406:com.baidu.input/u0a90}
I/AmSmartShowFuncsImpl( 1143):  shouldUseLocalConfiguration for app ProcessRecord{421e2558 1406:com.baidu.input/u0a90}
W/SmartShowManagerService( 1143): can not find stack id for pid: 25424
D/StatusBar.MSimNetworkController( 1242): refreshViews subscription =1mMSimDataConnected =false
D/StatusBar.MSimNetworkController( 1242): refreshViews mMSimDataActivity =0
D/StatusBar.MSimNetworkController( 1242): refreshViews: Data not connected!! Set no data type icon / Roaming for subscription: 1
D/StatusBar.MSimNetworkController( 1242): refreshViews connected={ wifi } level=1 mMSimcombinedSignalIconId=0x7f02014a/com.android.systemui:drawable/stat_sys_wifi_signal_4_fully mMSimcombinedActivityIconId=0x7f020142 mAirplaneMode=false mMSimDataActivity=0 mMSimPhoneSignalIconId=0x7f02013b mMSimDataDirectionIconId=0x0 mMSimDataSignalIconId=0x7f02013b mMSimDataTypeIconId=0x0 mNoMSimIconId=0x7f020123 mWifiIconId=0x7f02014a mBluetoothTetherIconId=0x1080664
D/MSimSignalClusterView( 1242): wifi: VISIBLE sig=2130837834 act=2130837826
D/MSimSignalClusterView( 1242): 1 sub1Visible = true  sub2Visible = false  mMobileVisible = false  subscription = 1
D/MSimSignalClusterView( 1242): wifi: VISIBLE sig=2130837834 act=2130837826
D/MSimSignalClusterView( 1242): 1 sub1Visible = true  sub2Visible = false  mMobileVisible = false  subscription = 1
D/MSimSignalClusterView( 1242): wifi: VISIBLE sig=2130837834 act=2130837826
D/MSimSignalClusterView( 1242): 1 sub1Visible = true  sub2Visible = false  mMobileVisible = false  subscription = 1
D/MSimSignalClusterView( 1242): wifi: VISIBLE sig=2130837834 act=2130837826
D/MSimSignalClusterView( 1242): 1 sub1Visible = true  sub2Visible = false  mMobileVisible = false  subscription = 1
D/MSimSignalClusterView( 1242): wifi: VISIBLE sig=2130837834 act=2130837826
D/MSimSignalClusterView( 1242): 1 sub1Visible = true  sub2Visible = false  mMobileVisible = false  subscription = 1
D/MSimSignalClusterView( 1242): wifi: VISIBLE sig=2130837834 act=2130837826
D/MSimSignalClusterView( 1242): 1 sub1Visible = true  sub2Visible = false  mMobileVisible = false  subscription = 1
D/MSimSignalClusterView( 1242): wifi: VISIBLE sig=2130837834 act=2130837826
D/MSimSignalClusterView( 1242): 1 sub1Visible = true  sub2Visible = false  mMobileVisible = false  subscription = 1
D/MSimSignalClusterView( 1242): wifi: VISIBLE sig=2130837834 act=2130837826
D/MSimSignalClusterView( 1242): 1 sub1Visible = true  sub2Visible = false  mMobileVisible = false  subscription = 1
D/wpa_supplicant(25900): RX ctrl_iface - hexdump(len=11): 53 49 47 4e 41 4c 5f 50 4f 4c 4c
D/wpa_supplicant(25900): wlan0: Control interface command 'SIGNAL_POLL'
D/wpa_supplicant(25900): nl80211: survey data missing!
I/AmSmartShowFuncsImpl( 1143):  shouldUseLocalConfiguration for app ProcessRecord{421e2558 1406:com.baidu.input/u0a90}
I/AmSmartShowFuncsImpl( 1143):  shouldUseLocalConfiguration for app ProcessRecord{421e2558 1406:com.baidu.input/u0a90}
W/SmartShowManagerService( 1143): can not find stack id for pid: 25424
I/AmSmartShowFuncsImpl( 1143):  shouldUseLocalConfiguration for app ProcessRecord{421e2558 1406:com.baidu.input/u0a90}
I/AmSmartShowFuncsImpl( 1143):  shouldUseLocalConfiguration for app ProcessRecord{421e2558 1406:com.baidu.input/u0a90}
W/SmartShowManagerService( 1143): can not find stack id for pid: 25424
D/wpa_supplicant(25900): RX ctrl_iface - hexdump(len=11): 53 49 47 4e 41 4c 5f 50 4f 4c 4c
D/wpa_supplicant(25900): wlan0: Control interface command 'SIGNAL_POLL'
D/wpa_supplicant(25900): nl80211: survey data missing!
I/AmSmartShowFuncsImpl( 1143):  shouldUseLocalConfiguration for app ProcessRecord{421e2558 1406:com.baidu.input/u0a90}
I/AmSmartShowFuncsImpl( 1143):  shouldUseLocalConfiguration for app ProcessRecord{421e2558 1406:com.baidu.input/u0a90}
W/SmartShowManagerService( 1143): can not find stack id for pid: 25424
V/AlarmManager( 1143): Checking for alarms... rtc=1437622521446, elapsed=78683233
V/AlarmManager( 1143): sending alarm Alarm{43230a38 type 2 com.tencent.pb}
I/PowerManager( 1143):  acquire wake lock at time 2015-07-23 11:35:21 wakeLock  :flags = 1 tag= AlarmManager count = 1 refcounted= true mHeld= true
I/PowerManager( 3435):  acquire wake lock at time 2015-07-23 11:35:21 wakeLock  :flags = 1 tag= MicroMsg.WakerLock count = 0 refcounted= false mHeld= true
I/AlarmManager( 1143): [timer]  setRepeating: 
I/AlarmManager( 1143): [timer]   !!!take care!!!, it is a wakeup timer(type=0/2).
I/AlarmManager( 1143): [timer]   --type = 2
I/AlarmManager( 1143): [timer]   --current time = 2015-07-23 11:35:21
I/AlarmManager( 1143): [timer]   --trigger time = 2015-07-23 11:35:41
I/AlarmManager( 1143): [timer]   --trigger after 19999ms from now.
I/AlarmManager( 1143): [timer]   --interval = 0
I/AlarmManager( 1143): [timer]   --operation = PendingIntent{4216df28: PendingIntentRecord{446ce748 com.tencent.pb broadcastIntent}}
I/AlarmManager( 1143): [timer]   --target package = com.tencent.pb
I/PowerManager( 3435):  acquire wake lock at time 2015-07-23 11:35:21 wakeLock  :flags = 1 tag= MicroMsg.WakerLock count = 0 refcounted= false mHeld= true
V/AlarmManager( 1143): set(PendingIntent{4216df28: PendingIntentRecord{446ce748 com.tencent.pb broadcastIntent}}) : type=2 triggerAtTime=78703255 win=0 tElapsed=78703255 maxElapsed=78703255 interval=0 standalone=false
V/AlarmManager( 1143): Adding Alarm{42b9fc98 type 2 com.tencent.pb} to Batch{44f34aa0 num=2 start=78684255 end=78706755}
V/AlarmManager( 1143):     => now Batch{44f34aa0 num=2 start=78703255 end=78703255}
I/PowerManager( 1143):  release wake lock at time 2015-07-23 11:35:21 wakeLock  :flags = 1 tag= AlarmManager count = 0 refcounted= true mHeld= false
I/AlarmManager( 1143): [timer]  setRepeating: 
I/AlarmManager( 1143): [timer]   !!!take care!!!, it is a wakeup timer(type=0/2).
I/AlarmManager( 1143): [timer]   --type = 2
I/AlarmManager( 1143): [timer]   --current time = 2015-07-23 11:35:21
I/AlarmManager( 1143): [timer]   --trigger time = 2015-07-23 11:39:51
I/AlarmManager( 1143): [timer]   --trigger after 269996ms from now.
I/AlarmManager( 1143): [timer]   --interval = 0
I/AlarmManager( 1143): [timer]   --operation = PendingIntent{421684d8: PendingIntentRecord{446f61e8 com.tencent.pb broadcastIntent}}
I/AlarmManager( 1143): [timer]   --target package = com.tencent.pb
V/AlarmManager( 1143): set(PendingIntent{421684d8: PendingIntentRecord{446f61e8 com.tencent.pb broadcastIntent}}) : type=2 triggerAtTime=78953262 win=0 tElapsed=78953262 maxElapsed=78953262 interval=0 standalone=false
V/AlarmManager( 1143): Adding Alarm{42c57580 type 2 com.tencent.pb} to Batch{44f349c8 num=2 start=78953050 end=79178050}
V/AlarmManager( 1143):     => now Batch{44f349c8 num=2 start=78953262 end=78953262}
I/AlarmManager( 1143): [timer]  remove: 
I/AlarmManager( 1143): [timer]   --operation = PendingIntent{421659b0: PendingIntentRecord{446f61e8 com.tencent.pb broadcastIntent}}
I/AlarmManager( 1143): [timer]   --target package = com.tencent.pb
V/AlarmManager( 1143): remove(operation) changed bounds; rebatching
V/AlarmManager( 1143): Adding Alarm{42c58748 type 2 com.tencent.pb} to Batch{42c586c0 num=2 start=78684255 end=78706755}
V/AlarmManager( 1143):     => now Batch{42c586c0 num=2 start=78703255 end=78703255}
V/AlarmManager( 1143): Adding Alarm{43b1c778 type 0 com.tencent.portfolio} to Batch{42c586c0 num=3 start=78703255 end=78703255}
V/AlarmManager( 1143):     => now Batch{42c586c0 num=3 start=78703255 end=78703255}
V/AlarmManager( 1143): Adding Alarm{43b1d140 type 0 com.Qunar} to Batch{43b1d0b8 num=2 start=78712122 end=78937122}
V/AlarmManager( 1143):     => now Batch{43b1d0b8 num=2 start=78720357 end=78748170}
V/AlarmManager( 1143): Adding Alarm{43b1d9a8 type 0 com.Qunar} to Batch{43b1d0b8 num=3 start=78720357 end=78748170}
V/AlarmManager( 1143):     => now Batch{43b1d0b8 num=3 start=78722356 end=78748170}
V/AlarmManager( 1143): Adding Alarm{42d7d910 type 2 com.taobao.taobao} to Batch{43b1d0b8 num=4 start=78722356 end=78748170}
V/AlarmManager( 1143):     => now Batch{43b1d0b8 num=4 start=78746237 end=78748170}
V/AlarmManager( 1143): Adding Alarm{42d7e380 type 0 com.baidu.BaiduMap} to Batch{42d7e2f8 num=2 start=78778277 end=78778277}
V/AlarmManager( 1143):     => now Batch{42d7e2f8 num=2 start=78778277 end=78778277}
V/AlarmManager( 1143): Adding Alarm{4329fa18 type 0 com.tencent.qqpimsecure} to Batch{4329f9a8 num=2 start=78814389 end=78912726}
V/AlarmManager( 1143):     => now Batch{4329f9a8 num=2 start=78839168 end=78839168}
V/AlarmManager( 1143): Adding Alarm{432a03f0 type 2 com.sina.weibo} to Batch{432a0368 num=2 start=78840000 end=78975000}
V/AlarmManager( 1143):     => now Batch{432a0368 num=2 start=78878942 end=78878942}
V/AlarmManager( 1143): Adding Alarm{432a10c8 type 3 com.tencent.android.qqdownloader} to Batch{432a1040 num=2 start=79224404 end=81609404}
V/AlarmManager( 1143):     => now Batch{432a1040 num=2 start=79224442 end=79224442}
V/AlarmManager( 1143): Adding Alarm{4483f710 type 1 com.tencent.pb} to Batch{432a0f68 num=2 start=78953050 end=79178050}
V/AlarmManager( 1143):     => now Batch{432a0f68 num=2 start=78953050 end=79178050}
V/AlarmManager( 1143): Adding Alarm{44840018 type 0 com.tencent.mm} to Batch{4483ff90 num=2 start=79226227 end=80576227}
V/AlarmManager( 1143):     => now Batch{4483ff90 num=2 start=79253043 end=79928043}
V/AlarmManager( 1143): Adding Alarm{43281d40 type 0 com.android.providers.calendar} to Batch{4483ff90 num=3 start=79253043 end=79928043}
V/AlarmManager( 1143):     => now Batch{4483ff90 num=3 start=79406832 end=79406832}
V/AlarmManager( 1143): Adding Alarm{432829f8 type 0 com.tencent.android.qqdownloader} to Batch{43282970 num=2 start=79877787 end=79877787}
V/AlarmManager( 1143):     => now Batch{43282970 num=2 start=79877787 end=79877787}
V/AlarmManager( 1143): Adding Alarm{43283368 type 0 com.tencent.android.qqdownloader} to Batch{43282970 num=3 start=79877787 end=79877787}
V/AlarmManager( 1143):     => now Batch{43282970 num=3 start=79877787 end=79877787}
V/AlarmManager( 1143): Adding Alarm{439ce400 type 2 android} to Batch{439ce378 num=2 start=80207225 end=81557225}
V/AlarmManager( 1143):     => now Batch{439ce378 num=2 start=81159930 end=81159930}
V/AlarmManager( 1143): Adding Alarm{439cebe8 type 0 cn.nubia.encryptassistant} to Batch{439ce378 num=3 start=81159930 end=81159930}
V/AlarmManager( 1143):     => now Batch{439ce378 num=3 start=81159930 end=81159930}
V/AlarmManager( 1143): Adding Alarm{439cf508 type 1 com.wandoujia.phoenix2} to Batch{439ce378 num=4 start=81159930 end=81159930}
V/AlarmManager( 1143):     => now Batch{439ce378 num=4 start=81159930 end=81159930}
V/AlarmManager( 1143): Adding Alarm{42d563d0 type 0 com.tencent.android.qqdownloader} to Batch{42d56348 num=2 start=82257787 end=82257787}
V/AlarmManager( 1143):     => now Batch{42d56348 num=2 start=82257787 end=82257787}
V/AlarmManager( 1143): Adding Alarm{42d56d40 type 0 com.tencent.android.qqdownloader} to Batch{42d56348 num=3 start=82257787 end=82257787}
V/AlarmManager( 1143):     => now Batch{42d56348 num=3 start=82257787 end=82257787}
V/AlarmManager( 1143): Adding Alarm{42c7c4e8 type 0 com.qualcomm.services.location} to Batch{42c7c460 num=2 start=86431339 end=108031339}
V/AlarmManager( 1143):     => now Batch{42c7c460 num=2 start=86467114 end=92304994}
V/AlarmManager( 1143): Adding Alarm{42c7ce40 type 0 fm.qingting.qtradio} to Batch{42c7c460 num=3 start=86467114 end=92304994}
V/AlarmManager( 1143):     => now Batch{42c7c460 num=3 start=86522137 end=92304994}
V/AlarmManager( 1143): Adding Alarm{42c7d710 type 0 com.tencent.mobileqq} to Batch{42c7c460 num=4 start=86522137 end=92304994}
V/AlarmManager( 1143):     => now Batch{42c7c460 num=4 start=87361787 end=87361787}
V/AlarmManager( 1143): Adding Alarm{44f99680 type 1 com.wandoujia.phoenix2} to Batch{44f995f8 num=2 start=105361787 end=125370672}
V/AlarmManager( 1143):     => now Batch{44f995f8 num=2 start=109281108 end=109281108}
V/AlarmManager( 1143): Adding Alarm{42bad910 type 1 com.tencent.qqpimsecure} to Batch{42bad8d0 num=2 start=134782704 end=199582704}
V/AlarmManager( 1143):     => now Batch{42bad8d0 num=2 start=155897618 end=155897618}
V/AlarmManager( 1143): Adding Alarm{42bae2e8 type 0 com.tencent.android.qqdownloader} to Batch{42bae260 num=2 start=160986897 end=222714615}
V/AlarmManager( 1143):     => now Batch{42bae260 num=2 start=162245786 end=162245786}
V/AlarmManager( 1143): Adding Alarm{42baeee0 type 0 com.wandoujia.phoenix2} to Batch{42baee58 num=2 start=185749311 end=250549311}
V/AlarmManager( 1143):     => now Batch{42baee58 num=2 start=194111359 end=194111359}
V/AlarmManager( 1143): Adding Alarm{42ce3e18 type 1 com.tencent.qqpimsecure} to Batch{42ce3d90 num=2 start=934844959 end=1576966223}
V/AlarmManager( 1143):     => now Batch{42ce3d90 num=2 start=1373974181 end=1576966223}
I/AlarmManager( 1143): [timer]  setRepeating: 
I/AlarmManager( 1143): [timer]   !!!take care!!!, it is a wakeup timer(type=0/2).
I/AlarmManager( 1143): [timer]   --type = 2
I/AlarmManager( 1143): [timer]   --current time = 2015-07-23 11:35:21
I/AlarmManager( 1143): [timer]   --trigger time = 2015-07-23 11:39:51
I/AlarmManager( 1143): [timer]   --trigger after 269999ms from now.
I/AlarmManager( 1143): [timer]   --interval = 0
I/AlarmManager( 1143): [timer]   --operation = PendingIntent{43b1dac8: PendingIntentRecord{42ce4a48 com.tencent.pb broadcastIntent}}
I/AlarmManager( 1143): [timer]   --target package = com.tencent.pb
V/AlarmManager( 1143): set(PendingIntent{43b1dac8: PendingIntentRecord{42ce4a48 com.tencent.pb broadcastIntent}}) : type=2 triggerAtTime=78953291 win=0 tElapsed=78953291 maxElapsed=78953291 interval=0 standalone=false
V/AlarmManager( 1143): Adding Alarm{45e9f038 type 2 com.tencent.pb} to Batch{432a0f68 num=3 start=78953050 end=79178050}
V/AlarmManager( 1143):     => now Batch{432a0f68 num=3 start=78953291 end=78953291}
I/AlarmManager( 1143): [timer]  remove: 
I/AlarmManager( 1143): [timer]   --operation = PendingIntent{4215a708: PendingIntentRecord{446ce748 com.tencent.pb broadcastIntent}}
I/AlarmManager( 1143): [timer]   --target package = com.tencent.pb
V/AlarmManager( 1143): remove(operation) changed bounds; rebatching
V/AlarmManager( 1143): Adding Alarm{45ea0268 type 2 com.broadlink.auxair} to Batch{45ea01e0 num=2 start=78690298 end=78690298}
V/AlarmManager( 1143):     => now Batch{45ea01e0 num=2 start=78690298 end=78690298}
V/AlarmManager( 1143): Adding Alarm{438c6180 type 2 com.taobao.taobao} to Batch{438c6020 num=2 start=78702169 end=78904669}
V/AlarmManager( 1143):     => now Batch{438c6020 num=2 start=78746237 end=78904669}
V/AlarmManager( 1143): Adding Alarm{438c6a40 type 0 fm.qingting.qtradio} to Batch{438c6020 num=3 start=78746237 end=78904669}
V/AlarmManager( 1143):     => now Batch{438c6020 num=3 start=78746237 end=78904669}
V/AlarmManager( 1143): Adding Alarm{438c7310 type 0 com.Qunar} to Batch{438c6020 num=4 start=78746237 end=78904669}
V/AlarmManager( 1143):     => now Batch{438c6020 num=4 start=78746237 end=78748131}
V/AlarmManager( 1143): Adding Alarm{455a0038 type 0 com.Qunar} to Batch{438c6020 num=5 start=78746237 end=78748131}
V/AlarmManager( 1143):     => now Batch{438c6020 num=5 start=78746237 end=78748131}
V/AlarmManager( 1143): Adding Alarm{455a0a50 type 0 com.baidu.BaiduMap} to Batch{455a09c8 num=2 start=78778277 end=78778277}
V/AlarmManager( 1143):     => now Batch{455a09c8 num=2 start=78778277 end=78778277}
V/AlarmManager( 1143): Adding Alarm{455a13f0 type 0 com.tencent.qqpimsecure} to Batch{455a1368 num=2 start=78814389 end=78912687}
V/AlarmManager( 1143):     => now Batch{455a1368 num=2 start=78839168 end=78839168}
V/AlarmManager( 1143): Adding Alarm{4387db90 type 2 com.sina.weibo} to Batch{4387db08 num=2 start=78840000 end=78975000}
V/AlarmManager( 1143):     => now Batch{4387db08 num=2 start=78878942 end=78878942}
V/AlarmManager( 1143): Adding Alarm{4387e790 type 2 com.tencent.pb} to Batch{4387e708 num=2 start=78953050 end=79178050}
V/AlarmManager( 1143):     => now Batch{4387e708 num=2 start=78953291 end=78953291}
V/AlarmManager( 1143): Adding Alarm{44fe6b88 type 1 com.tencent.pb} to Batch{4387e708 num=3 start=78953291 end=78953291}
V/AlarmManager( 1143):     => now Batch{4387e708 num=3 start=78953291 end=78953291}
V/AlarmManager( 1143): Adding Alarm{44fe7500 type 3 com.tencent.android.qqdownloader} to Batch{44fe7478 num=2 start=79224404 end=81609404}
V/AlarmManager( 1143):     => now Batch{44fe7478 num=2 start=79224442 end=79224442}
V/AlarmManager( 1143): Adding Alarm{44fe7f48 type 0 com.tencent.mm} to Batch{44fe7ec0 num=2 start=79226227 end=80576227}
V/AlarmManager( 1143):     => now Batch{44fe7ec0 num=2 start=79253043 end=79928043}
V/AlarmManager( 1143): Adding Alarm{4472c5d0 type 0 com.android.providers.calendar} to Batch{44fe7ec0 num=3 start=79253043 end=79928043}
V/AlarmManager( 1143):     => now Batch{44fe7ec0 num=3 start=79406832 end=79406832}
V/AlarmManager( 1143): Adding Alarm{4472d288 type 0 com.tencent.android.qqdownloader} to Batch{4472d200 num=2 start=79877787 end=79877787}
V/AlarmManager( 1143):     => now Batch{4472d200 num=2 start=79877787 end=79877787}
V/AlarmManager( 1143): Adding Alarm{4472dbf8 type 0 com.tencent.android.qqdownloader} to Batch{4472d200 num=3 start=79877787 end=79877787}
V/AlarmManager( 1143):     => now Batch{4472d200 num=3 start=79877787 end=79877787}
V/AlarmManager( 1143): Adding Alarm{43937750 type 2 android} to Batch{439376c8 num=2 start=80207225 end=81557225}
V/AlarmManager( 1143):     => now Batch{439376c8 num=2 start=81159930 end=81159930}
V/AlarmManager( 1143): Adding Alarm{43937f98 type 0 cn.nubia.encryptassistant} to Batch{439376c8 num=3 start=81159930 end=81159930}
V/AlarmManager( 1143):     => now Batch{439376c8 num=3 start=81159930 end=81159930}
V/AlarmManager( 1143): Adding Alarm{42c24658 type 1 com.wandoujia.phoenix2} to Batch{439376c8 num=4 start=81159930 end=81159930}
V/AlarmManager( 1143):     => now Batch{439376c8 num=4 start=81159930 end=81159930}
V/AlarmManager( 1143): Adding Alarm{42c25100 type 0 com.tencent.android.qqdownloader} to Batch{42c25078 num=2 start=82257787 end=82257787}
V/AlarmManager( 1143):     => now Batch{42c25078 num=2 start=82257787 end=82257787}
V/AlarmManager( 1143): Adding Alarm{42c25a70 type 0 com.tencent.android.qqdownloader} to Batch{42c25078 num=3 start=82257787 end=82257787}
V/AlarmManager( 1143):     => now Batch{42c25078 num=3 start=82257787 end=82257787}
V/AlarmManager( 1143): Adding Alarm{4393f0d0 type 0 com.qualcomm.services.location} to Batch{4393f048 num=2 start=86431339 end=108031339}
V/AlarmManager( 1143):     => now Batch{4393f048 num=2 start=86467114 end=92304956}
V/AlarmManager( 1143): Adding Alarm{4393fa28 type 0 fm.qingting.qtradio} to Batch{4393f048 num=3 start=86467114 end=92304956}
V/AlarmManager( 1143):     => now Batch{4393f048 num=3 start=86522137 end=92304956}
V/AlarmManager( 1143): Adding Alarm{439402f8 type 0 com.tencent.mobileqq} to Batch{4393f048 num=4 start=86522137 end=92304956}
V/AlarmManager( 1143):     => now Batch{4393f048 num=4 start=87361787 end=87361787}
V/AlarmManager( 1143): Adding Alarm{42c8f308 type 1 com.wandoujia.phoenix2} to Batch{42c8f280 num=2 start=105361786 end=125370632}
V/AlarmManager( 1143):     => now Batch{42c8f280 num=2 start=109281107 end=109281107}
V/AlarmManager( 1143): Adding Alarm{42c90110 type 1 com.tencent.qqpimsecure} to Batch{42c90088 num=2 start=134782704 end=199582704}
V/AlarmManager( 1143):     => now Batch{42c90088 num=2 start=155897618 end=155897618}
V/AlarmManager( 1143): Adding Alarm{446e0298 type 0 com.tencent.android.qqdownloader} to Batch{446e0210 num=2 start=160986897 end=222714576}
V/AlarmManager( 1143):     => now Batch{446e0210 num=2 start=162245787 end=162245787}
V/AlarmManager( 1143): Adding Alarm{446e0c08 type 0 com.tencent.android.qqdownloader} to Batch{446e0210 num=3 start=162245787 end=162245787}
V/AlarmManager( 1143):     => now Batch{446e0210 num=3 start=162245787 end=162245787}
V/AlarmManager( 1143): Adding Alarm{43824e78 type 0 com.wandoujia.phoenix2} to Batch{43824df0 num=2 start=185749312 end=250549312}
V/AlarmManager( 1143):     => now Batch{43824df0 num=2 start=194111360 end=194111360}
V/AlarmManager( 1143): Adding Alarm{43825920 type 1 com.tencent.qqpimsecure} to Batch{43825898 num=2 start=934844959 end=1576966185}
V/AlarmManager( 1143):     => now Batch{43825898 num=2 start=1373974182 end=1576966185}
I/PowerManager( 3435):  release wake lock at time 2015-07-23 11:35:21 wakeLock  :flags = 1 tag= MicroMsg.WakerLock count = 0 refcounted= false mHeld= false
I/PowerManager( 3435):  release wake lock at time 2015-07-23 11:35:22 wakeLock  :flags = 1 tag= MicroMsg.WakerLock count = 0 refcounted= false mHeld= false
D/wpa_supplicant(25900): RX ctrl_iface - hexdump(len=11): 53 49 47 4e 41 4c 5f 50 4f 4c 4c
D/wpa_supplicant(25900): wlan0: Control interface command 'SIGNAL_POLL'
D/wpa_supplicant(25900): nl80211: survey data missing!
D/MSF.C.NetConnTag( 3155): [E]netRecv ssoSeq:-1684158619 uin:*7650 cmd:-316037937 -1684158340
D/Q.msg.TroopMsgProxy( 5330): [E]insertToList MessageRecord=friendUin:8272senderuin:4758,istroop:1,msgType:-1000,time:1437622521,shmsgseq:221164
D/StatusBar.MSimNetworkController( 1242): refreshViews subscription =1mMSimDataConnected =false
D/StatusBar.MSimNetworkController( 1242): refreshViews mMSimDataActivity =0
D/StatusBar.MSimNetworkController( 1242): refreshViews: Data not connected!! Set no data type icon / Roaming for subscription: 1
D/StatusBar.MSimNetworkController( 1242): refreshViews connected={ wifi } level=1 mMSimcombinedSignalIconId=0x7f02014a/com.android.systemui:drawable/stat_sys_wifi_signal_4_fully mMSimcombinedActivityIconId=0x7f020143 mAirplaneMode=false mMSimDataActivity=0 mMSimPhoneSignalIconId=0x7f02013b mMSimDataDirectionIconId=0x0 mMSimDataSignalIconId=0x7f02013b mMSimDataTypeIconId=0x0 mNoMSimIconId=0x7f020123 mWifiIconId=0x7f02014a mBluetoothTetherIconId=0x1080664
D/MSimSignalClusterView( 1242): wifi: VISIBLE sig=2130837834 act=2130837827
D/MSimSignalClusterView( 1242): 1 sub1Visible = true  sub2Visible = false  mMobileVisible = false  subscription = 1
D/MSimSignalClusterView( 1242): wifi: VISIBLE sig=2130837834 act=2130837827
D/MSimSignalClusterView( 1242): 1 sub1Visible = true  sub2Visible = false  mMobileVisible = false  subscription = 1
D/MSimSignalClusterView( 1242): wifi: VISIBLE sig=2130837834 act=2130837827
D/MSimSignalClusterView( 1242): 1 sub1Visible = true  sub2Visible = false  mMobileVisible = false  subscription = 1
D/MSimSignalClusterView( 1242): wifi: VISIBLE sig=2130837834 act=2130837827
D/MSimSignalClusterView( 1242): 1 sub1Visible = true  sub2Visible = false  mMobileVisible = false  subscription = 1
D/MSimSignalClusterView( 1242): wifi: VISIBLE sig=2130837834 act=2130837827
D/MSimSignalClusterView( 1242): 1 sub1Visible = true  sub2Visible = false  mMobileVisible = false  subscription = 1
D/MSimSignalClusterView( 1242): wifi: VISIBLE sig=2130837834 act=2130837827
D/MSimSignalClusterView( 1242): 1 sub1Visible = true  sub2Visible = false  mMobileVisible = false  subscription = 1
D/MSimSignalClusterView( 1242): wifi: VISIBLE sig=2130837834 act=2130837827
D/MSimSignalClusterView( 1242): 1 sub1Visible = true  sub2Visible = false  mMobileVisible = false  subscription = 1
D/MSimSignalClusterView( 1242): wifi: VISIBLE sig=2130837834 act=2130837827
D/MSimSignalClusterView( 1242): 1 sub1Visible = true  sub2Visible = false  mMobileVisible = false  subscription = 1
I/AmSmartShowFuncsImpl( 1143):  shouldUseLocalConfiguration for app ProcessRecord{421e2558 1406:com.baidu.input/u0a90}
I/AmSmartShowFuncsImpl( 1143):  shouldUseLocalConfiguration for app ProcessRecord{421e2558 1406:com.baidu.input/u0a90}
W/SmartShowManagerService( 1143): can not find stack id for pid: 25424
D/StatusBar.MSimNetworkController( 1242): refreshViews subscription =1mMSimDataConnected =false
D/StatusBar.MSimNetworkController( 1242): refreshViews mMSimDataActivity =0
D/StatusBar.MSimNetworkController( 1242): refreshViews: Data not connected!! Set no data type icon / Roaming for subscription: 1
D/StatusBar.MSimNetworkController( 1242): refreshViews connected={ wifi } level=1 mMSimcombinedSignalIconId=0x7f02014a/com.android.systemui:drawable/stat_sys_wifi_signal_4_fully mMSimcombinedActivityIconId=0x7f020142 mAirplaneMode=false mMSimDataActivity=0 mMSimPhoneSignalIconId=0x7f02013b mMSimDataDirectionIconId=0x0 mMSimDataSignalIconId=0x7f02013b mMSimDataTypeIconId=0x0 mNoMSimIconId=0x7f020123 mWifiIconId=0x7f02014a mBluetoothTetherIconId=0x1080664
D/MSimSignalClusterView( 1242): wifi: VISIBLE sig=2130837834 act=2130837826
D/MSimSignalClusterView( 1242): 1 sub1Visible = true  sub2Visible = false  mMobileVisible = false  subscription = 1
D/MSimSignalClusterView( 1242): wifi: VISIBLE sig=2130837834 act=2130837826
D/MSimSignalClusterView( 1242): 1 sub1Visible = true  sub2Visible = false  mMobileVisible = false  subscription = 1
D/MSimSignalClusterView( 1242): wifi: VISIBLE sig=2130837834 act=2130837826
D/MSimSignalClusterView( 1242): 1 sub1Visible = true  sub2Visible = false  mMobileVisible = false  subscription = 1
D/MSimSignalClusterView( 1242): wifi: VISIBLE sig=2130837834 act=2130837826
D/MSimSignalClusterView( 1242): 1 sub1Visible = true  sub2Visible = false  mMobileVisible = false  subscription = 1
D/MSimSignalClusterView( 1242): wifi: VISIBLE sig=2130837834 act=2130837826
D/MSimSignalClusterView( 1242): 1 sub1Visible = true  sub2Visible = false  mMobileVisible = false  subscription = 1
D/MSimSignalClusterView( 1242): wifi: VISIBLE sig=2130837834 act=2130837826
D/MSimSignalClusterView( 1242): 1 sub1Visible = true  sub2Visible = false  mMobileVisible = false  subscription = 1
D/MSimSignalClusterView( 1242): wifi: VISIBLE sig=2130837834 act=2130837826
D/MSimSignalClusterView( 1242): 1 sub1Visible = true  sub2Visible = false  mMobileVisible = false  subscription = 1
D/MSimSignalClusterView( 1242): wifi: VISIBLE sig=2130837834 act=2130837826
D/MSimSignalClusterView( 1242): 1 sub1Visible = true  sub2Visible = false  mMobileVisible = false  subscription = 1
W/IdleConnectionHandler(29507): Removing a connection that never existed!
W/IdleConnectionHandler(29507): Removing a connection that never existed!
W/IdleConnectionHandler(29507): Removing a connection that never existed!
D/nubiatel:nubia.tel.extra( 1184): queryIpv6WhenOnlyIpv4Addr pid = 29507 uid = 10095 name = com.tencent.portfolio
D/StatusBar.MSimNetworkController( 1242): refreshViews subscription =1mMSimDataConnected =false
D/StatusBar.MSimNetworkController( 1242): refreshViews mMSimDataActivity =0
D/StatusBar.MSimNetworkController( 1242): refreshViews: Data not connected!! Set no data type icon / Roaming for subscription: 1
D/StatusBar.MSimNetworkController( 1242): refreshViews connected={ wifi } level=1 mMSimcombinedSignalIconId=0x7f02014a/com.android.systemui:drawable/stat_sys_wifi_signal_4_fully mMSimcombinedActivityIconId=0x7f020143 mAirplaneMode=false mMSimDataActivity=0 mMSimPhoneSignalIconId=0x7f02013b mMSimDataDirectionIconId=0x0 mMSimDataSignalIconId=0x7f02013b mMSimDataTypeIconId=0x0 mNoMSimIconId=0x7f020123 mWifiIconId=0x7f02014a mBluetoothTetherIconId=0x1080664
D/MSimSignalClusterView( 1242): wifi: VISIBLE sig=2130837834 act=2130837827
D/MSimSignalClusterView( 1242): 1 sub1Visible = true  sub2Visible = false  mMobileVisible = false  subscription = 1
D/MSimSignalClusterView( 1242): wifi: VISIBLE sig=2130837834 act=2130837827
D/MSimSignalClusterView( 1242): 1 sub1Visible = true  sub2Visible = false  mMobileVisible = false  subscription = 1
D/MSimSignalClusterView( 1242): wifi: VISIBLE sig=2130837834 act=2130837827
D/MSimSignalClusterView( 1242): 1 sub1Visible = true  sub2Visible = false  mMobileVisible = false  subscription = 1
D/MSimSignalClusterView( 1242): wifi: VISIBLE sig=2130837834 act=2130837827
D/MSimSignalClusterView( 1242): 1 sub1Visible = true  sub2Visible = false  mMobileVisible = false  subscription = 1
D/MSimSignalClusterView( 1242): wifi: VISIBLE sig=2130837834 act=2130837827
D/MSimSignalClusterView( 1242): 1 sub1Visible = true  sub2Visible = false  mMobileVisible = false  subscription = 1
D/MSimSignalClusterView( 1242): wifi: VISIBLE sig=2130837834 act=2130837827
D/MSimSignalClusterView( 1242): 1 sub1Visible = true  sub2Visible = false  mMobileVisible = false  subscription = 1
D/MSimSignalClusterView( 1242): wifi: VISIBLE sig=2130837834 act=2130837827
D/MSimSignalClusterView( 1242): 1 sub1Visible = true  sub2Visible = false  mMobileVisible = false  subscription = 1
D/MSimSignalClusterView( 1242): wifi: VISIBLE sig=2130837834 act=2130837827
D/MSimSignalClusterView( 1242): 1 sub1Visible = true  sub2Visible = false  mMobileVisible = false  subscription = 1
I/AmSmartShowFuncsImpl( 1143):  shouldUseLocalConfiguration for app ProcessRecord{421e2558 1406:com.baidu.input/u0a90}
I/AmSmartShowFuncsImpl( 1143):  shouldUseLocalConfiguration for app ProcessRecord{421e2558 1406:com.baidu.input/u0a90}
W/SmartShowManagerService( 1143): can not find stack id for pid: 25424
D/wpa_supplicant(25900): RX ctrl_iface - hexdump(len=11): 53 49 47 4e 41 4c 5f 50 4f 4c 4c
D/wpa_supplicant(25900): wlan0: Control interface command 'SIGNAL_POLL'
D/wpa_supplicant(25900): nl80211: survey data missing!
D/MSF.C.NetConnTag( 3155): [E]netRecv ssoSeq:-1684143420 uin:*7650 cmd:-316037937 -1684143101
D/Q.msg.TroopMsgProxy( 5330): [E]insertToList MessageRecord=friendUin:9205senderuin:6302,istroop:1,msgType:-1000,time:1437622524,shmsgseq:69228
D/nubiatel:nubia.tel.extra( 1184): queryIpv6WhenOnlyIpv4Addr pid = 29507 uid = 10095 name = com.tencent.portfolio
D/nubiatel:nubia.tel.extra( 1184): queryIpv6WhenOnlyIpv4Addr pid = 29507 uid = 10095 name = com.tencent.portfolio
I/AmSmartShowFuncsImpl( 1143):  shouldUseLocalConfiguration for app ProcessRecord{421e2558 1406:com.baidu.input/u0a90}
I/AmSmartShowFuncsImpl( 1143):  shouldUseLocalConfiguration for app ProcessRecord{421e2558 1406:com.baidu.input/u0a90}
W/SmartShowManagerService( 1143): can not find stack id for pid: 25424
D/StatusBar.MSimNetworkController( 1242): refreshViews subscription =1mMSimDataConnected =false
D/StatusBar.MSimNetworkController( 1242): refreshViews mMSimDataActivity =0
D/StatusBar.MSimNetworkController( 1242): refreshViews: Data not connected!! Set no data type icon / Roaming for subscription: 1
D/StatusBar.MSimNetworkController( 1242): refreshViews connected={ wifi } level=1 mMSimcombinedSignalIconId=0x7f02014a/com.android.systemui:drawable/stat_sys_wifi_signal_4_fully mMSimcombinedActivityIconId=0x7f020142 mAirplaneMode=false mMSimDataActivity=0 mMSimPhoneSignalIconId=0x7f02013b mMSimDataDirectionIconId=0x0 mMSimDataSignalIconId=0x7f02013b mMSimDataTypeIconId=0x0 mNoMSimIconId=0x7f020123 mWifiIconId=0x7f02014a mBluetoothTetherIconId=0x1080664
D/MSimSignalClusterView( 1242): wifi: VISIBLE sig=2130837834 act=2130837826
D/MSimSignalClusterView( 1242): 1 sub1Visible = true  sub2Visible = false  mMobileVisible = false  subscription = 1
D/MSimSignalClusterView( 1242): wifi: VISIBLE sig=2130837834 act=2130837826
D/MSimSignalClusterView( 1242): 1 sub1Visible = true  sub2Visible = false  mMobileVisible = false  subscription = 1
D/MSimSignalClusterView( 1242): wifi: VISIBLE sig=2130837834 act=2130837826
D/MSimSignalClusterView( 1242): 1 sub1Visible = true  sub2Visible = false  mMobileVisible = false  subscription = 1
D/MSimSignalClusterView( 1242): wifi: VISIBLE sig=2130837834 act=2130837826
D/MSimSignalClusterView( 1242): 1 sub1Visible = true  sub2Visible = false  mMobileVisible = false  subscription = 1
D/MSimSignalClusterView( 1242): wifi: VISIBLE sig=2130837834 act=2130837826
D/MSimSignalClusterView( 1242): 1 sub1Visible = true  sub2Visible = false  mMobileVisible = false  subscription = 1
D/MSimSignalClusterView( 1242): wifi: VISIBLE sig=2130837834 act=2130837826
D/MSimSignalClusterView( 1242): 1 sub1Visible = true  sub2Visible = false  mMobileVisible = false  subscription = 1
D/MSimSignalClusterView( 1242): wifi: VISIBLE sig=2130837834 act=2130837826
D/MSimSignalClusterView( 1242): 1 sub1Visible = true  sub2Visible = false  mMobileVisible = false  subscription = 1
D/MSimSignalClusterView( 1242): wifi: VISIBLE sig=2130837834 act=2130837826
D/MSimSignalClusterView( 1242): 1 sub1Visible = true  sub2Visible = false  mMobileVisible = false  subscription = 1
D/wpa_supplicant(25900): RX ctrl_iface - hexdump(len=11): 53 49 47 4e 41 4c 5f 50 4f 4c 4c
D/wpa_supplicant(25900): wlan0: Control interface command 'SIGNAL_POLL'
D/wpa_supplicant(25900): nl80211: survey data missing!
V/AlarmManager( 1143): Checking for alarms... rtc=1437622528511, elapsed=78690298
V/AlarmManager( 1143): sending alarm Alarm{45ea0268 type 2 com.broadlink.auxair}
I/LocationService(26922): onStartCommand
I/PowerManager( 1143):  acquire wake lock at time 2015-07-23 11:35:28 wakeLock  :flags = 1 tag= AlarmManager count = 1 refcounted= true mHeld= true
V/AlarmManager( 1143): sending alarm Alarm{45ea0190 type 0 com.shuame.mobile}
D/dalvikvm(13819): GC_FOR_ALLOC freed 519K, 67% free 3927K/11576K, paused 16ms, total 16ms
I/AlarmManager( 1143): [timer]  setRepeating: 
I/AlarmManager( 1143): [timer]   !!!take care!!!, it is a wakeup timer(type=0/2).
I/AlarmManager( 1143): [timer]   --type = 0
I/AlarmManager( 1143): [timer]   --current time = 2015-07-23 11:35:28
I/AlarmManager( 1143): [timer]   --trigger time = 2015-07-23 11:38:28
I/AlarmManager( 1143): [timer]   --trigger after 179995ms from now.
I/AlarmManager( 1143): [timer]   --interval = 0
I/AlarmManager( 1143): [timer]   --operation = PendingIntent{4202ef00: PendingIntentRecord{42250fa8 com.shuame.mobile broadcastIntent}}
I/AlarmManager( 1143): [timer]   --target package = com.shuame.mobile
V/AlarmManager( 1143): set(PendingIntent{4202ef00: PendingIntentRecord{42250fa8 com.shuame.mobile broadcastIntent}}) : type=0 triggerAtTime=1437622708580 win=-1 tElapsed=78870367 maxElapsed=79005361 interval=0 standalone=false
V/AlarmManager( 1143): Adding Alarm{4324e968 type 0 com.shuame.mobile} to Batch{4387db08 num=3 start=78878942 end=78878942}
V/AlarmManager( 1143):     => now Batch{4387db08 num=3 start=78878942 end=78878942}
I/PowerManager( 1143):  release wake lock at time 2015-07-23 11:35:28 wakeLock  :flags = 1 tag= AlarmManager count = 0 refcounted= true mHeld= false
D/dalvikvm(13819): GC_FOR_ALLOC freed 507K, 67% free 3932K/11576K, paused 13ms, total 14ms
I/AmSmartShowFuncsImpl( 1143):  shouldUseLocalConfiguration for app ProcessRecord{421e2558 1406:com.baidu.input/u0a90}
I/AmSmartShowFuncsImpl( 1143):  shouldUseLocalConfiguration for app ProcessRecord{421e2558 1406:com.baidu.input/u0a90}
W/SmartShowManagerService( 1143): can not find stack id for pid: 25424
D/StatusBar.MSimNetworkController( 1242): refreshViews subscription =1mMSimDataConnected =false
D/StatusBar.MSimNetworkController( 1242): refreshViews mMSimDataActivity =0
D/StatusBar.MSimNetworkController( 1242): refreshViews: Data not connected!! Set no data type icon / Roaming for subscription: 1
D/StatusBar.MSimNetworkController( 1242): refreshViews connected={ wifi } level=1 mMSimcombinedSignalIconId=0x7f02014a/com.android.systemui:drawable/stat_sys_wifi_signal_4_fully mMSimcombinedActivityIconId=0x7f020143 mAirplaneMode=false mMSimDataActivity=0 mMSimPhoneSignalIconId=0x7f02013b mMSimDataDirectionIconId=0x0 mMSimDataSignalIconId=0x7f02013b mMSimDataTypeIconId=0x0 mNoMSimIconId=0x7f020123 mWifiIconId=0x7f02014a mBluetoothTetherIconId=0x1080664
D/MSimSignalClusterView( 1242): wifi: VISIBLE sig=2130837834 act=2130837827
D/MSimSignalClusterView( 1242): 1 sub1Visible = true  sub2Visible = false  mMobileVisible = false  subscription = 1
D/MSimSignalClusterView( 1242): wifi: VISIBLE sig=2130837834 act=2130837827
D/MSimSignalClusterView( 1242): 1 sub1Visible = true  sub2Visible = false  mMobileVisible = false  subscription = 1
D/MSimSignalClusterView( 1242): wifi: VISIBLE sig=2130837834 act=2130837827
D/MSimSignalClusterView( 1242): 1 sub1Visible = true  sub2Visible = false  mMobileVisible = false  subscription = 1
D/MSimSignalClusterView( 1242): wifi: VISIBLE sig=2130837834 act=2130837827
D/MSimSignalClusterView( 1242): 1 sub1Visible = true  sub2Visible = false  mMobileVisible = false  subscription = 1
D/MSimSignalClusterView( 1242): wifi: VISIBLE sig=2130837834 act=2130837827
D/MSimSignalClusterView( 1242): 1 sub1Visible = true  sub2Visible = false  mMobileVisible = false  subscription = 1
D/MSimSignalClusterView( 1242): wifi: VISIBLE sig=2130837834 act=2130837827
D/MSimSignalClusterView( 1242): 1 sub1Visible = true  sub2Visible = false  mMobileVisible = false  subscription = 1
D/MSimSignalClusterView( 1242): wifi: VISIBLE sig=2130837834 act=2130837827
D/MSimSignalClusterView( 1242): 1 sub1Visible = true  sub2Visible = false  mMobileVisible = false  subscription = 1
D/MSimSignalClusterView( 1242): wifi: VISIBLE sig=2130837834 act=2130837827
D/MSimSignalClusterView( 1242): 1 sub1Visible = true  sub2Visible = false  mMobileVisible = false  subscription = 1
D/StatusBar.MSimNetworkController( 1242): refreshViews subscription =1mMSimDataConnected =false
D/StatusBar.MSimNetworkController( 1242): refreshViews mMSimDataActivity =0
D/StatusBar.MSimNetworkController( 1242): refreshViews: Data not connected!! Set no data type icon / Roaming for subscription: 1
D/StatusBar.MSimNetworkController( 1242): refreshViews connected={ wifi } level=1 mMSimcombinedSignalIconId=0x7f02014a/com.android.systemui:drawable/stat_sys_wifi_signal_4_fully mMSimcombinedActivityIconId=0x7f020142 mAirplaneMode=false mMSimDataActivity=0 mMSimPhoneSignalIconId=0x7f02013b mMSimDataDirectionIconId=0x0 mMSimDataSignalIconId=0x7f02013b mMSimDataTypeIconId=0x0 mNoMSimIconId=0x7f020123 mWifiIconId=0x7f02014a mBluetoothTetherIconId=0x1080664
D/MSimSignalClusterView( 1242): wifi: VISIBLE sig=2130837834 act=2130837826
D/MSimSignalClusterView( 1242): 1 sub1Visible = true  sub2Visible = false  mMobileVisible = false  subscription = 1
D/MSimSignalClusterView( 1242): wifi: VISIBLE sig=2130837834 act=2130837826
D/MSimSignalClusterView( 1242): 1 sub1Visible = true  sub2Visible = false  mMobileVisible = false  subscription = 1
D/MSimSignalClusterView( 1242): wifi: VISIBLE sig=2130837834 act=2130837826
D/MSimSignalClusterView( 1242): 1 sub1Visible = true  sub2Visible = false  mMobileVisible = false  subscription = 1
D/MSimSignalClusterView( 1242): wifi: VISIBLE sig=2130837834 act=2130837826
D/MSimSignalClusterView( 1242): 1 sub1Visible = true  sub2Visible = false  mMobileVisible = false  subscription = 1
D/MSimSignalClusterView( 1242): wifi: VISIBLE sig=2130837834 act=2130837826
D/MSimSignalClusterView( 1242): 1 sub1Visible = true  sub2Visible = false  mMobileVisible = false  subscription = 1
D/MSimSignalClusterView( 1242): wifi: VISIBLE sig=2130837834 act=2130837826
D/MSimSignalClusterView( 1242): 1 sub1Visible = true  sub2Visible = false  mMobileVisible = false  subscription = 1
D/MSimSignalClusterView( 1242): wifi: VISIBLE sig=2130837834 act=2130837826
D/MSimSignalClusterView( 1242): 1 sub1Visible = true  sub2Visible = false  mMobileVisible = false  subscription = 1
D/MSimSignalClusterView( 1242): wifi: VISIBLE sig=2130837834 act=2130837826
D/MSimSignalClusterView( 1242): 1 sub1Visible = true  sub2Visible = false  mMobileVisible = false  subscription = 1
D/dalvikvm( 1312): GC_FOR_ALLOC freed 511K, 67% free 3888K/11576K, paused 31ms, total 31ms
I/AmSmartShowFuncsImpl( 1143):  shouldUseLocalConfiguration for app ProcessRecord{421e2558 1406:com.baidu.input/u0a90}
I/AmSmartShowFuncsImpl( 1143):  shouldUseLocalConfiguration for app ProcessRecord{421e2558 1406:com.baidu.input/u0a90}
W/SmartShowManagerService( 1143): can not find stack id for pid: 25424
D/wpa_supplicant(25900): RX ctrl_iface - hexdump(len=11): 53 49 47 4e 41 4c 5f 50 4f 4c 4c
D/wpa_supplicant(25900): wlan0: Control interface command 'SIGNAL_POLL'
D/wpa_supplicant(25900): nl80211: survey data missing!
I/AmSmartShowFuncsImpl( 1143):  shouldUseLocalConfiguration for app ProcessRecord{421e2558 1406:com.baidu.input/u0a90}
I/AmSmartShowFuncsImpl( 1143):  shouldUseLocalConfiguration for app ProcessRecord{421e2558 1406:com.baidu.input/u0a90}
W/SmartShowManagerService( 1143): can not find stack id for pid: 25424
D/wpa_supplicant(25900): RX ctrl_iface - hexdump(len=11): 53 49 47 4e 41 4c 5f 50 4f 4c 4c
D/wpa_supplicant(25900): wlan0: Control interface command 'SIGNAL_POLL'
D/wpa_supplicant(25900): nl80211: survey data missing!
I/AmSmartShowFuncsImpl( 1143):  shouldUseLocalConfiguration for app ProcessRecord{421e2558 1406:com.baidu.input/u0a90}
I/AmSmartShowFuncsImpl( 1143):  shouldUseLocalConfiguration for app ProcessRecord{421e2558 1406:com.baidu.input/u0a90}
W/SmartShowManagerService( 1143): can not find stack id for pid: 25424
I/AmSmartShowFuncsImpl( 1143):  shouldUseLocalConfiguration for app ProcessRecord{421e2558 1406:com.baidu.input/u0a90}
I/AmSmartShowFuncsImpl( 1143):  shouldUseLocalConfiguration for app ProcessRecord{421e2558 1406:com.baidu.input/u0a90}
W/SmartShowManagerService( 1143): can not find stack id for pid: 25424
D/wpa_supplicant(25900): RX ctrl_iface - hexdump(len=11): 53 49 47 4e 41 4c 5f 50 4f 4c 4c
D/wpa_supplicant(25900): wlan0: Control interface command 'SIGNAL_POLL'
D/wpa_supplicant(25900): nl80211: survey data missing!
I/AmSmartShowFuncsImpl( 1143):  shouldUseLocalConfiguration for app ProcessRecord{421e2558 1406:com.baidu.input/u0a90}
I/AmSmartShowFuncsImpl( 1143):  shouldUseLocalConfiguration for app ProcessRecord{421e2558 1406:com.baidu.input/u0a90}
W/SmartShowManagerService( 1143): can not find stack id for pid: 25424
D/wpa_supplicant(25900): RX ctrl_iface - hexdump(len=11): 53 49 47 4e 41 4c 5f 50 4f 4c 4c
D/wpa_supplicant(25900): wlan0: Control interface command 'SIGNAL_POLL'
D/wpa_supplicant(25900): nl80211: survey data missing!
D/StatusBar.MSimNetworkController( 1242): refreshViews subscription =1mMSimDataConnected =false
D/StatusBar.MSimNetworkController( 1242): refreshViews mMSimDataActivity =0
D/StatusBar.MSimNetworkController( 1242): refreshViews: Data not connected!! Set no data type icon / Roaming for subscription: 1
D/StatusBar.MSimNetworkController( 1242): refreshViews connected={ wifi } level=1 mMSimcombinedSignalIconId=0x7f02014a/com.android.systemui:drawable/stat_sys_wifi_signal_4_fully mMSimcombinedActivityIconId=0x7f020143 mAirplaneMode=false mMSimDataActivity=0 mMSimPhoneSignalIconId=0x7f02013b mMSimDataDirectionIconId=0x0 mMSimDataSignalIconId=0x7f02013b mMSimDataTypeIconId=0x0 mNoMSimIconId=0x7f020123 mWifiIconId=0x7f02014a mBluetoothTetherIconId=0x1080664
D/MSimSignalClusterView( 1242): wifi: VISIBLE sig=2130837834 act=2130837827
D/MSimSignalClusterView( 1242): 1 sub1Visible = true  sub2Visible = false  mMobileVisible = false  subscription = 1
