I/dalvikvm(28581): DexOpt: mismatch dep name: '/data/dalvik-cache/system@framework@com.powermo.smartshow.jar@classes.dex' vs. '/system/framework/com.powermo.smartshow.odex'
E/dalvikvm(28581): /system/framework/gesture.jar odex has stale dependencies
I/dalvikvm(28581): DexOpt: mismatch dep name: '/data/dalvik-cache/system@framework@com.powermo.smartshow.jar@classes.dex' vs. '/system/framework/com.powermo.smartshow.odex'
E/dalvikvm(28581): /system/framework/nubia-common.jar odex has stale dependencies
I/dalvikvm(28581): DexOpt: mismatch dep name: '/data/dalvik-cache/system@framework@com.powermo.smartshow.jar@classes.dex' vs. '/system/framework/com.powermo.smartshow.odex'
E/dalvikvm(28581): /system/framework/nubia-vibrate.jar odex has stale dependencies
I/dalvikvm(28581): DexOpt: mismatch dep name: '/data/dalvik-cache/system@framework@com.powermo.smartshow.jar@classes.dex' vs. '/system/framework/com.powermo.smartshow.odex'
E/dalvikvm(28581): /system/framework/nubia.jar odex has stale dependencies
I/dalvikvm(28581): DexOpt: mismatch dep name: '/data/dalvik-cache/system@framework@com.powermo.smartshow.jar@classes.dex' vs. '/system/framework/com.powermo.smartshow.odex'
E/dalvikvm(28581): /system/framework/nubiatel-common.jar odex has stale dependencies
I/dalvikvm(28581): DexOpt: mismatch dep name: '/data/dalvik-cache/system@framework@com.powermo.smartshow.jar@classes.dex' vs. '/system/framework/com.powermo.smartshow.odex'
E/dalvikvm(28581): /system/framework/telephony-config.jar odex has stale dependencies
D/dalvikvm(28581): Trying to load lib libjavacore.so 0x0
D/dalvikvm(28581): Added shared lib libjavacore.so 0x0
D/dalvikvm(28581): Trying to load lib libnativehelper.so 0x0
D/dalvikvm(28581): Added shared lib libnativehelper.so 0x0
D/dalvikvm(28581): No JNI_OnLoad found in libnativehelper.so 0x0, skipping init
I/dalvikvm(28581): DexOpt: mismatch dep name: '/data/dalvik-cache/system@framework@com.powermo.smartshow.jar@classes.dex' vs. '/system/framework/com.powermo.smartshow.odex'
E/dalvikvm(28581): /system/framework/am.jar odex has stale dependencies
D/dalvikvm(28581): Note: class Landroid/app/ActivityManagerNative; has 179 unimplemented (abstract) methods
D/AndroidRuntime(28581): Calling main entry com.android.commands.am.Am
D/AndroidRuntime(28581): Shutting down VM
D/dalvikvm(28581): Debugger has detached; object registry had 1 entries
D/wpa_supplicant(25900): RX ctrl_iface - hexdump(len=11): 53 49 47 4e 41 4c 5f 50 4f 4c 4c
D/wpa_supplicant(25900): wlan0: Control interface command 'SIGNAL_POLL'
D/wpa_supplicant(25900): nl80211: survey data missing!
D/wpa_supplicant(25900): RX ctrl_iface - hexdump(len=11): 53 49 47 4e 41 4c 5f 50 4f 4c 4c
D/wpa_supplicant(25900): wlan0: Control interface command 'SIGNAL_POLL'
D/wpa_supplicant(25900): nl80211: survey data missing!
D/wpa_supplicant(25900): RX ctrl_iface - hexdump(len=11): 53 49 47 4e 41 4c 5f 50 4f 4c 4c
D/wpa_supplicant(25900): wlan0: Control interface command 'SIGNAL_POLL'
D/wpa_supplicant(25900): nl80211: survey data missing!
D/MSF.C.NetConnTag( 3155): [E]netRecv ssoSeq:95678312 uin:*7650 cmd:1563966628 95678535
D/MSF.C.NetConnTag( 3155): [E]netRecv ssoSeq:95678313 uin:*7650 cmd:1459256120 95678552
D/MSF.C.NetConnTag( 3155): [E]netRecv ssoSeq:95594668 uin:*7650 cmd:1563966628 95594891
D/MSF.C.NetConnTag( 3155): [E]netRecv ssoSeq:95594669 uin:*7650 cmd:1459256120 95594908
D/MSF.C.NetConnTag( 3155): [E]netRecv ssoSeq:95640625 uin:*7650 cmd:1563966628 95640848
D/MSF.C.NetConnTag( 3155): [E]netRecv ssoSeq:95640626 uin:*7650 cmd:1459256120 95640865
D/MSF.C.NetConnTag( 3155): [E]pa ok: 55772
D/MSF.C.NetConnTag( 3155): [E]netSend ssoSeq:55772 uin:*7650 cmd:1926734418 55895
D/MSF.C.NetConnTag( 3155): [E]netRecv ssoSeq:95481806 uin:*7650 cmd:1563966628 95482029
D/MSF.C.NetConnTag( 3155): [E]netRecv ssoSeq:95481807 uin:*7650 cmd:1459256120 95482046
D/MSF.C.NetConnTag( 3155): [E]netRecv ssoSeq:95641453 uin:*7650 cmd:1563966628 95641676
D/MSF.C.NetConnTag( 3155): [E]netRecv ssoSeq:95641454 uin:*7650 cmd:1459256120 95641693
D/dalvikvm( 1312): GC_FOR_ALLOC freed 535K, 67% free 3863K/11576K, paused 9ms, total 9ms
D/MSF.C.NetConnTag( 3155): [E]netRecv ssoSeq:55772 uin:*7650 cmd:1926734418 55931
D/MSF.C.NetConnTag( 3155): [E]pa ok: 55773
D/MSF.C.NetConnTag( 3155): [E]netSend ssoSeq:55773 uin:*7650 cmd:1926734418 55896
D/MSF.C.NetConnTag( 3155): [E]netRecv ssoSeq:55773 uin:*7650 cmd:1926734418 55932
D/wpa_supplicant(25900): RX ctrl_iface - hexdump(len=11): 53 49 47 4e 41 4c 5f 50 4f 4c 4c
D/wpa_supplicant(25900): wlan0: Control interface command 'SIGNAL_POLL'
D/wpa_supplicant(25900): nl80211: survey data missing!
D/wpa_supplicant(25900): RX ctrl_iface - hexdump(len=11): 53 49 47 4e 41 4c 5f 50 4f 4c 4c
D/wpa_supplicant(25900): wlan0: Control interface command 'SIGNAL_POLL'
D/wpa_supplicant(25900): nl80211: survey data missing!
V/BreathinglightService( 1143): batteryConnectionReceiver plugged: 2 level:47
E/NBBattery( 1242): doBatteryRunnable isPluggedIn()true
V/BreathinglightService( 1143): batteryConnectionReceiver plugged: 2 level:47
E/NBBattery( 1242): doBatteryRunnable isPluggedIn()true
W/IdleConnectionHandler(29507): Removing a connection that never existed!
W/IdleConnectionHandler(29507): Removing a connection that never existed!
W/IdleConnectionHandler(29507): Removing a connection that never existed!
D/nubiatel:nubia.tel.extra( 1184): queryIpv6WhenOnlyIpv4Addr pid = 29507 uid = 10095 name = com.tencent.portfolio
D/wpa_supplicant(25900): RX ctrl_iface - hexdump(len=11): 53 49 47 4e 41 4c 5f 50 4f 4c 4c
D/wpa_supplicant(25900): wlan0: Control interface command 'SIGNAL_POLL'
D/wpa_supplicant(25900): nl80211: survey data missing!
D/nubiatel:nubia.tel.extra( 1184): queryIpv6WhenOnlyIpv4Addr pid = 29507 uid = 10095 name = com.tencent.portfolio
D/nubiatel:nubia.tel.extra( 1184): queryIpv6WhenOnlyIpv4Addr pid = 29507 uid = 10095 name = com.tencent.portfolio
D/MSF.C.NetConnTag( 3155): [E]netRecv ssoSeq:-1684721888 uin:*7650 cmd:-316037937 -1684721193
D/Q.msg.TroopMsgProxy( 5330): [E]insertToList MessageRecord=friendUin:2771senderuin:9361,istroop:1,msgType:-2000,time:1437622405,shmsgseq:2415
D/ProxyIpManagerImpl( 5330): [E]Load local proxy ip failed, uin:*7650 type: 3 reason: not mobile network!
D/ProxyIpManagerImpl( 5330): [E]Load local proxy ip failed, uin:*7650 type: 3 reason: not mobile network!
D/MSF.C.NetConnTag( 3155): [E]add quick send timeout check 55777
D/MSF.C.NetConnTag( 3155): [E]pa ok: 55777
D/MSF.C.NetConnTag( 3155): [E]netSend ssoSeq:55777 uin:*7650 cmd:-607473955 55924
D/MSF.C.NetConnTag( 3155): [E]add quick send timeout check 55778
D/MSF.C.NetConnTag( 3155): [E]pa ok: 55778
D/MSF.C.NetConnTag( 3155): [E]netSend ssoSeq:55778 uin:*7650 cmd:-607473955 55925
D/MSF.C.NetConnTag( 3155): [E]netRecv ssoSeq:55777 uin:*7650 cmd:-607473955 56088
D/QuickSendManager( 3155): [E]onRecvNormalResp, cmd: ImgStore.GroupPicDown ssoSeq: 55777
D/QuickSendManager( 3155): [E]remove timoutchecker for msg
D/MSF.C.NetConnTag( 3155): [E]netRecv ssoSeq:55778 uin:*7650 cmd:-607473955 56089
D/QuickSendManager( 3155): [E]onRecvNormalResp, cmd: ImgStore.GroupPicDown ssoSeq: 55778
D/QuickSendManager( 3155): [E]remove timoutchecker for msg
D/FlowPro ( 5330): [E]recvData:480 ep.getTotalLen:480 rep.totalBlockLen:480 netResp.mWrittenBlockLen:0
D/FlowPro ( 5330): [E]recvData:497 ep.getTotalLen:497 rep.totalBlockLen:497 netResp.mWrittenBlockLen:0
I/LocationService(26922): onStartCommand
D/wpa_supplicant(25900): RX ctrl_iface - hexdump(len=11): 53 49 47 4e 41 4c 5f 50 4f 4c 4c
D/wpa_supplicant(25900): wlan0: Control interface command 'SIGNAL_POLL'
D/wpa_supplicant(25900): nl80211: survey data missing!
D/MSF.C.NetConnTag( 3155): [E]netRecv ssoSeq:-1684712050 uin:*7650 cmd:-316037937 -1684711571
D/Q.msg.TroopMsgProxy( 5330): [E]insertToList MessageRecord=friendUin:8272senderuin:3199,istroop:1,msgType:-1000,time:1437622407,shmsgseq:221162
D/dalvikvm(25257): GC_FOR_ALLOC freed 681K, 56% free 5103K/11576K, paused 18ms, total 18ms
D/wpa_supplicant(25900): RX ctrl_iface - hexdump(len=11): 53 49 47 4e 41 4c 5f 50 4f 4c 4c
D/wpa_supplicant(25900): wlan0: Control interface command 'SIGNAL_POLL'
D/wpa_supplicant(25900): nl80211: survey data missing!
W/Settings( 3155): Setting airplane_mode_on has moved from android.provider.Settings.System to android.provider.Settings.Global, returning read-only value.
W/Settings( 3155): Setting airplane_mode_on has moved from android.provider.Settings.System to android.provider.Settings.Global, returning read-only value.
W/beacon  ( 3155): onUserAction return false, because eventName:[actGroupPicDownloadV1] is not allowed in server strategy!
D/MSF.C.NetConnTag( 3155): [E]netRecv ssoSeq:-1684700175 uin:*7650 cmd:-316037937 -1684699864
D/Q.msg.TroopMsgProxy( 5330): [E]insertToList MessageRecord=friendUin:7599senderuin:5831,istroop:1,msgType:-1000,time:1437622410,shmsgseq:54203
D/wpa_supplicant(25900): RX ctrl_iface - hexdump(len=11): 53 49 47 4e 41 4c 5f 50 4f 4c 4c
D/wpa_supplicant(25900): wlan0: Control interface command 'SIGNAL_POLL'
D/wpa_supplicant(25900): nl80211: survey data missing!
D/wpa_supplicant(25900): RX ctrl_iface - hexdump(len=11): 53 49 47 4e 41 4c 5f 50 4f 4c 4c
D/wpa_supplicant(25900): wlan0: Control interface command 'SIGNAL_POLL'
D/wpa_supplicant(25900): nl80211: survey data missing!
D/dalvikvm(29156): GC_FOR_ALLOC freed 504K, 63% free 4329K/11576K, paused 33ms, total 33ms
D/wpa_supplicant(25900): RX ctrl_iface - hexdump(len=11): 53 49 47 4e 41 4c 5f 50 4f 4c 4c
D/wpa_supplicant(25900): wlan0: Control interface command 'SIGNAL_POLL'
D/wpa_supplicant(25900): nl80211: survey data missing!
D/dalvikvm( 3155): GC_FOR_ALLOC freed 1607K, 30% free 8143K/11576K, paused 45ms, total 45ms
D/MSF.C.NetConnTag( 3155): [E]netRecv ssoSeq:-1684653357 uin:*7650 cmd:-316037937 -1684653022
D/Q.msg.TroopMsgProxy( 5330): [E]insertToList MessageRecord=friendUin:9205senderuin:6672,istroop:1,msgType:-1000,time:1437622420,shmsgseq:69224
D/wpa_supplicant(25900): RX ctrl_iface - hexdump(len=11): 53 49 47 4e 41 4c 5f 50 4f 4c 4c
D/wpa_supplicant(25900): wlan0: Control interface command 'SIGNAL_POLL'
D/wpa_supplicant(25900): nl80211: survey data missing!
--------- beginning of /dev/log/system
D/MSimSignalClusterView( 1242): 1 sub1Visible = true  sub2Visible = false  mMobileVisible = false  subscription = 1
D/MSimSignalClusterView( 1242): wifi: VISIBLE sig=2130837834 act=2130837826
D/MSimSignalClusterView( 1242): 1 sub1Visible = true  sub2Visible = false  mMobileVisible = false  subscription = 1
D/MSimSignalClusterView( 1242): wifi: VISIBLE sig=2130837834 act=2130837826
D/MSimSignalClusterView( 1242): 1 sub1Visible = true  sub2Visible = false  mMobileVisible = false  subscription = 1
D/MSimSignalClusterView( 1242): wifi: VISIBLE sig=2130837834 act=2130837826
D/MSimSignalClusterView( 1242): 1 sub1Visible = true  sub2Visible = false  mMobileVisible = false  subscription = 1
D/MSimSignalClusterView( 1242): wifi: VISIBLE sig=2130837834 act=2130837826
D/MSimSignalClusterView( 1242): 1 sub1Visible = true  sub2Visible = false  mMobileVisible = false  subscription = 1
D/MSimSignalClusterView( 1242): wifi: VISIBLE sig=2130837834 act=2130837826
D/MSimSignalClusterView( 1242): 1 sub1Visible = true  sub2Visible = false  mMobileVisible = false  subscription = 1
D/wpa_supplicant(25900): RX ctrl_iface - hexdump(len=11): 53 49 47 4e 41 4c 5f 50 4f 4c 4c
D/wpa_supplicant(25900): wlan0: Control interface command 'SIGNAL_POLL'
D/wpa_supplicant(25900): nl80211: survey data missing!
I/AmSmartShowFuncsImpl( 1143):  shouldUseLocalConfiguration for app ProcessRecord{421e2558 1406:com.baidu.input/u0a90}
I/AmSmartShowFuncsImpl( 1143):  shouldUseLocalConfiguration for app ProcessRecord{421e2558 1406:com.baidu.input/u0a90}
W/SmartShowManagerService( 1143): can not find stack id for pid: 25424
I/AmSmartShowFuncsImpl( 1143):  shouldUseLocalConfiguration for app ProcessRecord{421e2558 1406:com.baidu.input/u0a90}
I/AmSmartShowFuncsImpl( 1143):  shouldUseLocalConfiguration for app ProcessRecord{421e2558 1406:com.baidu.input/u0a90}
W/SmartShowManagerService( 1143): can not find stack id for pid: 25424
D/wpa_supplicant(25900): RX ctrl_iface - hexdump(len=11): 53 49 47 4e 41 4c 5f 50 4f 4c 4c
D/wpa_supplicant(25900): wlan0: Control interface command 'SIGNAL_POLL'
D/wpa_supplicant(25900): nl80211: survey data missing!
D/MSF.C.NetConnTag( 3155): [E]netRecv ssoSeq:-1684608270 uin:*7650 cmd:-316037937 -1684608023
D/Q.msg.TroopMsgProxy( 5330): [E]insertToList MessageRecord=friendUin:2771senderuin:5927,istroop:1,msgType:-1000,time:1437622429,shmsgseq:2416
D/StatusBar.MSimNetworkController( 1242): refreshViews subscription =1mMSimDataConnected =false
D/StatusBar.MSimNetworkController( 1242): refreshViews mMSimDataActivity =0
D/StatusBar.MSimNetworkController( 1242): refreshViews: Data not connected!! Set no data type icon / Roaming for subscription: 1
D/StatusBar.MSimNetworkController( 1242): refreshViews connected={ wifi } level=1 mMSimcombinedSignalIconId=0x7f02014a/com.android.systemui:drawable/stat_sys_wifi_signal_4_fully mMSimcombinedActivityIconId=0x7f020143 mAirplaneMode=false mMSimDataActivity=0 mMSimPhoneSignalIconId=0x7f02013b mMSimDataDirectionIconId=0x0 mMSimDataSignalIconId=0x7f02013b mMSimDataTypeIconId=0x0 mNoMSimIconId=0x7f020123 mWifiIconId=0x7f02014a mBluetoothTetherIconId=0x1080664
D/MSimSignalClusterView( 1242): wifi: VISIBLE sig=2130837834 act=2130837827
D/MSimSignalClusterView( 1242): 1 sub1Visible = true  sub2Visible = false  mMobileVisible = false  subscription = 1
D/MSimSignalClusterView( 1242): wifi: VISIBLE sig=2130837834 act=2130837827
D/MSimSignalClusterView( 1242): 1 sub1Visible = true  sub2Visible = false  mMobileVisible = false  subscription = 1
D/MSimSignalClusterView( 1242): wifi: VISIBLE sig=2130837834 act=2130837827
D/MSimSignalClusterView( 1242): 1 sub1Visible = true  sub2Visible = false  mMobileVisible = false  subscription = 1
D/MSimSignalClusterView( 1242): wifi: VISIBLE sig=2130837834 act=2130837827
D/MSimSignalClusterView( 1242): 1 sub1Visible = true  sub2Visible = false  mMobileVisible = false  subscription = 1
D/MSimSignalClusterView( 1242): wifi: VISIBLE sig=2130837834 act=2130837827
D/MSimSignalClusterView( 1242): 1 sub1Visible = true  sub2Visible = false  mMobileVisible = false  subscription = 1
D/MSimSignalClusterView( 1242): wifi: VISIBLE sig=2130837834 act=2130837827
D/MSimSignalClusterView( 1242): 1 sub1Visible = true  sub2Visible = false  mMobileVisible = false  subscription = 1
D/MSimSignalClusterView( 1242): wifi: VISIBLE sig=2130837834 act=2130837827
D/MSimSignalClusterView( 1242): 1 sub1Visible = true  sub2Visible = false  mMobileVisible = false  subscription = 1
D/MSimSignalClusterView( 1242): wifi: VISIBLE sig=2130837834 act=2130837827
D/MSimSignalClusterView( 1242): 1 sub1Visible = true  sub2Visible = false  mMobileVisible = false  subscription = 1
I/AmSmartShowFuncsImpl( 1143):  shouldUseLocalConfiguration for app ProcessRecord{421e2558 1406:com.baidu.input/u0a90}
I/AmSmartShowFuncsImpl( 1143):  shouldUseLocalConfiguration for app ProcessRecord{421e2558 1406:com.baidu.input/u0a90}
W/SmartShowManagerService( 1143): can not find stack id for pid: 25424
D/StatusBar.MSimNetworkController( 1242): refreshViews subscription =1mMSimDataConnected =false
D/StatusBar.MSimNetworkController( 1242): refreshViews mMSimDataActivity =0
D/StatusBar.MSimNetworkController( 1242): refreshViews: Data not connected!! Set no data type icon / Roaming for subscription: 1
D/StatusBar.MSimNetworkController( 1242): refreshViews connected={ wifi } level=1 mMSimcombinedSignalIconId=0x7f02014a/com.android.systemui:drawable/stat_sys_wifi_signal_4_fully mMSimcombinedActivityIconId=0x7f020142 mAirplaneMode=false mMSimDataActivity=0 mMSimPhoneSignalIconId=0x7f02013b mMSimDataDirectionIconId=0x0 mMSimDataSignalIconId=0x7f02013b mMSimDataTypeIconId=0x0 mNoMSimIconId=0x7f020123 mWifiIconId=0x7f02014a mBluetoothTetherIconId=0x1080664
D/MSimSignalClusterView( 1242): wifi: VISIBLE sig=2130837834 act=2130837826
D/MSimSignalClusterView( 1242): 1 sub1Visible = true  sub2Visible = false  mMobileVisible = false  subscription = 1
D/MSimSignalClusterView( 1242): wifi: VISIBLE sig=2130837834 act=2130837826
D/MSimSignalClusterView( 1242): 1 sub1Visible = true  sub2Visible = false  mMobileVisible = false  subscription = 1
D/MSimSignalClusterView( 1242): wifi: VISIBLE sig=2130837834 act=2130837826
D/MSimSignalClusterView( 1242): 1 sub1Visible = true  sub2Visible = false  mMobileVisible = false  subscription = 1
D/MSimSignalClusterView( 1242): wifi: VISIBLE sig=2130837834 act=2130837826
D/MSimSignalClusterView( 1242): 1 sub1Visible = true  sub2Visible = false  mMobileVisible = false  subscription = 1
D/MSimSignalClusterView( 1242): wifi: VISIBLE sig=2130837834 act=2130837826
D/MSimSignalClusterView( 1242): 1 sub1Visible = true  sub2Visible = false  mMobileVisible = false  subscription = 1
D/MSimSignalClusterView( 1242): wifi: VISIBLE sig=2130837834 act=2130837826
D/MSimSignalClusterView( 1242): 1 sub1Visible = true  sub2Visible = false  mMobileVisible = false  subscription = 1
D/MSimSignalClusterView( 1242): wifi: VISIBLE sig=2130837834 act=2130837826
D/MSimSignalClusterView( 1242): 1 sub1Visible = true  sub2Visible = false  mMobileVisible = false  subscription = 1
D/MSimSignalClusterView( 1242): wifi: VISIBLE sig=2130837834 act=2130837826
D/MSimSignalClusterView( 1242): 1 sub1Visible = true  sub2Visible = false  mMobileVisible = false  subscription = 1
D/wpa_supplicant(25900): RX ctrl_iface - hexdump(len=11): 53 49 47 4e 41 4c 5f 50 4f 4c 4c
D/wpa_supplicant(25900): wlan0: Control interface command 'SIGNAL_POLL'
D/wpa_supplicant(25900): nl80211: survey data missing!
I/AmSmartShowFuncsImpl( 1143):  shouldUseLocalConfiguration for app ProcessRecord{421e2558 1406:com.baidu.input/u0a90}
I/AmSmartShowFuncsImpl( 1143):  shouldUseLocalConfiguration for app ProcessRecord{421e2558 1406:com.baidu.input/u0a90}
W/SmartShowManagerService( 1143): can not find stack id for pid: 25424
D/MSF.C.NetConnTag( 3155): [E]netRecv ssoSeq:-1684592207 uin:*7650 cmd:-316037937 -1684591512
D/Q.msg.TroopMsgProxy( 5330): [E]insertToList MessageRecord=friendUin:2771senderuin:9361,istroop:1,msgType:-2000,time:1437622432,shmsgseq:2417
D/ProxyIpManagerImpl( 5330): [E]Load local proxy ip failed, uin:*7650 type: 3 reason: not mobile network!
D/ProxyIpManagerImpl( 5330): [E]Load local proxy ip failed, uin:*7650 type: 3 reason: not mobile network!
D/MSF.C.NetConnTag( 3155): [E]add quick send timeout check 55789
D/MSF.C.NetConnTag( 3155): [E]pa ok: 55789
D/MSF.C.NetConnTag( 3155): [E]netSend ssoSeq:55789 uin:*7650 cmd:-607473955 55936
D/MSF.C.NetConnTag( 3155): [E]add quick send timeout check 55791
D/MSF.C.NetConnTag( 3155): [E]pa ok: 55791
D/MSF.C.NetConnTag( 3155): [E]netSend ssoSeq:55791 uin:*7650 cmd:-607473955 55938
D/MSF.C.NetConnTag( 3155): [E]netRecv ssoSeq:55789 uin:*7650 cmd:-607473955 56100
D/QuickSendManager( 3155): [E]onRecvNormalResp, cmd: ImgStore.GroupPicDown ssoSeq: 55789
D/QuickSendManager( 3155): [E]remove timoutchecker for msg
D/MSF.C.NetConnTag( 3155): [E]netRecv ssoSeq:55791 uin:*7650 cmd:-607473955 56102
D/QuickSendManager( 3155): [E]onRecvNormalResp, cmd: ImgStore.GroupPicDown ssoSeq: 55791
D/QuickSendManager( 3155): [E]remove timoutchecker for msg
D/FlowPro ( 5330): [E]recvData:10240 ep.getTotalLen:13050 rep.totalBlockLen:13050 netResp.mWrittenBlockLen:0
D/FlowPro ( 5330): [E]recvData:2810 ep.getTotalLen:13050 rep.totalBlockLen:13050 netResp.mWrittenBlockLen:10240
D/StatusBar.MSimNetworkController( 1242): refreshViews subscription =1mMSimDataConnected =false
D/StatusBar.MSimNetworkController( 1242): refreshViews mMSimDataActivity =0
D/StatusBar.MSimNetworkController( 1242): refreshViews: Data not connected!! Set no data type icon / Roaming for subscription: 1
D/StatusBar.MSimNetworkController( 1242): refreshViews connected={ wifi } level=1 mMSimcombinedSignalIconId=0x7f02014a/com.android.systemui:drawable/stat_sys_wifi_signal_4_fully mMSimcombinedActivityIconId=0x7f020143 mAirplaneMode=false mMSimDataActivity=0 mMSimPhoneSignalIconId=0x7f02013b mMSimDataDirectionIconId=0x0 mMSimDataSignalIconId=0x7f02013b mMSimDataTypeIconId=0x0 mNoMSimIconId=0x7f020123 mWifiIconId=0x7f02014a mBluetoothTetherIconId=0x1080664
D/MSimSignalClusterView( 1242): wifi: VISIBLE sig=2130837834 act=2130837827
D/MSimSignalClusterView( 1242): 1 sub1Visible = true  sub2Visible = false  mMobileVisible = false  subscription = 1
D/MSimSignalClusterView( 1242): wifi: VISIBLE sig=2130837834 act=2130837827
D/MSimSignalClusterView( 1242): 1 sub1Visible = true  sub2Visible = false  mMobileVisible = false  subscription = 1
D/MSimSignalClusterView( 1242): wifi: VISIBLE sig=2130837834 act=2130837827
D/MSimSignalClusterView( 1242): 1 sub1Visible = true  sub2Visible = false  mMobileVisible = false  subscription = 1
D/MSimSignalClusterView( 1242): wifi: VISIBLE sig=2130837834 act=2130837827
D/MSimSignalClusterView( 1242): 1 sub1Visible = true  sub2Visible = false  mMobileVisible = false  subscription = 1
D/MSimSignalClusterView( 1242): wifi: VISIBLE sig=2130837834 act=2130837827
D/MSimSignalClusterView( 1242): 1 sub1Visible = true  sub2Visible = false  mMobileVisible = false  subscription = 1
D/MSimSignalClusterView( 1242): wifi: VISIBLE sig=2130837834 act=2130837827
D/MSimSignalClusterView( 1242): 1 sub1Visible = true  sub2Visible = false  mMobileVisible = false  subscription = 1
D/MSimSignalClusterView( 1242): wifi: VISIBLE sig=2130837834 act=2130837827
D/MSimSignalClusterView( 1242): 1 sub1Visible = true  sub2Visible = false  mMobileVisible = false  subscription = 1
D/FlowPro ( 5330): [E]recvData:3318 ep.getTotalLen:3318 rep.totalBlockLen:3318 netResp.mWrittenBlockLen:0
D/MSimSignalClusterView( 1242): wifi: VISIBLE sig=2130837834 act=2130837827
D/MSimSignalClusterView( 1242): 1 sub1Visible = true  sub2Visible = false  mMobileVisible = false  subscription = 1
I/AmSmartShowFuncsImpl( 1143):  shouldUseLocalConfiguration for app ProcessRecord{421e2558 1406:com.baidu.input/u0a90}
I/AmSmartShowFuncsImpl( 1143):  shouldUseLocalConfiguration for app ProcessRecord{421e2558 1406:com.baidu.input/u0a90}
W/SmartShowManagerService( 1143): can not find stack id for pid: 25424
D/wpa_supplicant(25900): RX ctrl_iface - hexdump(len=11): 53 49 47 4e 41 4c 5f 50 4f 4c 4c
D/wpa_supplicant(25900): wlan0: Control interface command 'SIGNAL_POLL'
D/wpa_supplicant(25900): nl80211: survey data missing!
D/StatusBar.MSimNetworkController( 1242): refreshViews subscription =1mMSimDataConnected =false
D/StatusBar.MSimNetworkController( 1242): refreshViews mMSimDataActivity =0
D/StatusBar.MSimNetworkController( 1242): refreshViews: Data not connected!! Set no data type icon / Roaming for subscription: 1
D/StatusBar.MSimNetworkController( 1242): refreshViews connected={ wifi } level=1 mMSimcombinedSignalIconId=0x7f02014a/com.android.systemui:drawable/stat_sys_wifi_signal_4_fully mMSimcombinedActivityIconId=0x7f020142 mAirplaneMode=false mMSimDataActivity=0 mMSimPhoneSignalIconId=0x7f02013b mMSimDataDirectionIconId=0x0 mMSimDataSignalIconId=0x7f02013b mMSimDataTypeIconId=0x0 mNoMSimIconId=0x7f020123 mWifiIconId=0x7f02014a mBluetoothTetherIconId=0x1080664
D/MSimSignalClusterView( 1242): wifi: VISIBLE sig=2130837834 act=2130837826
D/MSimSignalClusterView( 1242): 1 sub1Visible = true  sub2Visible = false  mMobileVisible = false  subscription = 1
D/MSimSignalClusterView( 1242): wifi: VISIBLE sig=2130837834 act=2130837826
D/MSimSignalClusterView( 1242): 1 sub1Visible = true  sub2Visible = false  mMobileVisible = false  subscription = 1
D/MSimSignalClusterView( 1242): wifi: VISIBLE sig=2130837834 act=2130837826
D/MSimSignalClusterView( 1242): 1 sub1Visible = true  sub2Visible = false  mMobileVisible = false  subscription = 1
D/MSimSignalClusterView( 1242): wifi: VISIBLE sig=2130837834 act=2130837826
D/MSimSignalClusterView( 1242): 1 sub1Visible = true  sub2Visible = false  mMobileVisible = false  subscription = 1
D/MSimSignalClusterView( 1242): wifi: VISIBLE sig=2130837834 act=2130837826
D/MSimSignalClusterView( 1242): 1 sub1Visible = true  sub2Visible = false  mMobileVisible = false  subscription = 1
D/MSimSignalClusterView( 1242): wifi: VISIBLE sig=2130837834 act=2130837826
D/MSimSignalClusterView( 1242): 1 sub1Visible = true  sub2Visible = false  mMobileVisible = false  subscription = 1
D/MSimSignalClusterView( 1242): wifi: VISIBLE sig=2130837834 act=2130837826
D/MSimSignalClusterView( 1242): 1 sub1Visible = true  sub2Visible = false  mMobileVisible = false  subscription = 1
D/MSimSignalClusterView( 1242): wifi: VISIBLE sig=2130837834 act=2130837826
D/MSimSignalClusterView( 1242): 1 sub1Visible = true  sub2Visible = false  mMobileVisible = false  subscription = 1
D/MSF.C.NetConnTag( 3155): [E]netRecv ssoSeq:-1684579432 uin:*7650 cmd:-316037937 -1684579089
D/Q.msg.TroopMsgProxy( 5330): [E]insertToList MessageRecord=friendUin:9205senderuin:6672,istroop:1,msgType:-1000,time:1437622435,shmsgseq:69225
W/Settings( 3155): Setting airplane_mode_on has moved from android.provider.Settings.System to android.provider.Settings.Global, returning read-only value.
W/Settings( 3155): Setting airplane_mode_on has moved from android.provider.Settings.System to android.provider.Settings.Global, returning read-only value.
W/beacon  ( 3155): onUserAction return false, because eventName:[actGroupPicDownloadV1] is not allowed in server strategy!
D/StatusBar.MSimNetworkController( 1242): refreshViews subscription =1mMSimDataConnected =false
D/StatusBar.MSimNetworkController( 1242): refreshViews mMSimDataActivity =0
D/StatusBar.MSimNetworkController( 1242): refreshViews: Data not connected!! Set no data type icon / Roaming for subscription: 1
D/StatusBar.MSimNetworkController( 1242): refreshViews connected={ wifi } level=1 mMSimcombinedSignalIconId=0x7f02014a/com.android.systemui:drawable/stat_sys_wifi_signal_4_fully mMSimcombinedActivityIconId=0x7f020143 mAirplaneMode=false mMSimDataActivity=0 mMSimPhoneSignalIconId=0x7f02013b mMSimDataDirectionIconId=0x0 mMSimDataSignalIconId=0x7f02013b mMSimDataTypeIconId=0x0 mNoMSimIconId=0x7f020123 mWifiIconId=0x7f02014a mBluetoothTetherIconId=0x1080664
D/MSimSignalClusterView( 1242): wifi: VISIBLE sig=2130837834 act=2130837827
D/MSimSignalClusterView( 1242): 1 sub1Visible = true  sub2Visible = false  mMobileVisible = false  subscription = 1
D/MSimSignalClusterView( 1242): wifi: VISIBLE sig=2130837834 act=2130837827
D/MSimSignalClusterView( 1242): 1 sub1Visible = true  sub2Visible = false  mMobileVisible = false  subscription = 1
D/MSimSignalClusterView( 1242): wifi: VISIBLE sig=2130837834 act=2130837827
D/MSimSignalClusterView( 1242): 1 sub1Visible = true  sub2Visible = false  mMobileVisible = false  subscription = 1
D/MSimSignalClusterView( 1242): wifi: VISIBLE sig=2130837834 act=2130837827
D/MSimSignalClusterView( 1242): 1 sub1Visible = true  sub2Visible = false  mMobileVisible = false  subscription = 1
D/MSimSignalClusterView( 1242): wifi: VISIBLE sig=2130837834 act=2130837827
D/MSimSignalClusterView( 1242): 1 sub1Visible = true  sub2Visible = false  mMobileVisible = false  subscription = 1
D/MSimSignalClusterView( 1242): wifi: VISIBLE sig=2130837834 act=2130837827
D/MSimSignalClusterView( 1242): 1 sub1Visible = true  sub2Visible = false  mMobileVisible = false  subscription = 1
D/MSimSignalClusterView( 1242): wifi: VISIBLE sig=2130837834 act=2130837827
D/MSimSignalClusterView( 1242): 1 sub1Visible = true  sub2Visible = false  mMobileVisible = false  subscription = 1
D/MSimSignalClusterView( 1242): wifi: VISIBLE sig=2130837834 act=2130837827
D/MSimSignalClusterView( 1242): 1 sub1Visible = true  sub2Visible = false  mMobileVisible = false  subscription = 1
I/AmSmartShowFuncsImpl( 1143):  shouldUseLocalConfiguration for app ProcessRecord{421e2558 1406:com.baidu.input/u0a90}
I/AmSmartShowFuncsImpl( 1143):  shouldUseLocalConfiguration for app ProcessRecord{421e2558 1406:com.baidu.input/u0a90}
W/SmartShowManagerService( 1143): can not find stack id for pid: 25424
I/LocationService(26922): onStartCommand
V/AlarmManager( 1143): Checking for alarms... rtc=1437622437035, elapsed=78598822
V/AlarmManager( 1143): Adding Alarm{4475bc38 type 2 com.broadlink.auxair} to Batch{42c64ea0 num=2 start=78630406 end=78630406}
V/AlarmManager( 1143):     => now Batch{42c64ea0 num=2 start=78630406 end=78630406}
V/AlarmManager( 1143): sending alarm Alarm{44edbb20 type 2 com.broadlink.auxair}
I/PowerManager( 1143):  acquire wake lock at time 2015-07-23 11:33:57 wakeLock  :flags = 1 tag= AlarmManager count = 1 refcounted= true mHeld= true
V/AlarmManager( 1143): sending alarm Alarm{44edbbf8 type 2 com.hexin.plat.android}
I/AlarmManager( 1143): [timer]  setRepeating: 
I/AlarmManager( 1143): [timer]   !!!take care!!!, it is a wakeup timer(type=0/2).
I/AlarmManager( 1143): [timer]   --type = 2
I/PowerManager( 1143):  release wake lock at time 2015-07-23 11:33:57 wakeLock  :flags = 1 tag= AlarmManager count = 0 refcounted= true mHeld= false
I/AlarmManager( 1143): [timer]   --current time = 2015-07-23 11:33:57
I/AlarmManager( 1143): [timer]   --trigger time = 2015-07-23 11:38:57
I/AlarmManager( 1143): [timer]   --trigger after 300000ms from now.
I/AlarmManager( 1143): [timer]   --interval = 300000
I/AlarmManager( 1143): [timer]   --operation = PendingIntent{41d16c48: PendingIntentRecord{42405938 com.hexin.plat.android startService}}
I/AlarmManager( 1143): [timer]   --target package = com.hexin.plat.android
V/AlarmManager( 1143): set(PendingIntent{41d16c48: PendingIntentRecord{42405938 com.hexin.plat.android startService}}) : type=2 triggerAtTime=78898843 win=0 tElapsed=78898843 maxElapsed=78898843 interval=300000 standalone=false
V/AlarmManager( 1143): remove(operation) changed bounds; rebatching
V/AlarmManager( 1143): Adding Alarm{45a1f898 type 0 com.taobao.taobao} to Batch{45a1f810 num=2 start=78624255 end=78646755}
V/AlarmManager( 1143):     => now Batch{45a1f810 num=2 start=78630405 end=78630405}
V/AlarmManager( 1143): Adding Alarm{42b9d728 type 3 com.tencent.android.qqdownloader} to Batch{42b9d6a0 num=2 start=78653050 end=78878050}
V/AlarmManager( 1143):     => now Batch{42b9d6a0 num=2 start=78660000 end=78795000}
V/AlarmManager( 1143): Adding Alarm{4487f120 type 2 com.tencent.pb} to Batch{42b9d6a0 num=3 start=78660000 end=78795000}
V/AlarmManager( 1143):     => now Batch{42b9d6a0 num=3 start=78683233 end=78683233}
V/AlarmManager( 1143): Adding Alarm{4487f9c0 type 1 com.wandoujia.phoenix2} to Batch{42b9d6a0 num=4 start=78683233 end=78683233}
V/AlarmManager( 1143):     => now Batch{42b9d6a0 num=4 start=78683233 end=78683233}
V/AlarmManager( 1143): Adding Alarm{42d33258 type 0 com.shuame.mobile} to Batch{42d331d0 num=2 start=78746237 end=80621237}
V/AlarmManager( 1143):     => now Batch{42d331d0 num=2 start=78746237 end=78758886}
V/AlarmManager( 1143): Adding Alarm{42d33ae0 type 0 com.tencent.portfolio} to Batch{42d331d0 num=3 start=78746237 end=78758886}
V/AlarmManager( 1143):     => now Batch{42d331d0 num=3 start=78746237 end=78758886}
V/AlarmManager( 1143): Adding Alarm{43909e18 type 0 fm.qingting.qtradio} to Batch{42d331d0 num=4 start=78746237 end=78758886}
V/AlarmManager( 1143):     => now Batch{42d331d0 num=4 start=78746237 end=78758886}
V/AlarmManager( 1143): Adding Alarm{4390a6e8 type 0 com.Qunar} to Batch{42d331d0 num=5 start=78746237 end=78758886}
V/AlarmManager( 1143):     => now Batch{42d331d0 num=5 start=78746237 end=78758886}
V/AlarmManager( 1143): Adding Alarm{4479e298 type 0 com.Qunar} to Batch{42d331d0 num=6 start=78746237 end=78758886}
V/AlarmManager( 1143):     => now Batch{42d331d0 num=6 start=78746237 end=78758886}
V/AlarmManager( 1143): Adding Alarm{4479ecb0 type 0 com.baidu.BaiduMap} to Batch{4479ec28 num=2 start=78778277 end=78778277}
V/AlarmManager( 1143):     => now Batch{4479ec28 num=2 start=78778277 end=78778277}
V/AlarmManager( 1143): Adding Alarm{438a3560 type 0 com.tencent.qqpimsecure} to Batch{438a34d8 num=2 start=78814389 end=78976045}
V/AlarmManager( 1143):     => now Batch{438a34d8 num=2 start=78839168 end=78839168}
V/AlarmManager( 1143): Adding Alarm{44fcdea8 type 3 com.tencent.android.qqdownloader} to Batch{44fcde20 num=2 start=79224404 end=81609404}
V/AlarmManager( 1143):     => now Batch{44fcde20 num=2 start=79224442 end=79224442}
V/AlarmManager( 1143): Adding Alarm{44fce818 type 1 com.tencent.pb} to Batch{44fcde20 num=3 start=79224442 end=79224442}
V/AlarmManager( 1143):     => now Batch{44fcde20 num=3 start=79224442 end=79224442}
V/AlarmManager( 1143): Adding Alarm{446f86c0 type 0 com.tencent.mm} to Batch{446f8638 num=2 start=79226227 end=80576227}
V/AlarmManager( 1143):     => now Batch{446f8638 num=2 start=79253043 end=79928043}
V/AlarmManager( 1143): Adding Alarm{446f8ef0 type 0 com.android.providers.calendar} to Batch{446f8638 num=3 start=79253043 end=79928043}
V/AlarmManager( 1143):     => now Batch{446f8638 num=3 start=79406831 end=79406831}
V/AlarmManager( 1143): Adding Alarm{44819bd8 type 0 com.tencent.android.qqdownloader} to Batch{44819b50 num=2 start=79877787 end=79877787}
V/AlarmManager( 1143):     => now Batch{44819b50 num=2 start=79877787 end=79877787}
V/AlarmManager( 1143): Adding Alarm{42d53fc8 type 0 com.tencent.android.qqdownloader} to Batch{44819b50 num=3 start=79877787 end=79877787}
V/AlarmManager( 1143):     => now Batch{44819b50 num=3 start=79877787 end=79877787}
V/AlarmManager( 1143): Adding Alarm{42d54ae8 type 2 android} to Batch{42d54a60 num=2 start=80207225 end=81557225}
V/AlarmManager( 1143):     => now Batch{42d54a60 num=2 start=81159930 end=81159930}
V/AlarmManager( 1143): Adding Alarm{448ee010 type 0 cn.nubia.encryptassistant} to Batch{42d54a60 num=3 start=81159930 end=81159930}
V/AlarmManager( 1143):     => now Batch{42d54a60 num=3 start=81159930 end=81159930}
V/AlarmManager( 1143): Adding Alarm{448eea58 type 0 com.tencent.android.qqdownloader} to Batch{448ee9d0 num=2 start=82257787 end=82257787}
V/AlarmManager( 1143):     => now Batch{448ee9d0 num=2 start=82257787 end=82257787}
V/AlarmManager( 1143): Adding Alarm{448eec90 type 0 com.tencent.android.qqdownloader} to Batch{448ee9d0 num=3 start=82257787 end=82257787}
V/AlarmManager( 1143):     => now Batch{448ee9d0 num=3 start=82257787 end=82257787}
V/AlarmManager( 1143): Adding Alarm{42cc0f18 type 0 com.qualcomm.services.location} to Batch{42cc0e90 num=2 start=86431339 end=108031339}
V/AlarmManager( 1143):     => now Batch{42cc0e90 num=2 start=86467113 end=92368312}
V/AlarmManager( 1143): Adding Alarm{42cc1870 type 0 fm.qingting.qtradio} to Batch{42cc0e90 num=3 start=86467113 end=92368312}
V/AlarmManager( 1143):     => now Batch{42cc0e90 num=3 start=86522137 end=92368312}
V/AlarmManager( 1143): Adding Alarm{447e72e0 type 0 com.tencent.mobileqq} to Batch{42cc0e90 num=4 start=86522137 end=92368312}
V/AlarmManager( 1143):     => now Batch{42cc0e90 num=4 start=87361787 end=87361787}
V/AlarmManager( 1143): Adding Alarm{44ccb720 type 1 com.wandoujia.phoenix2} to Batch{44ccb698 num=2 start=105361787 end=125433992}
V/AlarmManager( 1143):     => now Batch{44ccb698 num=2 start=109281107 end=109281107}
V/AlarmManager( 1143): Adding Alarm{44ccc528 type 1 com.tencent.qqpimsecure} to Batch{44ccc4a0 num=2 start=134782704 end=199582704}
V/AlarmManager( 1143):     => now Batch{44ccc4a0 num=2 start=155897617 end=155897617}
V/AlarmManager( 1143): Adding Alarm{44eda458 type 0 com.tencent.android.qqdownloader} to Batch{44eda3d0 num=2 start=160986897 end=222777934}
V/AlarmManager( 1143):     => now Batch{44eda3d0 num=2 start=162245787 end=162245787}
V/AlarmManager( 1143): Adding Alarm{44844580 type 0 com.tencent.android.qqdownloader} to Batch{44eda3d0 num=3 start=162245787 end=162245787}
V/AlarmManager( 1143):     => now Batch{44eda3d0 num=3 start=162245787 end=162245787}
V/AlarmManager( 1143): Adding Alarm{448450a0 type 0 com.wandoujia.phoenix2} to Batch{44845018 num=2 start=185749312 end=250549312}
V/AlarmManager( 1143):     => now Batch{44845018 num=2 start=194111359 end=194111359}
V/AlarmManager( 1143): Adding Alarm{45ecafe8 type 1 com.tencent.qqpimsecure} to Batch{45ecaf60 num=2 start=934844959 end=1577029543}
V/AlarmManager( 1143):     => now Batch{45ecaf60 num=2 start=1373974182 end=1577029543}
V/AlarmManager( 1143): Checking for alarms... rtc=1437622437347, elapsed=78599134
V/AlarmManager( 1143): sending alarm Alarm{45a1f610 type 0 com.tencent.qqpimsecure}
I/PowerManager( 1143):  acquire wake lock at time 2015-07-23 11:33:57 wakeLock  :flags = 1 tag= AlarmManager count = 1 refcounted= true mHeld= true
I/AlarmManager( 1143): [timer]  remove: 
I/AlarmManager( 1143): [timer]   --operation = PendingIntent{44f2af38: PendingIntentRecord{42274688 com.tencent.qqpimsecure broadcastIntent}}
I/AlarmManager( 1143): [timer]   --target package = com.tencent.qqpimsecure
I/PowerManager( 1143):  release wake lock at time 2015-07-23 11:33:57 wakeLock  :flags = 1 tag= AlarmManager count = 0 refcounted= true mHeld= false
D/wpa_supplicant(25900): RX ctrl_iface - hexdump(len=11): 53 49 47 4e 41 4c 5f 50 4f 4c 4c
D/wpa_supplicant(25900): wlan0: Control interface command 'SIGNAL_POLL'
D/wpa_supplicant(25900): nl80211: survey data missing!
D/dalvikvm( 1312): GC_FOR_ALLOC freed 512K, 67% free 3863K/11576K, paused 10ms, total 10ms
I/AmSmartShowFuncsImpl( 1143):  shouldUseLocalConfiguration for app ProcessRecord{421e2558 1406:com.baidu.input/u0a90}
I/AmSmartShowFuncsImpl( 1143):  shouldUseLocalConfiguration for app ProcessRecord{421e2558 1406:com.baidu.input/u0a90}
W/SmartShowManagerService( 1143): can not find stack id for pid: 25424
V/AlarmManager( 1143): Checking for alarms... rtc=1437622439999, elapsed=78601786
V/AlarmManager( 1143): sending alarm Alarm{45a1f6e8 type 3 android}
V/AlarmManager( 1143): Received TIME_TICK alarm; rescheduling
I/PowerManager( 1143):  acquire wake lock at time 2015-07-23 11:34:00 wakeLock  :flags = 1 tag= AlarmManager count = 1 refcounted= true mHeld= true
I/PowerManager( 1143):  release wake lock at time 2015-07-23 11:34:00 wakeLock  :flags = 1 tag= AlarmManager count = 0 refcounted= true mHeld= false
D/wpa_supplicant(25900): p2p0: BSS: Remove id 1114 BSSID ec:26:ca:c2:91:da SSID '' due to wpa_bss_flush_by_age
D/wpa_supplicant(25900): CTRL_IFACE monitor send - hexdump(len=40): 2f 64 61 74 61 2f 6d 69 73 63 2f 77 69 66 69 2f 73 6f 63 6b 65 74 73 2f 77 70 61 5f 63 74 72 6c ...
D/wpa_supplicant(25900): p2p0: BSS: Remove id 1115 BSSID f8:0b:d0:09:cf:23 SSID '360wetdreams' due to wpa_bss_flush_by_age
D/wpa_supplicant(25900): CTRL_IFACE monitor send - hexdump(len=40): 2f 64 61 74 61 2f 6d 69 73 63 2f 77 69 66 69 2f 73 6f 63 6b 65 74 73 2f 77 70 61 5f 63 74 72 6c ...
D/wpa_supplicant(25900): WPS: AP f8:0b:d0:09:cf:23 type 0 deleted
D/wpa_supplicant(25900): p2p0: BSS: Remove id 1119 BSSID d4:ee:07:1f:8b:ca SSID 'MAILTEST' due to wpa_bss_flush_by_age
D/wpa_supplicant(25900): CTRL_IFACE monitor send - hexdump(len=40): 2f 64 61 74 61 2f 6d 69 73 63 2f 77 69 66 69 2f 73 6f 63 6b 65 74 73 2f 77 70 61 5f 63 74 72 6c ...
D/wpa_supplicant(25900): wlan0: BSS: Remove id 1048 BSSID ec:26:ca:c2:91:da SSID '' due to wpa_bss_flush_by_age
D/wpa_supplicant(25900): CTRL_IFACE monitor send - hexdump(len=40): 2f 64 61 74 61 2f 6d 69 73 63 2f 77 69 66 69 2f 73 6f 63 6b 65 74 73 2f 77 70 61 5f 63 74 72 6c ...
D/wpa_supplicant(25900): wlan0: BSS: Remove id 1049 BSSID f8:0b:d0:09:cf:23 SSID '360wetdreams' due to wpa_bss_flush_by_age
D/wpa_supplicant(25900): CTRL_IFACE monitor send - hexdump(len=40): 2f 64 61 74 61 2f 6d 69 73 63 2f 77 69 66 69 2f 73 6f 63 6b 65 74 73 2f 77 70 61 5f 63 74 72 6c ...
D/dalvikvm( 2256): GC_EXPLICIT freed 307K, 25% free 16327K/21736K, paused 2ms+5ms, total 65ms
W/CursorWrapperInner( 2256): Cursor finalized without prior close()
W/CursorWrapperInner( 2256): Cursor finalized without prior close()
W/CursorWrapperInner( 2256): Cursor finalized without prior close()
W/CursorWrapperInner( 2256): Cursor finalized without prior close()
W/CursorWrapperInner( 2256): Cursor finalized without prior close()
W/CursorWrapperInner( 2256): Cursor finalized without prior close()
W/CursorWrapperInner( 2256): Cursor finalized without prior close()
W/CursorWrapperInner( 2256): Cursor finalized without prior close()
W/CursorWrapperInner( 2256): Cursor finalized without prior close()
W/CursorWrapperInner( 2256): Cursor finalized without prior close()
W/CursorWrapperInner( 2256): Cursor finalized without prior close()
W/CursorWrapperInner( 2256): Cursor finalized without prior close()
W/CursorWrapperInner( 2256): Cursor finalized without prior close()
W/CursorWrapperInner( 2256): Cursor finalized without prior close()
W/CursorWrapperInner( 2256): Cursor finalized without prior close()
W/CursorWrapperInner( 2256): Cursor finalized without prior close()
W/CursorWrapperInner( 2256): Cursor finalized without prior close()
W/CursorWrapperInner( 2256): Cursor finalized without prior close()
W/CursorWrapperInner( 2256): Cursor finalized without prior close()
W/CursorWrapperInner( 2256): Cursor finalized without prior close()
W/CursorWrapperInner( 2256): Cursor finalized without prior close()
W/CursorWrapperInner( 2256): Cursor finalized without prior close()
W/CursorWrapperInner( 2256): Cursor finalized without prior close()
W/CursorWrapperInner( 2256): Cursor finalized without prior close()
W/CursorWrapperInner( 2256): Cursor finalized without prior close()
W/CursorWrapperInner( 2256): Cursor finalized without prior close()
W/CursorWrapperInner( 2256): Cursor finalized without prior close()
W/CursorWrapperInner( 2256): Cursor finalized without prior close()
W/CursorWrapperInner( 2256): Cursor finalized without prior close()
W/CursorWrapperInner( 2256): Cursor finalized without prior close()
D/StatusBar.MSimNetworkController( 1242): refreshViews subscription =1mMSimDataConnected =false
D/StatusBar.MSimNetworkController( 1242): refreshViews mMSimDataActivity =0
D/StatusBar.MSimNetworkController( 1242): refreshViews: Data not connected!! Set no data type icon / Roaming for subscription: 1
D/StatusBar.MSimNetworkController( 1242): refreshViews connected={ wifi } level=1 mMSimcombinedSignalIconId=0x7f02014a/com.android.systemui:drawable/stat_sys_wifi_signal_4_fully mMSimcombinedActivityIconId=0x7f020142 mAirplaneMode=false mMSimDataActivity=0 mMSimPhoneSignalIconId=0x7f02013b mMSimDataDirectionIconId=0x0 mMSimDataSignalIconId=0x7f02013b mMSimDataTypeIconId=0x0 mNoMSimIconId=0x7f020123 mWifiIconId=0x7f02014a mBluetoothTetherIconId=0x1080664
D/MSimSignalClusterView( 1242): wifi: VISIBLE sig=2130837834 act=2130837826
D/MSimSignalClusterView( 1242): 1 sub1Visible = true  sub2Visible = false  mMobileVisible = false  subscription = 1
D/MSimSignalClusterView( 1242): wifi: VISIBLE sig=2130837834 act=2130837826
D/MSimSignalClusterView( 1242): 1 sub1Visible = true  sub2Visible = false  mMobileVisible = false  subscription = 1
D/MSimSignalClusterView( 1242): wifi: VISIBLE sig=2130837834 act=2130837826
D/MSimSignalClusterView( 1242): 1 sub1Visible = true  sub2Visible = false  mMobileVisible = false  subscription = 1
I/AmSmartShowFuncsImpl( 1143):  shouldUseLocalConfiguration for app ProcessRecord{421e2558 1406:com.baidu.input/u0a90}
I/AmSmartShowFuncsImpl( 1143):  shouldUseLocalConfiguration for app ProcessRecord{421e2558 1406:com.baidu.input/u0a90}
W/SmartShowManagerService( 1143): can not find stack id for pid: 25424
D/MSimSignalClusterView( 1242): wifi: VISIBLE sig=2130837834 act=2130837826
D/MSimSignalClusterView( 1242): 1 sub1Visible = true  sub2Visible = false  mMobileVisible = false  subscription = 1
D/MSimSignalClusterView( 1242): wifi: VISIBLE sig=2130837834 act=2130837826
D/MSimSignalClusterView( 1242): 1 sub1Visible = true  sub2Visible = false  mMobileVisible = false  subscription = 1
D/MSimSignalClusterView( 1242): wifi: VISIBLE sig=2130837834 act=2130837826
D/MSimSignalClusterView( 1242): 1 sub1Visible = true  sub2Visible = false  mMobileVisible = false  subscription = 1
D/MSimSignalClusterView( 1242): wifi: VISIBLE sig=2130837834 act=2130837826
D/MSimSignalClusterView( 1242): 1 sub1Visible = true  sub2Visible = false  mMobileVisible = false  subscription = 1
D/MSimSignalClusterView( 1242): wifi: VISIBLE sig=2130837834 act=2130837826
D/MSimSignalClusterView( 1242): 1 sub1Visible = true  sub2Visible = false  mMobileVisible = false  subscription = 1
D/wpa_supplicant(25900): RX ctrl_iface - hexdump(len=11): 53 49 47 4e 41 4c 5f 50 4f 4c 4c
D/wpa_supplicant(25900): wlan0: Control interface command 'SIGNAL_POLL'
D/wpa_supplicant(25900): nl80211: survey data missing!
V/BreathinglightService( 1143): batteryConnectionReceiver plugged: 2 level:48
I/StatusBar.BatteryController( 1242): level=48 present=true plugType=2 health=2 status=2
I/StatusBar.BatteryController( 1242): level=48 present=true plugType=2 health=2 status=2
E/NBBattery( 1242): doBatteryRunnable isPluggedIn()true
V/BreathinglightService( 1143): batteryConnectionReceiver plugged: 2 level:48
I/StatusBar.BatteryController( 1242): level=48 present=true plugType=2 health=2 status=2
I/StatusBar.BatteryController( 1242): level=48 present=true plugType=2 health=2 status=2
E/NBBattery( 1242): doBatteryRunnable isPluggedIn()true
I/AmSmartShowFuncsImpl( 1143):  shouldUseLocalConfiguration for app ProcessRecord{421e2558 1406:com.baidu.input/u0a90}
I/AmSmartShowFuncsImpl( 1143):  shouldUseLocalConfiguration for app ProcessRecord{421e2558 1406:com.baidu.input/u0a90}
W/SmartShowManagerService( 1143): can not find stack id for pid: 25424
D/nubiatel:nubia.tel.extra( 1184): queryIpv6WhenOnlyIpv4Addr pid = 3155 uid = 10089 name = com.tencent.mobileqq
D/wpa_supplicant(25900): RX ctrl_iface - hexdump(len=11): 53 49 47 4e 41 4c 5f 50 4f 4c 4c
D/wpa_supplicant(25900): wlan0: Control interface command 'SIGNAL_POLL'
D/wpa_supplicant(25900): nl80211: survey data missing!
D/AndroidRuntime(28764): 
D/AndroidRuntime(28764): >>>>>> AndroidRuntime START com.android.internal.os.RuntimeInit <<<<<<
D/AndroidRuntime(28764): CheckJNI is OFF
I/dalvikvm(28764): DexOpt: mismatch dep name: '/data/dalvik-cache/system@framework@com.powermo.smartshow.jar@classes.dex' vs. '/system/framework/com.powermo.smartshow.odex'
E/dalvikvm(28764): /system/framework/safe_daemon.jar odex has stale dependencies
I/dalvikvm(28764): DexOpt: mismatch dep name: '/data/dalvik-cache/system@framework@com.powermo.smartshow.jar@classes.dex' vs. '/system/framework/com.powermo.smartshow.odex'
E/dalvikvm(28764): /system/framework/nproot.jar odex has stale dependencies
I/dalvikvm(28764): DexOpt: mismatch dep name: '/data/dalvik-cache/system@framework@com.powermo.smartshow.jar@classes.dex' vs. '/system/framework/com.powermo.smartshow.odex'
E/dalvikvm(28764): /system/framework/gesture.jar odex has stale dependencies
I/dalvikvm(28764): DexOpt: mismatch dep name: '/data/dalvik-cache/system@framework@com.powermo.smartshow.jar@classes.dex' vs. '/system/framework/com.powermo.smartshow.odex'
E/dalvikvm(28764): /system/framework/nubia-common.jar odex has stale dependencies
I/dalvikvm(28764): DexOpt: mismatch dep name: '/data/dalvik-cache/system@framework@com.powermo.smartshow.jar@classes.dex' vs. '/system/framework/com.powermo.smartshow.odex'
E/dalvikvm(28764): /system/framework/nubia-vibrate.jar odex has stale dependencies
I/dalvikvm(28764): DexOpt: mismatch dep name: '/data/dalvik-cache/system@framework@com.powermo.smartshow.jar@classes.dex' vs. '/system/framework/com.powermo.smartshow.odex'
E/dalvikvm(28764): /system/framework/nubia.jar odex has stale dependencies
I/dalvikvm(28764): DexOpt: mismatch dep name: '/data/dalvik-cache/system@framework@com.powermo.smartshow.jar@classes.dex' vs. '/system/framework/com.powermo.smartshow.odex'
E/dalvikvm(28764): /system/framework/nubiatel-common.jar odex has stale dependencies
I/dalvikvm(28764): DexOpt: mismatch dep name: '/data/dalvik-cache/system@framework@com.powermo.smartshow.jar@classes.dex' vs. '/system/framework/com.powermo.smartshow.odex'
E/dalvikvm(28764): /system/framework/telephony-config.jar odex has stale dependencies
D/dalvikvm(28764): Trying to load lib libjavacore.so 0x0
D/dalvikvm(28764): Added shared lib libjavacore.so 0x0
D/dalvikvm(28764): Trying to load lib libnativehelper.so 0x0
D/dalvikvm(28764): Added shared lib libnativehelper.so 0x0
D/dalvikvm(28764): No JNI_OnLoad found in libnativehelper.so 0x0, skipping init
I/dalvikvm(28764): DexOpt: mismatch dep name: '/data/dalvik-cache/system@framework@com.powermo.smartshow.jar@classes.dex' vs. '/system/framework/com.powermo.smartshow.odex'
E/dalvikvm(28764): /system/framework/am.jar odex has stale dependencies
D/dalvikvm(28764): Note: class Landroid/app/ActivityManagerNative; has 179 unimplemented (abstract) methods
D/StatusBar.MSimNetworkController( 1242): refreshViews subscription =1mMSimDataConnected =false
D/StatusBar.MSimNetworkController( 1242): refreshViews mMSimDataActivity =0
D/StatusBar.MSimNetworkController( 1242): refreshViews: Data not connected!! Set no data type icon / Roaming for subscription: 1
D/StatusBar.MSimNetworkController( 1242): refreshViews connected={ wifi } level=1 mMSimcombinedSignalIconId=0x7f02014a/com.android.systemui:drawable/stat_sys_wifi_signal_4_fully mMSimcombinedActivityIconId=0x7f020143 mAirplaneMode=false mMSimDataActivity=0 mMSimPhoneSignalIconId=0x7f02013b mMSimDataDirectionIconId=0x0 mMSimDataSignalIconId=0x7f02013b mMSimDataTypeIconId=0x0 mNoMSimIconId=0x7f020123 mWifiIconId=0x7f02014a mBluetoothTetherIconId=0x1080664
D/MSimSignalClusterView( 1242): wifi: VISIBLE sig=2130837834 act=2130837827
